Component: ARM Compiler 5.06 update 1 (build 61) Tool: armlink [4d35a8]

==============================================================================

Section Cross References

    main.o(i.assert_nrf_callback) refers to app_error_handler_keil.o(.emb_text) for app_error_handler
    main.o(i.ble_evt_handler) refers to main.o(i.on_adv_report) for on_adv_report
    main.o(i.ble_evt_handler) refers to main.o(i.disable_connect_led) for disable_connect_led
    main.o(i.ble_evt_handler) refers to app_error_handler_keil.o(.emb_text) for app_error_handler
    main.o(i.ble_evt_handler) refers to ble_lbs_c.o(i.ble_lbs_c_handles_assign) for ble_lbs_c_handles_assign
    main.o(i.ble_evt_handler) refers to main.o(i.nrf_gpio_pin_clear) for nrf_gpio_pin_clear
    main.o(i.ble_evt_handler) refers to ble_db_discovery.o(i.ble_db_discovery_start) for ble_db_discovery_start
    main.o(i.ble_evt_handler) refers to boards.o(i.bsp_board_led_on) for bsp_board_led_on
    main.o(i.ble_evt_handler) refers to ble_conn_state.o(i.ble_conn_state_central_conn_count) for ble_conn_state_central_conn_count
    main.o(i.ble_evt_handler) refers to main.o(i.scan_start) for scan_start
    main.o(i.ble_evt_handler) refers to boards.o(i.bsp_board_led_off) for bsp_board_led_off
    main.o(i.ble_evt_handler) refers to app_button.o(i.app_button_disable) for app_button_disable
    main.o(i.ble_evt_handler) refers to main.o(.data) for .data
    main.o(i.ble_evt_handler) refers to main.o(.bss) for .bss
    main.o(i.ble_evt_handler) refers to main.o(i.event_of_b) for event_of_b
    main.o(i.ble_evt_handler) refers to main.o(i.event_of_b1) for event_of_b1
    main.o(i.ble_evt_handler) refers to main.o(i.event_of_b2) for event_of_b2
    main.o(i.ble_evt_handler) refers to main.o(i.event_of_b3) for event_of_b3
    main.o(i.ble_stack_init) refers to nrf_sdh.o(i.nrf_sdh_enable_request) for nrf_sdh_enable_request
    main.o(i.ble_stack_init) refers to app_error_handler_keil.o(.emb_text) for app_error_handler
    main.o(i.ble_stack_init) refers to nrf_sdh_ble.o(i.nrf_sdh_ble_default_cfg_set) for nrf_sdh_ble_default_cfg_set
    main.o(i.ble_stack_init) refers to nrf_sdh_ble.o(i.nrf_sdh_ble_enable) for nrf_sdh_ble_enable
    main.o(i.ble_stack_init) refers to main.o(i.main) for i.main
    main.o(i.button_event_handler) refers to app_error_handler_keil.o(.emb_text) for app_error_handler
    main.o(i.button_event_handler) refers to main.o(i.led_status_send_to_two) for led_status_send_to_two
    main.o(i.db_disc_handler) refers to ble_lbs_c.o(i.ble_lbs_on_db_disc_evt) for ble_lbs_on_db_disc_evt
    main.o(i.db_disc_handler) refers to main.o(.bss) for .bss
    main.o(i.disable_connect_led) refers to main.o(i.nrf_gpio_pin_set) for nrf_gpio_pin_set
    main.o(i.disable_connect_led) refers to main.o(.data) for .data
    main.o(i.event_of_b) refers to board_rtc.o(i.RTC_GetTime) for RTC_GetTime
    main.o(i.event_of_b) refers to printf6.o(i.__0sprintf$6) for __2sprintf
    main.o(i.event_of_b) refers to app_uart_fifo.o(i.app_uart_put) for app_uart_put
    main.o(i.event_of_b) refers to app_button.o(i.app_button_enable) for app_button_enable
    main.o(i.event_of_b) refers to app_error_handler_keil.o(.emb_text) for app_error_handler
    main.o(i.event_of_b) refers to ble_lbs_c.o(i.ble_lbs_c_button_notif_enable) for ble_lbs_c_button_notif_enable
    main.o(i.event_of_b1) refers to board_rtc.o(i.RTC_GetTime) for RTC_GetTime
    main.o(i.event_of_b1) refers to printf6.o(i.__0sprintf$6) for __2sprintf
    main.o(i.event_of_b1) refers to app_uart_fifo.o(i.app_uart_put) for app_uart_put
    main.o(i.event_of_b1) refers to app_button.o(i.app_button_enable) for app_button_enable
    main.o(i.event_of_b1) refers to app_error_handler_keil.o(.emb_text) for app_error_handler
    main.o(i.event_of_b1) refers to ble_lbs_c.o(i.ble_lbs_c_button_notif_enable) for ble_lbs_c_button_notif_enable
    main.o(i.event_of_b2) refers to board_rtc.o(i.RTC_GetTime) for RTC_GetTime
    main.o(i.event_of_b2) refers to printf6.o(i.__0sprintf$6) for __2sprintf
    main.o(i.event_of_b2) refers to app_uart_fifo.o(i.app_uart_put) for app_uart_put
    main.o(i.event_of_b2) refers to app_button.o(i.app_button_enable) for app_button_enable
    main.o(i.event_of_b2) refers to app_error_handler_keil.o(.emb_text) for app_error_handler
    main.o(i.event_of_b2) refers to ble_lbs_c.o(i.ble_lbs_c_button_notif_enable) for ble_lbs_c_button_notif_enable
    main.o(i.event_of_b3) refers to board_rtc.o(i.RTC_GetTime) for RTC_GetTime
    main.o(i.event_of_b3) refers to printf6.o(i.__0sprintf$6) for __2sprintf
    main.o(i.event_of_b3) refers to app_uart_fifo.o(i.app_uart_put) for app_uart_put
    main.o(i.event_of_b3) refers to app_button.o(i.app_button_enable) for app_button_enable
    main.o(i.event_of_b3) refers to app_error_handler_keil.o(.emb_text) for app_error_handler
    main.o(i.event_of_b3) refers to ble_lbs_c.o(i.ble_lbs_c_button_notif_enable) for ble_lbs_c_button_notif_enable
[...]
    i.rtcCallbackFunc                        0x0002a2c8   Section        0  board_rtc.o(i.rtcCallbackFunc)
    rtcCallbackFunc                          0x0002a2c9   Thumb Code    18  board_rtc.o(i.rtcCallbackFunc)
    i.rx_byte                                0x0002a2e0   Section        0  nrfx_uart.o(i.rx_byte)
    rx_byte                                  0x0002a2e1   Thumb Code    50  nrfx_uart.o(i.rx_byte)
    i.rx_done_event                          0x0002a312   Section        0  nrfx_uart.o(i.rx_done_event)
    rx_done_event                            0x0002a313   Thumb Code    22  nrfx_uart.o(i.rx_done_event)
    i.rx_done_event                          0x0002a328   Section        0  nrfx_uarte.o(i.rx_done_event)
    rx_done_event                            0x0002a329   Thumb Code    24  nrfx_uarte.o(i.rx_done_event)
    i.rx_enable                              0x0002a340   Section        0  nrfx_uart.o(i.rx_enable)
    rx_enable                                0x0002a341   Thumb Code    32  nrfx_uart.o(i.rx_enable)
    i.scan_start                             0x0002a360   Section        0  main.o(i.scan_start)
    scan_start                               0x0002a361   Thumb Code    14  main.o(i.scan_start)
    i.sd_state_evt_handler                   0x0002a378   Section        0  nrf_drv_clock.o(i.sd_state_evt_handler)
    sd_state_evt_handler                     0x0002a379   Thumb Code    76  nrf_drv_clock.o(i.sd_state_evt_handler)
    i.sdh_request_observer_notify            0x0002a3c8   Section        0  nrf_sdh.o(i.sdh_request_observer_notify)
    sdh_request_observer_notify              0x0002a3c9   Thumb Code    44  nrf_sdh.o(i.sdh_request_observer_notify)
    i.sdh_state_observer_notify              0x0002a3f8   Section        0  nrf_sdh.o(i.sdh_state_observer_notify)
    sdh_state_observer_notify                0x0002a3f9   Thumb Code    38  nrf_sdh.o(i.sdh_state_observer_notify)
    i.soc_evt_handler                        0x0002a424   Section        0  nrf_drv_clock.o(i.soc_evt_handler)
    soc_evt_handler                          0x0002a425   Thumb Code    18  nrf_drv_clock.o(i.soc_evt_handler)
    i.softdevice_evt_irq_disable             0x0002a43c   Section        0  nrf_sdh.o(i.softdevice_evt_irq_disable)
    softdevice_evt_irq_disable               0x0002a43d   Thumb Code    56  nrf_sdh.o(i.softdevice_evt_irq_disable)
    i.softdevices_evt_irq_enable             0x0002a4b4   Section        0  nrf_sdh.o(i.softdevices_evt_irq_enable)
    softdevices_evt_irq_enable               0x0002a4b5   Thumb Code    84  nrf_sdh.o(i.softdevices_evt_irq_enable)
    i.timer_list_handler                     0x0002a54c   Section        0  app_timer.o(i.timer_list_handler)
    timer_list_handler                       0x0002a54d   Thumb Code   122  app_timer.o(i.timer_list_handler)
    i.timer_list_insert                      0x0002a5cc   Section        0  app_timer.o(i.timer_list_insert)
    timer_list_insert                        0x0002a5cd   Thumb Code    56  app_timer.o(i.timer_list_insert)
    i.timer_list_remove                      0x0002a608   Section        0  app_timer.o(i.timer_list_remove)
    timer_list_remove                        0x0002a609   Thumb Code    88  app_timer.o(i.timer_list_remove)
    i.timer_stop_op_schedule                 0x0002a668   Section        0  app_timer.o(i.timer_stop_op_schedule)
    timer_stop_op_schedule                   0x0002a669   Thumb Code    68  app_timer.o(i.timer_stop_op_schedule)
    i.timer_timeouts_check                   0x0002a6b0   Section        0  app_timer.o(i.timer_timeouts_check)
    timer_timeouts_check                     0x0002a6b1   Thumb Code   106  app_timer.o(i.timer_timeouts_check)
    i.tx_buffer_process                      0x0002a724   Section        0  ble_lbs_c.o(i.tx_buffer_process)
    tx_buffer_process                        0x0002a725   Thumb Code    62  ble_lbs_c.o(i.tx_buffer_process)
    i.tx_byte                                0x0002a76c   Section        0  nrfx_uart.o(i.tx_byte)
    tx_byte                                  0x0002a76d   Thumb Code    32  nrfx_uart.o(i.tx_byte)
    i.tx_done_event                          0x0002a78c   Section        0  nrfx_uart.o(i.tx_done_event)
    tx_done_event                            0x0002a78d   Thumb Code    26  nrfx_uart.o(i.tx_done_event)
    i.uart_event_handle                      0x0002a7a8   Section        0  main.o(i.uart_event_handle)
    i.uart_event_handler                     0x0002a7ec   Section        0  app_uart_fifo.o(i.uart_event_handler)
    uart_event_handler                       0x0002a7ed   Thumb Code   152  app_uart_fifo.o(i.uart_event_handler)
    i.uart_evt_handler                       0x0002a88c   Section        0  nrf_drv_uart.o(i.uart_evt_handler)
    uart_evt_handler                         0x0002a88d   Thumb Code    42  nrf_drv_uart.o(i.uart_evt_handler)
    i.uart_irq_handler                       0x0002a8bc   Section        0  nrfx_uart.o(i.uart_irq_handler)
    uart_irq_handler                         0x0002a8bd   Thumb Code   296  nrfx_uart.o(i.uart_irq_handler)
    i.uarte_evt_handler                      0x0002a9e4   Section        0  nrf_drv_uart.o(i.uarte_evt_handler)
    uarte_evt_handler                        0x0002a9e5   Thumb Code    42  nrf_drv_uart.o(i.uarte_evt_handler)
    i.uarte_irq_handler                      0x0002aa14   Section        0  nrfx_uarte.o(i.uarte_irq_handler)
    uarte_irq_handler                        0x0002aa15   Thumb Code   244  nrfx_uarte.o(i.uarte_irq_handler)
    i.user_op_alloc                          0x0002ab08   Section        0  app_timer.o(i.user_op_alloc)
    user_op_alloc                            0x0002ab09   Thumb Code    42  app_timer.o(i.user_op_alloc)
    .constdata                               0x0002ab38   Section       48  main.o(.constdata)
    m_connection_param                       0x0002ab38   Data           8  main.o(.constdata)
    m_scan_params                            0x0002ab40   Data          14  main.o(.constdata)
    .constdata                               0x0002ab68   Section       16  board_rtc.o(.constdata)
    s_rtcHandle                              0x0002ab70   Data           8  board_rtc.o(.constdata)
    .constdata                               0x0002ab78   Section        8  boards.o(.constdata)
    m_board_led_list                         0x0002ab78   Data           4  boards.o(.constdata)
    m_board_btn_list                         0x0002ab7c   Data           4  boards.o(.constdata)
    .constdata                               0x0002ab80   Section      124  ble_db_discovery.o(.constdata)
    .constdata                               0x0002abfc   Section       22  nrf_ble_gatt.o(.constdata)
    .constdata                               0x0002ac14   Section       28  ble_lbs_c.o(.constdata)
    .constdata                               0x0002ac30   Section        8  nrfx_gpiote.o(.constdata)
    .constdata                               0x0002ac38   Section        4  nrfx_uart.o(.constdata)
    irq_handlers                             0x0002ac38   Data           4  nrfx_uart.o(.constdata)
    .constdata                               0x0002ac3c   Section        4  nrfx_uarte.o(.constdata)
    irq_handlers                             0x0002ac3c   Data           4  nrfx_uarte.o(.constdata)
    .constdata                               0x0002ac40   Section        8  app_button.o(.constdata)
    m_detection_delay_timer_id               0x0002ac44   Data           4  app_button.o(.constdata)
    .constdata                               0x0002ac50   Section        6  app_timer.o(.constdata)
    delay_bytecode                           0x0002ac50   Data           6  app_timer.o(.constdata)
    .constdata                               0x0002ac58   Section       16  nrf_fstorage_sd.o(.constdata)
    m_fifo                                   0x0002ac58   Data           4  nrf_fstorage_sd.o(.constdata)
    m_flash_info                             0x0002ac5c   Data          12  nrf_fstorage_sd.o(.constdata)
    .constdata                               0x0002ac68   Section       24  nrf_pwr_mgmt.o(.constdata)
    pwr_mgmt_data_array                      0x0002ac68   Data          24  nrf_pwr_mgmt.o(.constdata)
    .constdata                               0x0002ac80   Section       12  nrf_pwr_mgmt.o(.constdata)
    pwr_mgmt_data                            0x0002ac80   Data          12  nrf_pwr_mgmt.o(.constdata)
    .constdata                               0x0002ac8c   Section       32  app_uart_fifo.o(.constdata)
    .constdata                               0x0002acac   Section       16  nrf_sdh.o(.constdata)
    sdh_req_observers_array                  0x0002acac   Data          16  nrf_sdh.o(.constdata)
    .constdata                               0x0002acbc   Section       40  nrf_sdh.o(.constdata)
    sdh_req_observers                        0x0002acc0   Data          12  nrf_sdh.o(.constdata)
    sdh_state_observers                      0x0002accc   Data          12  nrf_sdh.o(.constdata)
    sdh_stack_observers                      0x0002acd8   Data          12  nrf_sdh.o(.constdata)
    .constdata                               0x0002ace4   Section       16  nrf_sdh.o(.constdata)
    sdh_state_observers_array                0x0002ace4   Data          16  nrf_sdh.o(.constdata)
    .constdata                               0x0002acf4   Section       16  nrf_sdh.o(.constdata)
    sdh_stack_observers_array                0x0002acf4   Data          16  nrf_sdh.o(.constdata)
    .constdata                               0x0002ad04   Section       32  nrf_sdh_ble.o(.constdata)
    sdh_ble_observers_array                  0x0002ad04   Data          32  nrf_sdh_ble.o(.constdata)
    .constdata                               0x0002ad24   Section       16  nrf_sdh_ble.o(.constdata)
    sdh_ble_observers                        0x0002ad28   Data          12  nrf_sdh_ble.o(.constdata)
    .constdata                               0x0002ad34   Section       16  nrf_sdh_soc.o(.constdata)
    sdh_soc_observers_array                  0x0002ad34   Data          16  nrf_sdh_soc.o(.constdata)
    .constdata                               0x0002ad44   Section       12  nrf_sdh_soc.o(.constdata)
    sdh_soc_observers                        0x0002ad44   Data          12  nrf_sdh_soc.o(.constdata)
    .conststring                             0x0002ad50   Section       46  main.o(.conststring)
    sdh_ble_observers0                       0x0002ada0   Section        8  ble_conn_state.o(sdh_ble_observers0)
    __tagsym$$used                           0x0002ada0   Number         0  ble_conn_state.o(sdh_ble_observers0)
    m_ble_evt_observer                       0x0002ada0   Data           8  ble_conn_state.o(sdh_ble_observers0)
    sdh_ble_observers1                       0x0002ada8   Section       40  main.o(sdh_ble_observers1)
    __tagsym$$used                           0x0002ada8   Number         0  main.o(sdh_ble_observers1)
    m_gatt_obs                               0x0002ada8   Data           8  main.o(sdh_ble_observers1)
    __tagsym$$used                           0x0002adb0   Number         0  main.o(sdh_ble_observers1)
    m_db_disc_obs                            0x0002adb0   Data          32  main.o(sdh_ble_observers1)
    sdh_ble_observers1                       0x0002add0   Section        8  bsp_btn_ble.o(sdh_ble_observers1)
    __tagsym$$used                           0x0002add0   Number         0  bsp_btn_ble.o(sdh_ble_observers1)
    m_ble_observer                           0x0002add0   Data           8  bsp_btn_ble.o(sdh_ble_observers1)
    sdh_ble_observers2                       0x0002add8   Section       32  main.o(sdh_ble_observers2)
    __tagsym$$used                           0x0002add8   Number         0  main.o(sdh_ble_observers2)
    m_lbs_c_obs                              0x0002add8   Data          32  main.o(sdh_ble_observers2)
    sdh_ble_observers3                       0x0002adf8   Section        8  main.o(sdh_ble_observers3)
    __tagsym$$used                           0x0002adf8   Number         0  main.o(sdh_ble_observers3)
    m_ble_observer                           0x0002adf8   Data           8  main.o(sdh_ble_observers3)
    sdh_req_observers0                       0x0002ae00   Section        8  nrf_fstorage_sd.o(sdh_req_observers0)
    __tagsym$$used                           0x0002ae00   Number         0  nrf_fstorage_sd.o(sdh_req_observers0)
    sdh_soc_observers0                       0x0002ae08   Section        8  nrf_drv_clock.o(sdh_soc_observers0)
    __tagsym$$used                           0x0002ae08   Number         0  nrf_drv_clock.o(sdh_soc_observers0)
    m_soc_evt_observer                       0x0002ae08   Data           8  nrf_drv_clock.o(sdh_soc_observers0)
    sdh_soc_observers0                       0x0002ae10   Section        8  nrf_fstorage_sd.o(sdh_soc_observers0)
    __tagsym$$used                           0x0002ae10   Number         0  nrf_fstorage_sd.o(sdh_soc_observers0)
    m_sys_obs                                0x0002ae10   Data           8  nrf_fstorage_sd.o(sdh_soc_observers0)
    sdh_stack_observers0                     0x0002ae18   Section        8  nrf_sdh_ble.o(sdh_stack_observers0)
    __tagsym$$used                           0x0002ae18   Number         0  nrf_sdh_ble.o(sdh_stack_observers0)
    m_nrf_sdh_ble_evts_poll                  0x0002ae18   Data           8  nrf_sdh_ble.o(sdh_stack_observers0)
    sdh_stack_observers0                     0x0002ae20   Section        8  nrf_sdh_soc.o(sdh_stack_observers0)
    __tagsym$$used                           0x0002ae20   Number         0  nrf_sdh_soc.o(sdh_stack_observers0)
    m_nrf_sdh_soc_evts_poll                  0x0002ae20   Data           8  nrf_sdh_soc.o(sdh_stack_observers0)
    sdh_state_observers0                     0x0002ae28   Section        8  nrf_drv_clock.o(sdh_state_observers0)
    __tagsym$$used                           0x0002ae28   Number         0  nrf_drv_clock.o(sdh_state_observers0)
    m_sd_state_observer                      0x0002ae28   Data           8  nrf_drv_clock.o(sdh_state_observers0)
    sdh_state_observers0                     0x0002ae30   Section        8  nrf_fstorage_sd.o(sdh_state_observers0)
    __tagsym$$used                           0x0002ae30   Number         0  nrf_fstorage_sd.o(sdh_state_observers0)
    m_state_obs                              0x0002ae30   Data           8  nrf_fstorage_sd.o(sdh_state_observers0)
    .data                                    0x200047d8   Section     2920  main.o(.data)
    index                                    0x200047da   Data           2  main.o(.data)
    m_target_periph_name                     0x200047dc   Data           4  main.o(.data)
    m_target_periph_name1                    0x200047e0   Data           4  main.o(.data)
    m_target_periph_name2                    0x200047e4   Data           4  main.o(.data)
    m_target_periph_name3                    0x200047e8   Data           4  main.o(.data)
    m_scan_buffer                            0x200047f8   Data           8  main.o(.data)
    m_db_disc                                0x20004800   Data        2864  main.o(.data)
    buttons                                  0x20005330   Data          16  main.o(.data)
    .data                                    0x20005340   Section        4  board_rtc.o(.data)
    .data                                    0x20005344   Section        8  bsp_btn_ble.o(.data)
    m_error_handler                          0x20005344   Data           4  bsp_btn_ble.o(.data)
    m_num_connections                        0x20005348   Data           4  bsp_btn_ble.o(.data)
    .data                                    0x2000534c   Section       16  ble_db_discovery.o(.data)
    m_initialized                            0x2000534c   Data           1  ble_db_discovery.o(.data)
    m_evt_handler                            0x20005350   Data           4  ble_db_discovery.o(.data)
    m_pending_usr_evt_index                  0x20005354   Data           4  ble_db_discovery.o(.data)
    m_num_of_handlers_reg                    0x20005358   Data           4  ble_db_discovery.o(.data)
    .data                                    0x2000535c   Section        8  ble_lbs_c.o(.data)
    m_tx_insert_index                        0x2000535c   Data           4  ble_lbs_c.o(.data)
    m_tx_index                               0x20005360   Data           4  ble_lbs_c.o(.data)
    .data                                    0x20005364   Section       20  nrf_drv_uart.o(.data)
    m_handlers                               0x20005368   Data           8  nrf_drv_uart.o(.data)
    m_contexts                               0x20005370   Data           8  nrf_drv_uart.o(.data)
    .data                                    0x20005378   Section        8  nrfx_clock.o(.data)
    m_clock_cb                               0x20005378   Data           8  nrfx_clock.o(.data)
    .data                                    0x20005380   Section        8  nrfx_prs.o(.data)
    m_prs_box_4                              0x20005380   Data           8  nrfx_prs.o(.data)
    .data                                    0x20005388   Section        8  nrfx_rtc.o(.data)
    m_cb                                     0x20005388   Data           3  nrfx_rtc.o(.data)
    m_handlers                               0x2000538c   Data           4  nrfx_rtc.o(.data)
    .data                                    0x20005390   Section       32  app_button.o(.data)
    m_button_count                           0x20005390   Data           1  app_button.o(.data)
    mp_buttons                               0x20005394   Data           4  app_button.o(.data)
    m_detection_delay                        0x20005398   Data           4  app_button.o(.data)
    m_pin_state                              0x200053a0   Data           8  app_button.o(.data)
    m_pin_transition                         0x200053a8   Data           8  app_button.o(.data)
    .data                                    0x200053b0   Section       20  app_timer.o(.data)
    m_ticks_elapsed_q_read_ind               0x200053b0   Data           1  app_timer.o(.data)
    m_ticks_elapsed_q_write_ind              0x200053b1   Data           1  app_timer.o(.data)
    m_rtc1_running                           0x200053b2   Data           1  app_timer.o(.data)
    m_rtc1_reset                             0x200053b3   Data           1  app_timer.o(.data)
    mp_timer_id_head                         0x200053b4   Data           4  app_timer.o(.data)
    m_ticks_latest                           0x200053b8   Data           4  app_timer.o(.data)
    m_ticks_elapsed                          0x200053bc   Data           8  app_timer.o(.data)
    .data                                    0x200053c4   Section        8  nrf_fstorage_sd.o(.data)
    m_p_cur_op                               0x200053c4   Data           4  nrf_fstorage_sd.o(.data)
    m_iget_ctx                               0x200053c8   Data           4  nrf_fstorage_sd.o(.data)
    .data                                    0x200053cc   Section        8  nrf_pwr_mgmt.o(.data)
    m_pwr_mgmt_evt                           0x200053cc   Data           1  nrf_pwr_mgmt.o(.data)
    m_shutdown_started                       0x200053cd   Data           1  nrf_pwr_mgmt.o(.data)
    m_sysoff_mtx                             0x200053d0   Data           4  nrf_pwr_mgmt.o(.data)
    .data                                    0x200053d4   Section        4  retarget.o(.data)
    .data                                    0x200053d8   Section       28  app_uart_fifo.o(.data)
    tx_buffer                                0x200053d8   Data           1  app_uart_fifo.o(.data)
    rx_buffer                                0x200053d9   Data           1  app_uart_fifo.o(.data)
    m_rx_ovf                                 0x200053da   Data           1  app_uart_fifo.o(.data)
    m_event_handler                          0x200053dc   Data           4  app_uart_fifo.o(.data)
    app_uart_inst                            0x200053e0   Data          20  app_uart_fifo.o(.data)
    .data                                    0x200053f4   Section        3  nrf_sdh.o(.data)
    m_nrf_sdh_enabled                        0x200053f4   Data           1  nrf_sdh.o(.data)
    m_nrf_sdh_suspended                      0x200053f5   Data           1  nrf_sdh.o(.data)
    m_nrf_sdh_continue                       0x200053f6   Data           1  nrf_sdh.o(.data)
    .data                                    0x200053f7   Section        1  nrf_sdh_ble.o(.data)
    m_stack_is_enabled                       0x200053f7   Data           1  nrf_sdh_ble.o(.data)
    .data                                    0x200053f8   Section        4  system_nrf52840.o(.data)
    __tagsym$$used                           0x200053f8   Number         0  system_nrf52840.o(.data)
    .bss                                     0x200053fc   Section      864  main.o(.bss)
    data_array                               0x200053fc   Data         244  main.o(.bss)
    rx_buf                                   0x200054f0   Data         256  main.o(.bss)
    tx_buf                                   0x200055f0   Data         256  main.o(.bss)
    m_gatt                                   0x200056f0   Data          44  main.o(.bss)
    m_lbs_c                                  0x2000571c   Data          64  main.o(.bss)
    .bss                                     0x2000575c   Section       31  main.o(.bss)
    m_scan_buffer_data                       0x2000575c   Data          31  main.o(.bss)
    .bss                                     0x2000577b   Section       12  bsp.o(.bss)
    m_events_list                            0x2000577b   Data          12  bsp.o(.bss)
    .bss                                     0x20005788   Section      120  ble_conn_state.o(.bss)
    m_bcs                                    0x20005788   Data         120  ble_conn_state.o(.bss)
    .bss                                     0x20005800   Section      792  ble_db_discovery.o(.bss)
    m_registered_handlers                    0x20005800   Data          24  ble_db_discovery.o(.bss)
    m_pending_user_evts                      0x20005818   Data         768  ble_db_discovery.o(.bss)
    .bss                                     0x20005b18   Section      160  ble_lbs_c.o(.bss)
    m_tx_buffer                              0x20005b18   Data         160  ble_lbs_c.o(.bss)
    .bss                                     0x20005bb8   Section       20  nrf_drv_clock.o(.bss)
    m_clock_cb                               0x20005bb8   Data          20  nrf_drv_clock.o(.bss)
    .bss                                     0x20005bcc   Section      108  nrfx_gpiote.o(.bss)
    m_cb                                     0x20005bcc   Data         108  nrfx_gpiote.o(.bss)
    .bss                                     0x20005c38   Section       44  nrfx_uart.o(.bss)
    m_cb                                     0x20005c38   Data          44  nrfx_uart.o(.bss)
    .bss                                     0x20005c64   Section       36  nrfx_uarte.o(.bss)
    m_cb                                     0x20005c64   Data          36  nrfx_uarte.o(.bss)
    .bss                                     0x20005c88   Section       32  app_button.o(.bss)
    m_detection_delay_timer_id_data          0x20005c88   Data          32  app_button.o(.bss)
    .bss                                     0x20005ca8   Section       32  app_error.o(.bss)
    m_error_data                             0x20005ca8   Data          32  app_error.o(.bss)
    .bss                                     0x20005cc8   Section      268  app_timer.o(.bss)
    m_op_queue                               0x20005cc8   Data         268  app_timer.o(.bss)
    .bss                                     0x20005dd4   Section       12  app_util_platform.o(.bss)
    .bss                                     0x20005de0   Section       16  nrf_fstorage_sd.o(.bss)
    m_fifo_inst                              0x20005de0   Data          16  nrf_fstorage_sd.o(.bss)
    .bss                                     0x20005df0   Section      160  nrf_fstorage_sd.o(.bss)
    m_fifo_data                              0x20005df0   Data         140  nrf_fstorage_sd.o(.bss)
    m_flags                                  0x20005e7c   Data          20  nrf_fstorage_sd.o(.bss)
    .bss                                     0x20005e90   Section       12  nrf_pwr_mgmt.o(.bss)
    m_handlers_iter                          0x20005e90   Data          12  nrf_pwr_mgmt.o(.bss)
    .bss                                     0x20005e9c   Section       32  app_uart_fifo.o(.bss)
    m_rx_fifo                                0x20005e9c   Data          16  app_uart_fifo.o(.bss)
    m_tx_fifo                                0x20005eac   Data          16  app_uart_fifo.o(.bss)
    STACK                                    0x20005ec0   Section     8192  arm_startup_nrf52840.o(STACK)

    Global Symbols

    Symbol Name                              Value     Ov Type        Size  Object(Section)

    BuildAttributes$$THM_ISAv4$E$P$D$K$B$S$7EM$VFPi3$EXTD16$VFPS$VFMA$PE$A:L22UL41UL21$X:L11$S22US41US21$IEEE1$IW$USESV6$~STKCKD$USESV7$~SHL$OSPACE$ROPI$EBA8$MICROLIB$REQ8$EABIv2 0x00000000   Number         0  anon$$obj.o ABSOLUTE
    __ARM_use_no_argv                        0x00000000   Number         0  main.o ABSOLUTE
    _printf_a                                0x00000000   Number         0  stubs.o ABSOLUTE
    _printf_c                                0x00000000   Number         0  stubs.o ABSOLUTE
    _printf_charcount                        0x00000000   Number         0  stubs.o ABSOLUTE
    _printf_d                                0x00000000   Number         0  stubs.o ABSOLUTE
    _printf_e                                0x00000000   Number         0  stubs.o ABSOLUTE
    _printf_f                                0x00000000   Number         0  stubs.o ABSOLUTE
    _printf_flags                            0x00000000   Number         0  stubs.o ABSOLUTE
    _printf_fp_dec                           0x00000000   Number         0  stubs.o ABSOLUTE
    _printf_fp_hex                           0x00000000   Number         0  stubs.o ABSOLUTE
    _printf_g                                0x00000000   Number         0  stubs.o ABSOLUTE
    _printf_i                                0x00000000   Number         0  stubs.o ABSOLUTE
    _printf_int_dec                          0x00000000   Number         0  stubs.o ABSOLUTE
    _printf_l                                0x00000000   Number         0  stubs.o ABSOLUTE
    _printf_lc                               0x00000000   Number         0  stubs.o ABSOLUTE
    _printf_ll                               0x00000000   Number         0  stubs.o ABSOLUTE
    _printf_lld                              0x00000000   Number         0  stubs.o ABSOLUTE
    _printf_lli                              0x00000000   Number         0  stubs.o ABSOLUTE
    _printf_llo                              0x00000000   Number         0  stubs.o ABSOLUTE
    _printf_llu                              0x00000000   Number         0  stubs.o ABSOLUTE
    _printf_llx                              0x00000000   Number         0  stubs.o ABSOLUTE
    _printf_longlong_dec                     0x00000000   Number         0  stubs.o ABSOLUTE
    _printf_longlong_hex                     0x00000000   Number         0  stubs.o ABSOLUTE
    _printf_longlong_oct                     0x00000000   Number         0  stubs.o ABSOLUTE
    _printf_ls                               0x00000000   Number         0  stubs.o ABSOLUTE
    _printf_mbtowc                           0x00000000   Number         0  stubs.o ABSOLUTE
    _printf_n                                0x00000000   Number         0  stubs.o ABSOLUTE
    _printf_o                                0x00000000   Number         0  stubs.o ABSOLUTE
    _printf_p                                0x00000000   Number         0  stubs.o ABSOLUTE
    _printf_percent                          0x00000000   Number         0  stubs.o ABSOLUTE
    _printf_pre_padding                      0x00000000   Number         0  stubs.o ABSOLUTE
    _printf_return_value                     0x00000000   Number         0  stubs.o ABSOLUTE
    _printf_s                                0x00000000   Number         0  stubs.o ABSOLUTE
    _printf_sizespec                         0x00000000   Number         0  stubs.o ABSOLUTE
    _printf_str                              0x00000000   Number         0  stubs.o ABSOLUTE
    _printf_truncate_signed                  0x00000000   Number         0  stubs.o ABSOLUTE
    _printf_truncate_unsigned                0x00000000   Number         0  stubs.o ABSOLUTE
    _printf_u                                0x00000000   Number         0  stubs.o ABSOLUTE
    _printf_wc                               0x00000000   Number         0  stubs.o ABSOLUTE
    _printf_wctomb                           0x00000000   Number         0  stubs.o ABSOLUTE
    _printf_widthprec                        0x00000000   Number         0  stubs.o ABSOLUTE
    _printf_x                                0x00000000   Number         0  stubs.o ABSOLUTE
    __cpp_initialize__aeabi_                  - Undefined Weak Reference
    __cxa_finalize                            - Undefined Weak Reference
    _clock_init                               - Undefined Weak Reference
    _microlib_exit                            - Undefined Weak Reference
    fs_data$$Base                             - Undefined Reference
    fs_data$$Limit                            - Undefined Reference
    pwr_mgmt_data0$$Base                      - Undefined Reference
    pwr_mgmt_data0$$Limit                     - Undefined Reference
    pwr_mgmt_data1$$Base                      - Undefined Reference
    pwr_mgmt_data1$$Limit                     - Undefined Reference
    pwr_mgmt_data2$$Base                      - Undefined Reference
    pwr_mgmt_data2$$Limit                     - Undefined Reference
    sdh_req_observers1$$Base                  - Undefined Reference
    sdh_req_observers1$$Limit                 - Undefined Reference
    sdh_soc_observers1$$Base                  - Undefined Reference
    sdh_soc_observers1$$Limit                 - Undefined Reference
    sdh_stack_observers1$$Base                - Undefined Reference
    sdh_stack_observers1$$Limit               - Undefined Reference
    sdh_state_observers1$$Base                - Undefined Reference
    sdh_state_observers1$$Limit               - Undefined Reference
    __Vectors_Size                           0x00000200   Number         0  arm_startup_nrf52840.o ABSOLUTE
    __Vectors                                0x00026000   Data           4  arm_startup_nrf52840.o(RESET)
    __Vectors_End                            0x00026200   Data           0  arm_startup_nrf52840.o(RESET)
    __main                                   0x00026201   Thumb Code     0  entry.o(.ARM.Collect$$$$00000000)
    _main_stk                                0x00026201   Thumb Code     0  entry2.o(.ARM.Collect$$$$00000001)
    _main_scatterload                        0x00026205   Thumb Code     0  entry5.o(.ARM.Collect$$$$00000004)
    __main_after_scatterload                 0x00026209   Thumb Code     0  entry5.o(.ARM.Collect$$$$00000004)
    _main_clock                              0x00026209   Thumb Code     0  entry7b.o(.ARM.Collect$$$$00000008)
    _main_cpp_init                           0x00026209   Thumb Code     0  entry8b.o(.ARM.Collect$$$$0000000A)
    _main_init                               0x00026209   Thumb Code     0  entry9a.o(.ARM.Collect$$$$0000000B)
    __rt_final_cpp                           0x00026211   Thumb Code     0  entry10a.o(.ARM.Collect$$$$0000000D)
    __rt_final_exit                          0x00026211   Thumb Code     0  entry11a.o(.ARM.Collect$$$$0000000F)
    app_error_handler                        0x00026215   Thumb Code    26  app_error_handler_keil.o(.emb_text)
    __asm___12_nrf_atfifo_c_51f461e1__nrf_atfifo_wspace_req 0x00026231   Thumb Code    56  nrf_atfifo.o(.emb_text)
    __asm___12_nrf_atfifo_c_51f461e1__nrf_atfifo_wspace_close 0x00026269   Thumb Code    18  nrf_atfifo.o(.emb_text)
    __asm___12_nrf_atfifo_c_51f461e1__nrf_atfifo_rspace_req 0x0002627b   Thumb Code    58  nrf_atfifo.o(.emb_text)
    __asm___12_nrf_atfifo_c_51f461e1__nrf_atfifo_rspace_close 0x000262b5   Thumb Code    18  nrf_atfifo.o(.emb_text)
    __asm___12_nrf_atfifo_c_51f461e1__nrf_atfifo_space_clear 0x000262c7   Thumb Code    50  nrf_atfifo.o(.emb_text)
    __asm___12_nrf_atomic_c_85ca2469__nrf_atomic_internal_mov 0x000262f9   Thumb Code    24  nrf_atomic.o(.emb_text)
    __asm___12_nrf_atomic_c_85ca2469__nrf_atomic_internal_orr 0x00026311   Thumb Code    26  nrf_atomic.o(.emb_text)
    __asm___12_nrf_atomic_c_85ca2469__nrf_atomic_internal_and 0x0002632b   Thumb Code    26  nrf_atomic.o(.emb_text)
    __asm___12_nrf_atomic_c_85ca2469__nrf_atomic_internal_eor 0x00026345   Thumb Code    26  nrf_atomic.o(.emb_text)
    __asm___12_nrf_atomic_c_85ca2469__nrf_atomic_internal_add 0x0002635f   Thumb Code    26  nrf_atomic.o(.emb_text)
    __asm___12_nrf_atomic_c_85ca2469__nrf_atomic_internal_sub 0x00026379   Thumb Code    26  nrf_atomic.o(.emb_text)
    __asm___12_nrf_atomic_c_85ca2469__nrf_atomic_internal_cmp_exch 0x00026393   Thumb Code    42  nrf_atomic.o(.emb_text)
    __asm___12_nrf_atomic_c_85ca2469__nrf_atomic_internal_sub_hs 0x000263bd   Thumb Code    30  nrf_atomic.o(.emb_text)
    Reset_Handler                            0x000263dd   Thumb Code     8  arm_startup_nrf52840.o(.text)
    NMI_Handler                              0x000263e5   Thumb Code     2  arm_startup_nrf52840.o(.text)
    HardFault_Handler                        0x000263e7   Thumb Code     2  arm_startup_nrf52840.o(.text)
    MemoryManagement_Handler                 0x000263e9   Thumb Code     2  arm_startup_nrf52840.o(.text)
    BusFault_Handler                         0x000263eb   Thumb Code     2  arm_startup_nrf52840.o(.text)
    UsageFault_Handler                       0x000263ed   Thumb Code     2  arm_startup_nrf52840.o(.text)
    SVC_Handler                              0x000263ef   Thumb Code     2  arm_startup_nrf52840.o(.text)
    DebugMon_Handler                         0x000263f1   Thumb Code     2  arm_startup_nrf52840.o(.text)
    PendSV_Handler                           0x000263f3   Thumb Code     2  arm_startup_nrf52840.o(.text)
    SysTick_Handler                          0x000263f5   Thumb Code     2  arm_startup_nrf52840.o(.text)
    CCM_AAR_IRQHandler                       0x000263f7   Thumb Code     0  arm_startup_nrf52840.o(.text)
    COMP_LPCOMP_IRQHandler                   0x000263f7   Thumb Code     0  arm_startup_nrf52840.o(.text)
    CRYPTOCELL_IRQHandler                    0x000263f7   Thumb Code     0  arm_startup_nrf52840.o(.text)
    ECB_IRQHandler                           0x000263f7   Thumb Code     0  arm_startup_nrf52840.o(.text)
    FPU_IRQHandler                           0x000263f7   Thumb Code     0  arm_startup_nrf52840.o(.text)
    I2S_IRQHandler                           0x000263f7   Thumb Code     0  arm_startup_nrf52840.o(.text)
    MWU_IRQHandler                           0x000263f7   Thumb Code     0  arm_startup_nrf52840.o(.text)
    NFCT_IRQHandler                          0x000263f7   Thumb Code     0  arm_startup_nrf52840.o(.text)
    PDM_IRQHandler                           0x000263f7   Thumb Code     0  arm_startup_nrf52840.o(.text)
    PWM0_IRQHandler                          0x000263f7   Thumb Code     0  arm_startup_nrf52840.o(.text)
    PWM1_IRQHandler                          0x000263f7   Thumb Code     0  arm_startup_nrf52840.o(.text)
    PWM2_IRQHandler                          0x000263f7   Thumb Code     0  arm_startup_nrf52840.o(.text)
    PWM3_IRQHandler                          0x000263f7   Thumb Code     0  arm_startup_nrf52840.o(.text)
    QDEC_IRQHandler                          0x000263f7   Thumb Code     0  arm_startup_nrf52840.o(.text)
    QSPI_IRQHandler                          0x000263f7   Thumb Code     0  arm_startup_nrf52840.o(.text)
    RADIO_IRQHandler                         0x000263f7   Thumb Code     0  arm_startup_nrf52840.o(.text)
    RNG_IRQHandler                           0x000263f7   Thumb Code     0  arm_startup_nrf52840.o(.text)
    RTC0_IRQHandler                          0x000263f7   Thumb Code     0  arm_startup_nrf52840.o(.text)
    SAADC_IRQHandler                         0x000263f7   Thumb Code     0  arm_startup_nrf52840.o(.text)
    SPIM0_SPIS0_TWIM0_TWIS0_SPI0_TWI0_IRQHandler 0x000263f7   Thumb Code     0  arm_startup_nrf52840.o(.text)
    SPIM1_SPIS1_TWIM1_TWIS1_SPI1_TWI1_IRQHandler 0x000263f7   Thumb Code     0  arm_startup_nrf52840.o(.text)
    SPIM2_SPIS2_SPI2_IRQHandler              0x000263f7   Thumb Code     0  arm_startup_nrf52840.o(.text)
    SPIM3_IRQHandler                         0x000263f7   Thumb Code     0  arm_startup_nrf52840.o(.text)
    SWI1_EGU1_IRQHandler                     0x000263f7   Thumb Code     0  arm_startup_nrf52840.o(.text)
    SWI3_EGU3_IRQHandler                     0x000263f7   Thumb Code     0  arm_startup_nrf52840.o(.text)
    SWI4_EGU4_IRQHandler                     0x000263f7   Thumb Code     0  arm_startup_nrf52840.o(.text)
    SWI5_EGU5_IRQHandler                     0x000263f7   Thumb Code     0  arm_startup_nrf52840.o(.text)
    TEMP_IRQHandler                          0x000263f7   Thumb Code     0  arm_startup_nrf52840.o(.text)
    TIMER0_IRQHandler                        0x000263f7   Thumb Code     0  arm_startup_nrf52840.o(.text)
    TIMER1_IRQHandler                        0x000263f7   Thumb Code     0  arm_startup_nrf52840.o(.text)
    TIMER2_IRQHandler                        0x000263f7   Thumb Code     0  arm_startup_nrf52840.o(.text)
    TIMER3_IRQHandler                        0x000263f7   Thumb Code     0  arm_startup_nrf52840.o(.text)
    TIMER4_IRQHandler                        0x000263f7   Thumb Code     0  arm_startup_nrf52840.o(.text)
    UARTE1_IRQHandler                        0x000263f7   Thumb Code     0  arm_startup_nrf52840.o(.text)
    USBD_IRQHandler                          0x000263f7   Thumb Code     0  arm_startup_nrf52840.o(.text)
    WDT_IRQHandler                           0x000263f7   Thumb Code     0  arm_startup_nrf52840.o(.text)
    __aeabi_llsl                             0x00026401   Thumb Code    30  llshl.o(.text)
    _ll_shift_l                              0x00026401   Thumb Code     0  llshl.o(.text)
    __aeabi_memcpy                           0x0002641f   Thumb Code    36  memcpya.o(.text)
    __aeabi_memcpy4                          0x0002641f   Thumb Code     0  memcpya.o(.text)
    __aeabi_memcpy8                          0x0002641f   Thumb Code     0  memcpya.o(.text)
    __aeabi_memset                           0x00026443   Thumb Code    14  memseta.o(.text)
    __aeabi_memset4                          0x00026443   Thumb Code     0  memseta.o(.text)
    __aeabi_memset8                          0x00026443   Thumb Code     0  memseta.o(.text)
    __aeabi_memclr                           0x00026451   Thumb Code     4  memseta.o(.text)
    __aeabi_memclr4                          0x00026451   Thumb Code     0  memseta.o(.text)
    __aeabi_memclr8                          0x00026451   Thumb Code     0  memseta.o(.text)
    _memset$wrapper                          0x00026455   Thumb Code    18  memseta.o(.text)
    strlen                                   0x00026467   Thumb Code    14  strlen.o(.text)
    memcmp                                   0x00026475   Thumb Code    26  memcmp.o(.text)
    __aeabi_uidiv                            0x0002648f   Thumb Code     0  uidiv.o(.text)
    __aeabi_uidivmod                         0x0002648f   Thumb Code    44  uidiv.o(.text)
    __scatterload                            0x000264bd   Thumb Code    28  init.o(.text)
    __scatterload_rt2                        0x000264bd   Thumb Code     0  init.o(.text)
    __decompress                             0x000264e1   Thumb Code     0  __dczerorl2.o(.text)
    __decompress1                            0x000264e1   Thumb Code    86  __dczerorl2.o(.text)
    GPIOTE_IRQHandler                        0x00026539   Thumb Code   428  nrfx_gpiote.o(i.GPIOTE_IRQHandler)
    POWER_CLOCK_IRQHandler                   0x00026751   Thumb Code    82  nrfx_clock.o(i.POWER_CLOCK_IRQHandler)
    RTC1_IRQHandler                          0x000267a9   Thumb Code    32  app_timer.o(i.RTC1_IRQHandler)
    RTC2_IRQHandler                          0x000267cd   Thumb Code    10  nrfx_rtc.o(i.RTC2_IRQHandler)
    RTC_Enable                               0x000267dd   Thumb Code    24  board_rtc.o(i.RTC_Enable)
    RTC_GetTime                              0x000267fd   Thumb Code     6  board_rtc.o(i.RTC_GetTime)
    RTC_Init                                 0x00026809   Thumb Code    46  board_rtc.o(i.RTC_Init)
    SWI0_EGU0_IRQHandler                     0x00026879   Thumb Code     4  app_timer.o(i.SWI0_EGU0_IRQHandler)
    SWI2_EGU2_IRQHandler                     0x0002687d   Thumb Code     4  nrf_sdh.o(i.SWI2_EGU2_IRQHandler)
    SystemInit                               0x00026881   Thumb Code   416  system_nrf52840.o(i.SystemInit)
    UARTE0_UART0_IRQHandler                  0x00026a5d   Thumb Code     6  nrfx_prs.o(i.UARTE0_UART0_IRQHandler)
    __0printf$6                              0x00026a69   Thumb Code    22  printf6.o(i.__0printf$6)
    __1printf$6                              0x00026a69   Thumb Code     0  printf6.o(i.__0printf$6)
    __2printf                                0x00026a69   Thumb Code     0  printf6.o(i.__0printf$6)
    __0sprintf$6                             0x00026a89   Thumb Code    34  printf6.o(i.__0sprintf$6)
    __1sprintf$6                             0x00026a89   Thumb Code     0  printf6.o(i.__0sprintf$6)
    __2sprintf                               0x00026a89   Thumb Code     0  printf6.o(i.__0sprintf$6)
    __scatterload_copy                       0x00026ab1   Thumb Code    14  handlers.o(i.__scatterload_copy)
    __scatterload_null                       0x00026abf   Thumb Code     2  handlers.o(i.__scatterload_null)
    __scatterload_zeroinit                   0x00026ac1   Thumb Code    14  handlers.o(i.__scatterload_zeroinit)
    active_flag_count                        0x00026e41   Thumb Code    28  ble_conn_state.o(i.active_flag_count)
    app_button_disable                       0x00026ea5   Thumb Code    38  app_button.o(i.app_button_disable)
    app_button_enable                        0x00026ed5   Thumb Code    32  app_button.o(i.app_button_enable)
    app_button_init                          0x00026ef9   Thumb Code   102  app_button.o(i.app_button_init)
    app_error_fault_handler                  0x00026f71   Thumb Code    20  app_error_weak.o(i.app_error_fault_handler)
    app_error_save_and_stop                  0x00026f89   Thumb Code    96  app_error.o(i.app_error_save_and_stop)
    app_fifo_get                             0x00026fed   Thumb Code    22  app_fifo.o(i.app_fifo_get)
    app_fifo_init                            0x00027003   Thumb Code    32  app_fifo.o(i.app_fifo_init)
    app_fifo_put                             0x00027023   Thumb Code    26  app_fifo.o(i.app_fifo_put)
    app_timer_create                         0x0002703d   Thumb Code    32  app_timer.o(i.app_timer_create)
    app_timer_init                           0x00027061   Thumb Code    70  app_timer.o(i.app_timer_init)
    app_timer_start                          0x000270b5   Thumb Code   128  app_timer.o(i.app_timer_start)
    app_timer_stop                           0x0002713d   Thumb Code    26  app_timer.o(i.app_timer_stop)
    app_uart_get                             0x0002715d   Thumb Code    46  app_uart_fifo.o(i.app_uart_get)
    app_uart_init                            0x000271d1   Thumb Code   148  app_uart_fifo.o(i.app_uart_init)
    app_uart_put                             0x00027275   Thumb Code    70  app_uart_fifo.o(i.app_uart_put)
    app_util_critical_region_enter           0x000272c9   Thumb Code    64  app_util_platform.o(i.app_util_critical_region_enter)
    app_util_critical_region_exit            0x00027311   Thumb Code    46  app_util_platform.o(i.app_util_critical_region_exit)
    bcs_internal_state_reset                 0x00027431   Thumb Code     8  ble_conn_state.o(i.bcs_internal_state_reset)
    ble_advdata_name_find                    0x0002743d   Thumb Code    68  ble_advdata.o(i.ble_advdata_name_find)
    ble_advdata_search                       0x00027481   Thumb Code    56  ble_advdata.o(i.ble_advdata_search)
    ble_conn_state_central_conn_count        0x000274b9   Thumb Code    24  ble_conn_state.o(i.ble_conn_state_central_conn_count)
    ble_conn_state_init                      0x000274d5   Thumb Code     4  ble_conn_state.o(i.ble_conn_state_init)
    ble_db_discovery_evt_register            0x000274d9   Thumb Code    56  ble_db_discovery.o(i.ble_db_discovery_evt_register)
    ble_db_discovery_init                    0x00027519   Thumb Code    24  ble_db_discovery.o(i.ble_db_discovery_init)
    ble_db_discovery_on_ble_evt              0x00027535   Thumb Code   138  ble_db_discovery.o(i.ble_db_discovery_on_ble_evt)
    ble_db_discovery_start                   0x000275c5   Thumb Code    34  ble_db_discovery.o(i.ble_db_discovery_start)
    ble_lbs_c_button_notif_enable            0x000279b5   Thumb Code    80  ble_lbs_c.o(i.ble_lbs_c_button_notif_enable)
    ble_lbs_c_handles_assign                 0x00027a0d   Thumb Code    24  ble_lbs_c.o(i.ble_lbs_c_handles_assign)
    ble_lbs_c_init                           0x00027a25   Thumb Code    80  ble_lbs_c.o(i.ble_lbs_c_init)
    ble_lbs_c_on_ble_evt                     0x00027a79   Thumb Code   128  ble_lbs_c.o(i.ble_lbs_c_on_ble_evt)
    ble_lbs_led_status_send                  0x00027af9   Thumb Code    80  ble_lbs_c.o(i.ble_lbs_led_status_send)
    ble_lbs_on_db_disc_evt                   0x00027b51   Thumb Code   142  ble_lbs_c.o(i.ble_lbs_on_db_disc_evt)
    bsp_board_init                           0x00027c25   Thumb Code    80  boards.o(i.bsp_board_init)
    bsp_board_led_off                        0x00027c79   Thumb Code    10  boards.o(i.bsp_board_led_off)
    bsp_board_led_on                         0x00027c89   Thumb Code    10  boards.o(i.bsp_board_led_on)
    bsp_board_leds_off                       0x00027c99   Thumb Code    18  boards.o(i.bsp_board_leds_off)
    bsp_event_to_button_action_assign        0x00027cad   Thumb Code    64  bsp.o(i.bsp_event_to_button_action_assign)
    conn_handle_list_get                     0x00027ec1   Thumb Code    62  ble_conn_state.o(i.conn_handle_list_get)
    fputc                                    0x00028527   Thumb Code    14  retarget.o(i.fputc)
    main                                     0x00028859   Thumb Code   278  main.o(i.main)
    nrf_atfifo_item_free                     0x000289b9   Thumb Code    22  nrf_atfifo.o(i.nrf_atfifo_item_free)
    nrf_atfifo_item_get                      0x000289cf   Thumb Code    22  nrf_atfifo.o(i.nrf_atfifo_item_get)
    nrf_atflags_clear                        0x000289e5   Thumb Code    22  nrf_atflags.o(i.nrf_atflags_clear)
    nrf_atflags_get                          0x000289fb   Thumb Code    22  nrf_atflags.o(i.nrf_atflags_get)
    nrf_atflags_set                          0x00028a11   Thumb Code    20  nrf_atflags.o(i.nrf_atflags_set)
    nrf_atomic_u32_and                       0x00028a25   Thumb Code    12  nrf_atomic.o(i.nrf_atomic_u32_and)
    nrf_atomic_u32_or                        0x00028a31   Thumb Code    12  nrf_atomic.o(i.nrf_atomic_u32_or)
    nrf_ble_gatt_init                        0x00028a61   Thumb Code    44  nrf_ble_gatt.o(i.nrf_ble_gatt_init)
    nrf_ble_gatt_on_ble_evt                  0x00028a8d   Thumb Code   418  nrf_ble_gatt.o(i.nrf_ble_gatt_on_ble_evt)
    nrf_drv_clock_init                       0x00028c55   Thumb Code    48  nrf_drv_clock.o(i.nrf_drv_clock_init)
    nrf_drv_clock_lfclk_release              0x00028c8d   Thumb Code    42  nrf_drv_clock.o(i.nrf_drv_clock_lfclk_release)
    nrf_drv_uart_init                        0x00028cbd   Thumb Code    90  nrf_drv_uart.o(i.nrf_drv_uart_init)
    nrf_fstorage_sdh_req_handler             0x00028d65   Thumb Code    18  nrf_fstorage_sd.o(i.nrf_fstorage_sdh_req_handler)
    nrf_fstorage_sdh_state_handler           0x00028d7d   Thumb Code    28  nrf_fstorage_sd.o(i.nrf_fstorage_sdh_state_handler)
    nrf_fstorage_sys_evt_handler             0x00028d9d   Thumb Code   154  nrf_fstorage_sd.o(i.nrf_fstorage_sys_evt_handler)
    nrf_pwr_mgmt_init                        0x00029105   Thumb Code    28  nrf_pwr_mgmt.o(i.nrf_pwr_mgmt_init)
    nrf_pwr_mgmt_run                         0x0002912d   Thumb Code    64  nrf_pwr_mgmt.o(i.nrf_pwr_mgmt_run)
    nrf_sdh_ble_app_ram_start_get            0x0002917d   Thumb Code    16  nrf_sdh_ble.o(i.nrf_sdh_ble_app_ram_start_get)
    nrf_sdh_ble_default_cfg_set              0x00029191   Thumb Code   160  nrf_sdh_ble.o(i.nrf_sdh_ble_default_cfg_set)
    nrf_sdh_ble_enable                       0x00029231   Thumb Code    14  nrf_sdh_ble.o(i.nrf_sdh_ble_enable)
    nrf_sdh_disable_request                  0x000292e5   Thumb Code    80  nrf_sdh.o(i.nrf_sdh_disable_request)
    nrf_sdh_enable_request                   0x00029339   Thumb Code   102  nrf_sdh.o(i.nrf_sdh_enable_request)
    nrf_sdh_evts_poll                        0x000293ad   Thumb Code    32  nrf_sdh.o(i.nrf_sdh_evts_poll)
    nrf_sdh_is_enabled                       0x000293d1   Thumb Code     6  nrf_sdh.o(i.nrf_sdh_is_enabled)
    nrf_sdh_request_continue                 0x000293dd   Thumb Code    22  nrf_sdh.o(i.nrf_sdh_request_continue)
    nrf_section_iter_init                    0x00029479   Thumb Code    10  nrf_section_iter.o(i.nrf_section_iter_init)
    nrf_section_iter_next                    0x000294a7   Thumb Code    32  nrf_section_iter.o(i.nrf_section_iter_next)
    nrfx_clock_enable                        0x00029501   Thumb Code    36  nrfx_clock.o(i.nrfx_clock_enable)
    nrfx_clock_init                          0x0002952d   Thumb Code    26  nrfx_clock.o(i.nrfx_clock_init)
    nrfx_clock_lfclk_stop                    0x0002954d   Thumb Code    20  nrfx_clock.o(i.nrfx_clock_lfclk_stop)
    nrfx_gpiote_in_event_disable             0x00029579   Thumb Code    66  nrfx_gpiote.o(i.nrfx_gpiote_in_event_disable)
    nrfx_gpiote_in_event_enable              0x000295c1   Thumb Code   144  nrfx_gpiote.o(i.nrfx_gpiote_in_event_enable)
    nrfx_gpiote_in_init                      0x00029659   Thumb Code   200  nrfx_gpiote.o(i.nrfx_gpiote_in_init)
    nrfx_gpiote_in_is_set                    0x0002972d   Thumb Code    14  nrfx_gpiote.o(i.nrfx_gpiote_in_is_set)
    nrfx_gpiote_init                         0x0002973d   Thumb Code   104  nrfx_gpiote.o(i.nrfx_gpiote_init)
    nrfx_gpiote_is_init                      0x000297b1   Thumb Code    14  nrfx_gpiote.o(i.nrfx_gpiote_is_init)
    nrfx_prs_acquire                         0x000297d5   Thumb Code    58  nrfx_prs.o(i.nrfx_prs_acquire)
    nrfx_rtc_enable                          0x00029811   Thumb Code    20  nrfx_rtc.o(i.nrfx_rtc_enable)
    nrfx_rtc_init                            0x00029829   Thumb Code   136  nrfx_rtc.o(i.nrfx_rtc_init)
    nrfx_rtc_tick_enable                     0x000298b5   Thumb Code    36  nrfx_rtc.o(i.nrfx_rtc_tick_enable)
    nrfx_uart_0_irq_handler                  0x000298d9   Thumb Code     8  nrfx_uart.o(i.nrfx_uart_0_irq_handler)
    nrfx_uart_init                           0x000298e9   Thumb Code   200  nrfx_uart.o(i.nrfx_uart_init)
    nrfx_uart_rx                             0x000299bd   Thumb Code   230  nrfx_uart.o(i.nrfx_uart_rx)
    nrfx_uart_tx                             0x00029aa9   Thumb Code   160  nrfx_uart.o(i.nrfx_uart_tx)
    nrfx_uart_tx_in_progress                 0x00029b4d   Thumb Code    26  nrfx_uart.o(i.nrfx_uart_tx_in_progress)
    nrfx_uarte_0_irq_handler                 0x00029b6d   Thumb Code     8  nrfx_uarte.o(i.nrfx_uarte_0_irq_handler)
    nrfx_uarte_init                          0x00029b7d   Thumb Code   100  nrfx_uarte.o(i.nrfx_uarte_init)
    nrfx_uarte_rx                            0x00029be9   Thumb Code   256  nrfx_uarte.o(i.nrfx_uarte_rx)
    nrfx_uarte_tx                            0x00029ced   Thumb Code   138  nrfx_uarte.o(i.nrfx_uarte_tx)
    nrfx_uarte_tx_in_progress                0x00029d7d   Thumb Code    22  nrfx_uarte.o(i.nrfx_uarte_tx_in_progress)
    uart_event_handle                        0x0002a7a9   Thumb Code    44  main.o(i.uart_event_handle)
    m_ram_start                              0x0002ad24   Data           4  nrf_sdh_ble.o(.constdata)
    Region$$Table$$Base                      0x0002ad80   Number         0  anon$$obj.o(Region$$Table)
    Region$$Table$$Limit                     0x0002ada0   Number         0  anon$$obj.o(Region$$Table)
    sdh_ble_observers0$$Base                 0x0002ada0   Number         0  ble_conn_state.o(sdh_ble_observers0)
    sdh_ble_observers0$$Limit                0x0002ada8   Number         0  ble_conn_state.o(sdh_ble_observers0)
    sdh_ble_observers1$$Base                 0x0002ada8   Number         0  main.o(sdh_ble_observers1)
    sdh_ble_observers1$$Limit                0x0002add8   Number         0  bsp_btn_ble.o(sdh_ble_observers1)
    sdh_ble_observers2$$Base                 0x0002add8   Number         0  main.o(sdh_ble_observers2)
    sdh_ble_observers2$$Limit                0x0002adf8   Number         0  main.o(sdh_ble_observers2)
    sdh_ble_observers3$$Base                 0x0002adf8   Number         0  main.o(sdh_ble_observers3)
    m_req_obs                                0x0002ae00   Data           8  nrf_fstorage_sd.o(sdh_req_observers0)
    sdh_ble_observers3$$Limit                0x0002ae00   Number         0  main.o(sdh_ble_observers3)
    sdh_req_observers0$$Base                 0x0002ae00   Number         0  nrf_fstorage_sd.o(sdh_req_observers0)
    sdh_req_observers0$$Limit                0x0002ae08   Number         0  nrf_fstorage_sd.o(sdh_req_observers0)
    sdh_soc_observers0$$Base                 0x0002ae08   Number         0  nrf_drv_clock.o(sdh_soc_observers0)
    sdh_soc_observers0$$Limit                0x0002ae18   Number         0  nrf_fstorage_sd.o(sdh_soc_observers0)
    sdh_stack_observers0$$Base               0x0002ae18   Number         0  nrf_sdh_ble.o(sdh_stack_observers0)
    sdh_stack_observers0$$Limit              0x0002ae28   Number         0  nrf_sdh_soc.o(sdh_stack_observers0)
    sdh_state_observers0$$Base               0x0002ae28   Number         0  nrf_drv_clock.o(sdh_state_observers0)
    sdh_state_observers0$$Limit              0x0002ae38   Number         0  nrf_fstorage_sd.o(sdh_state_observers0)
    Image$$RW_IRAM1$$Base                    0x200047d8   Number         0  anon$$obj.o ABSOLUTE
    valid_acupoint_handle                    0x200047d8   Data           1  main.o(.data)
    adv_count                                0x200047ec   Data           4  main.o(.data)
    connected_state                          0x200047f0   Data           4  main.o(.data)
    con_handle                               0x200047f4   Data           4  main.o(.data)
    g_timestamp                              0x20005340   Data           4  board_rtc.o(.data)
    nrf_drv_uart_use_easy_dma                0x20005364   Data           2  nrf_drv_uart.o(.data)
    __stdout                                 0x200053d4   Data           4  retarget.o(.data)
    SystemCoreClock                          0x200053f8   Data           4  system_nrf52840.o(.data)
    nrf_nvic_state                           0x20005dd4   Data          12  app_util_platform.o(.bss)
    __initial_sp                             0x20007ec0   Data           0  arm_startup_nrf52840.o(STACK)



==============================================================================

Memory Map of the image

  Image Entry point : 0x00026201

  Load Region LR_IROM1 (Base: 0x00026000, Size: 0x00005a5c, Max: 0x000da000, ABSOLUTE, COMPRESSED[0x00004e80])

    Execution Region ER_IROM1 (Base: 0x00026000, Size: 0x00004e38, Max: 0x000da000, ABSOLUTE)

    Base Addr    Size         Type   Attr      Idx    E Section Name        Object

    0x00026000   0x00000200   Data   RO         4820    RESET               arm_startup_nrf52840.o
    0x00026200   0x00000000   Code   RO         4865  * .ARM.Collect$$$$00000000  mc_w.l(entry.o)
    0x00026200   0x00000004   Code   RO         5145    .ARM.Collect$$$$00000001  mc_w.l(entry2.o)
    0x00026204   0x00000004   Code   RO         5148    .ARM.Collect$$$$00000004  mc_w.l(entry5.o)
    0x00026208   0x00000000   Code   RO         5150    .ARM.Collect$$$$00000008  mc_w.l(entry7b.o)
    0x00026208   0x00000000   Code   RO         5152    .ARM.Collect$$$$0000000A  mc_w.l(entry8b.o)
    0x00026208   0x00000008   Code   RO         5153    .ARM.Collect$$$$0000000B  mc_w.l(entry9a.o)
    0x00026210   0x00000000   Code   RO         5155    .ARM.Collect$$$$0000000D  mc_w.l(entry10a.o)
    0x00026210   0x00000000   Code   RO         5157    .ARM.Collect$$$$0000000F  mc_w.l(entry11a.o)
    0x00026210   0x00000004   Code   RO         5146    .ARM.Collect$$$$00002712  mc_w.l(entry2.o)
    0x00026214   0x0000001a   Code   RO         2837    .emb_text           app_error_handler_keil.o
    0x0002622e   0x00000002   PAD
    0x00026230   0x000000c8   Code   RO         3232    .emb_text           nrf_atfifo.o
    0x000262f8   0x000000e2   Code   RO         3371    .emb_text           nrf_atomic.o
    0x000263da   0x00000002   PAD
    0x000263dc   0x00000024   Code   RO         4821    .text               arm_startup_nrf52840.o
    0x00026400   0x0000001e   Code   RO         4870    .text               mc_w.l(llshl.o)
    0x0002641e   0x00000024   Code   RO         4872    .text               mc_w.l(memcpya.o)
    0x00026442   0x00000024   Code   RO         4874    .text               mc_w.l(memseta.o)
    0x00026466   0x0000000e   Code   RO         4876    .text               mc_w.l(strlen.o)
    0x00026474   0x0000001a   Code   RO         4878    .text               mc_w.l(memcmp.o)
    0x0002648e   0x0000002c   Code   RO         5159    .text               mc_w.l(uidiv.o)
    0x000264ba   0x00000002   PAD
    0x000264bc   0x00000024   Code   RO         5174    .text               mc_w.l(init.o)
    0x000264e0   0x00000056   Code   RO         5188    .text               mc_w.l(__dczerorl2.o)
    0x00026536   0x00000002   PAD
    0x00026538   0x000001b4   Code   RO         1892    i.GPIOTE_IRQHandler  nrfx_gpiote.o
    0x000266ec   0x00000016   Code   RO         2949    i.NVIC_ClearPendingIRQ  app_timer.o
    0x00026702   0x00000016   Code   RO         2950    i.NVIC_EnableIRQ    app_timer.o
    0x00026718   0x00000016   Code   RO         2951    i.NVIC_SetPendingIRQ  app_timer.o
    0x0002672e   0x00000020   Code   RO         2952    i.NVIC_SetPriority  app_timer.o
    0x0002674e   0x00000002   PAD
    0x00026750   0x00000058   Code   RO         1760    i.POWER_CLOCK_IRQHandler  nrfx_clock.o
    0x000267a8   0x00000024   Code   RO         2953    i.RTC1_IRQHandler   app_timer.o
    0x000267cc   0x00000010   Code   RO         2619    i.RTC2_IRQHandler   nrfx_rtc.o
    0x000267dc   0x00000020   Code   RO          432    i.RTC_Enable        board_rtc.o
    0x000267fc   0x0000000c   Code   RO          433    i.RTC_GetTime       board_rtc.o
    0x00026808   0x00000070   Code   RO          434    i.RTC_Init          board_rtc.o
    0x00026878   0x00000004   Code   RO         2954    i.SWI0_EGU0_IRQHandler  app_timer.o
    0x0002687c   0x00000004   Code   RO         4620    i.SWI2_EGU2_IRQHandler  nrf_sdh.o
    0x00026880   0x000001dc   Code   RO         4829    i.SystemInit        system_nrf52840.o
    0x00026a5c   0x0000000c   Code   RO         2208    i.UARTE0_UART0_IRQHandler  nrfx_prs.o
    0x00026a68   0x00000020   Code   RO         5039    i.__0printf$6       mc_w.l(printf6.o)
    0x00026a88   0x00000028   Code   RO         5041    i.__0sprintf$6      mc_w.l(printf6.o)
    0x00026ab0   0x0000000e   Code   RO         5182    i.__scatterload_copy  mc_w.l(handlers.o)
    0x00026abe   0x00000002   Code   RO         5183    i.__scatterload_null  mc_w.l(handlers.o)
    0x00026ac0   0x0000000e   Code   RO         5184    i.__scatterload_zeroinit  mc_w.l(handlers.o)
    0x00026ace   0x00000002   PAD
    0x00026ad0   0x00000024   Code   RO         4621    i.__sd_nvic_app_accessible_irq  nrf_sdh.o
    0x00026af4   0x000002f0   Code   RO         5046    i._printf_core      mc_w.l(printf6.o)
    0x00026de4   0x00000024   Code   RO         5047    i._printf_post_padding  mc_w.l(printf6.o)
    0x00026e08   0x0000002e   Code   RO         5048    i._printf_pre_padding  mc_w.l(printf6.o)
    0x00026e36   0x0000000a   Code   RO         5050    i._sputc            mc_w.l(printf6.o)
    0x00026e40   0x0000001c   Code   RO         1041    i.active_flag_count  ble_conn_state.o
    0x00026e5c   0x00000046   Code   RO          777    i.advertising_buttons_configure  bsp_btn_ble.o
    0x00026ea2   0x00000002   PAD
    0x00026ea4   0x00000030   Code   RO         2734    i.app_button_disable  app_button.o
    0x00026ed4   0x00000024   Code   RO         2735    i.app_button_enable  app_button.o
    0x00026ef8   0x00000078   Code   RO         2736    i.app_button_init   app_button.o
    0x00026f70   0x00000018   Code   RO         2859    i.app_error_fault_handler  app_error_weak.o
    0x00026f88   0x00000064   Code   RO         2800    i.app_error_save_and_stop  app_error.o
    0x00026fec   0x00000016   Code   RO         4185    i.app_fifo_get      app_fifo.o
    0x00027002   0x00000020   Code   RO         4186    i.app_fifo_init     app_fifo.o
    0x00027022   0x0000001a   Code   RO         4188    i.app_fifo_put      app_fifo.o
    0x0002703c   0x00000024   Code   RO         2957    i.app_timer_create  app_timer.o
    0x00027060   0x00000054   Code   RO         2958    i.app_timer_init    app_timer.o
    0x000270b4   0x00000088   Code   RO         2961    i.app_timer_start   app_timer.o
    0x0002713c   0x00000020   Code   RO         2962    i.app_timer_stop    app_timer.o
    0x0002715c   0x00000074   Code   RO         4064    i.app_uart_get      app_uart_fifo.o
    0x000271d0   0x000000a4   Code   RO         4065    i.app_uart_init     app_uart_fifo.o
    0x00027274   0x00000054   Code   RO         4066    i.app_uart_put      app_uart_fifo.o
    0x000272c8   0x00000048   Code   RO         3119    i.app_util_critical_region_enter  app_util_platform.o
    0x00027310   0x00000034   Code   RO         3120    i.app_util_critical_region_exit  app_util_platform.o
    0x00027344   0x00000076   Code   RO         2259    i.apply_config      nrfx_uart.o
    0x000273ba   0x00000076   Code   RO         2457    i.apply_config      nrfx_uarte.o
    0x00027430   0x0000000c   Code   RO         1042    i.bcs_internal_state_reset  ble_conn_state.o
    0x0002743c   0x00000044   Code   RO          831    i.ble_advdata_name_find  ble_advdata.o
    0x00027480   0x00000038   Code   RO          833    i.ble_advdata_search  ble_advdata.o
    0x000274b8   0x0000001c   Code   RO         1043    i.ble_conn_state_central_conn_count  ble_conn_state.o
    0x000274d4   0x00000004   Code   RO         1051    i.ble_conn_state_init  ble_conn_state.o
    0x000274d8   0x00000040   Code   RO         1209    i.ble_db_discovery_evt_register  ble_db_discovery.o
    0x00027518   0x0000001c   Code   RO         1210    i.ble_db_discovery_init  ble_db_discovery.o
    0x00027534   0x00000090   Code   RO         1211    i.ble_db_discovery_on_ble_evt  ble_db_discovery.o
    0x000275c4   0x00000028   Code   RO         1212    i.ble_db_discovery_start  ble_db_discovery.o
    0x000275ec   0x00000214   Code   RO            5    i.ble_evt_handler   main.o
    0x00027800   0x00000070   Code   RO          778    i.ble_evt_handler   bsp_btn_ble.o
    0x00027870   0x00000144   Code   RO         1061    i.ble_evt_handler   ble_conn_state.o
    0x000279b4   0x00000058   Code   RO         1477    i.ble_lbs_c_button_notif_enable  ble_lbs_c.o
    0x00027a0c   0x00000018   Code   RO         1478    i.ble_lbs_c_handles_assign  ble_lbs_c.o
    0x00027a24   0x00000054   Code   RO         1479    i.ble_lbs_c_init    ble_lbs_c.o
    0x00027a78   0x00000080   Code   RO         1480    i.ble_lbs_c_on_ble_evt  ble_lbs_c.o
    0x00027af8   0x00000058   Code   RO         1482    i.ble_lbs_led_status_send  ble_lbs_c.o
    0x00027b50   0x0000008e   Code   RO         1483    i.ble_lbs_on_db_disc_evt  ble_lbs_c.o
    0x00027bde   0x00000002   PAD
    0x00027be0   0x00000044   Code   RO            6    i.ble_stack_init    main.o
    0x00027c24   0x00000054   Code   RO          547    i.bsp_board_init    boards.o
    0x00027c78   0x00000010   Code   RO          550    i.bsp_board_led_off  boards.o
    0x00027c88   0x00000010   Code   RO          551    i.bsp_board_led_on  boards.o
    0x00027c98   0x00000012   Code   RO          553    i.bsp_board_leds_off  boards.o
    0x00027caa   0x00000002   PAD
    0x00027cac   0x00000044   Code   RO          665    i.bsp_event_to_button_action_assign  bsp.o
    0x00027cf0   0x00000028   Code   RO            7    i.button_event_handler  main.o
    0x00027d18   0x0000001c   Code   RO         1893    i.channel_free      nrfx_gpiote.o
    0x00027d34   0x00000048   Code   RO         1894    i.channel_port_alloc  nrfx_gpiote.o
    0x00027d7c   0x00000010   Code   RO         1895    i.channel_port_get  nrfx_gpiote.o
    0x00027d8c   0x00000042   Code   RO         1213    i.characteristics_discover  ble_db_discovery.o
    0x00027dce   0x00000002   PAD
    0x00027dd0   0x00000028   Code   RO         1565    i.clock_clk_started_notify  nrf_drv_clock.o
    0x00027df8   0x0000001c   Code   RO         1566    i.clock_irq_handler  nrf_drv_clock.o
    0x00027e14   0x000000ac   Code   RO         2964    i.compare_reg_update  app_timer.o
    0x00027ec0   0x0000003e   Code   RO         1062    i.conn_handle_list_get  ble_conn_state.o
    0x00027efe   0x0000001e   Code   RO         1387    i.data_length_update  nrf_ble_gatt.o
    0x00027f1c   0x00000014   Code   RO            8    i.db_disc_handler   main.o
    0x00027f30   0x0000008c   Code   RO         1214    i.descriptors_discover  ble_db_discovery.o
    0x00027fbc   0x00000098   Code   RO         2738    i.detection_delay_timeout_handler  app_button.o
    0x00028054   0x00000048   Code   RO            9    i.disable_connect_led  main.o
    0x0002809c   0x00000090   Code   RO         1215    i.discovery_complete_evt_trigger  ble_db_discovery.o
    0x0002812c   0x0000003c   Code   RO         1216    i.discovery_error_evt_trigger  ble_db_discovery.o
    0x00028168   0x0000005c   Code   RO         1217    i.discovery_start   ble_db_discovery.o
    0x000281c4   0x00000040   Code   RO         2965    i.elapsed_ticks_acquire  app_timer.o
    0x00028204   0x000000a8   Code   RO           10    i.event_of_b        main.o
    0x000282ac   0x000000a8   Code   RO           11    i.event_of_b1       main.o
    0x00028354   0x000000ac   Code   RO           12    i.event_of_b2       main.o
    0x00028400   0x000000ac   Code   RO           13    i.event_of_b3       main.o
    0x000284ac   0x00000054   Code   RO         3710    i.event_send        nrf_fstorage_sd.o
    0x00028500   0x00000014   Code   RO         4191    i.fifo_get          app_fifo.o
    0x00028514   0x00000012   Code   RO         4192    i.fifo_put          app_fifo.o
    0x00028526   0x0000000e   Code   RO         4025    i.fputc             retarget.o
    0x00028534   0x00000084   Code   RO         2739    i.gpiote_event_handler  app_button.o
    0x000285b8   0x00000080   Code   RO         2458    i.interrupts_enable  nrfx_uarte.o
    0x00028638   0x000000a0   Code   RO         2620    i.irq_handler       nrfx_rtc.o
    0x000286d8   0x0000004c   Code   RO         1218    i.is_desc_discovery_reqd  ble_db_discovery.o
    0x00028724   0x00000002   Code   RO           14    i.lbs_c_evt_handler  main.o
    0x00028726   0x00000002   PAD
    0x00028728   0x00000020   Code   RO           15    i.led_status_send_to_two  main.o
    0x00028748   0x00000016   Code   RO         1388    i.link_init         nrf_ble_gatt.o
    0x0002875e   0x00000002   PAD
    0x00028760   0x000000f8   Code   RO         2966    i.list_insertions_handler  app_timer.o
    0x00028858   0x00000160   Code   RO           16    i.main              main.o
    0x000289b8   0x00000016   Code   RO         3238    i.nrf_atfifo_item_free  nrf_atfifo.o
    0x000289ce   0x00000016   Code   RO         3239    i.nrf_atfifo_item_get  nrf_atfifo.o
    0x000289e4   0x00000016   Code   RO         3305    i.nrf_atflags_clear  nrf_atflags.o
    0x000289fa   0x00000016   Code   RO         3310    i.nrf_atflags_get   nrf_atflags.o
    0x00028a10   0x00000014   Code   RO         3312    i.nrf_atflags_set   nrf_atflags.o
    0x00028a24   0x0000000c   Code   RO         3377    i.nrf_atomic_u32_and  nrf_atomic.o
    0x00028a30   0x0000000c   Code   RO         3386    i.nrf_atomic_u32_or  nrf_atomic.o
    0x00028a3c   0x00000010   Code   RO         1896    i.nrf_bitmask_bit_is_set  nrfx_gpiote.o
    0x00028a4c   0x00000014   Code   RO         1897    i.nrf_bitmask_bit_set  nrfx_gpiote.o
    0x00028a60   0x0000002c   Code   RO         1394    i.nrf_ble_gatt_init  nrf_ble_gatt.o
    0x00028a8c   0x000001a8   Code   RO         1395    i.nrf_ble_gatt_on_ble_evt  nrf_ble_gatt.o
    0x00028c34   0x0000000e   Code   RO         1761    i.nrf_clock_event_check  nrfx_clock.o
    0x00028c42   0x00000010   Code   RO         1762    i.nrf_clock_event_clear  nrfx_clock.o
    0x00028c52   0x00000002   PAD
    0x00028c54   0x00000038   Code   RO         1573    i.nrf_drv_clock_init  nrf_drv_clock.o
    0x00028c8c   0x00000030   Code   RO         1577    i.nrf_drv_clock_lfclk_release  nrf_drv_clock.o
    0x00028cbc   0x00000068   Code   RO         1708    i.nrf_drv_uart_init  nrf_drv_uart.o
    0x00028d24   0x00000020   Code   RO         4067    i.nrf_drv_uart_rx   app_uart_fifo.o
    0x00028d44   0x00000020   Code   RO         4068    i.nrf_drv_uart_tx   app_uart_fifo.o
    0x00028d64   0x00000018   Code   RO         3713    i.nrf_fstorage_sdh_req_handler  nrf_fstorage_sd.o
    0x00028d7c   0x00000020   Code   RO         3714    i.nrf_fstorage_sdh_state_handler  nrf_fstorage_sd.o
    0x00028d9c   0x000000a4   Code   RO         3715    i.nrf_fstorage_sys_evt_handler  nrf_fstorage_sd.o
    0x00028e40   0x00000032   Code   RO          557    i.nrf_gpio_cfg      boards.o
    0x00028e72   0x00000032   Code   RO         1898    i.nrf_gpio_cfg      nrfx_gpiote.o
    0x00028ea4   0x00000032   Code   RO         2260    i.nrf_gpio_cfg      nrfx_uart.o
    0x00028ed6   0x00000032   Code   RO         2459    i.nrf_gpio_cfg      nrfx_uarte.o
    0x00028f08   0x00000012   Code   RO         2262    i.nrf_gpio_cfg_input  nrfx_uart.o
    0x00028f1a   0x00000012   Code   RO         2461    i.nrf_gpio_cfg_input  nrfx_uarte.o
    0x00028f2c   0x00000018   Code   RO           17    i.nrf_gpio_cfg_output  main.o
    0x00028f44   0x00000014   Code   RO         2263    i.nrf_gpio_cfg_output  nrfx_uart.o
    0x00028f58   0x00000014   Code   RO         2462    i.nrf_gpio_cfg_output  nrfx_uarte.o
    0x00028f6c   0x00000030   Code   RO         1900    i.nrf_gpio_cfg_sense_set  nrfx_gpiote.o
    0x00028f9c   0x00000014   Code   RO           18    i.nrf_gpio_pin_clear  main.o
    0x00028fb0   0x0000001c   Code   RO           19    i.nrf_gpio_pin_port_decode  main.o
    0x00028fcc   0x0000001c   Code   RO          558    i.nrf_gpio_pin_port_decode  boards.o
    0x00028fe8   0x0000001c   Code   RO         1902    i.nrf_gpio_pin_port_decode  nrfx_gpiote.o
    0x00029004   0x0000001c   Code   RO         2264    i.nrf_gpio_pin_port_decode  nrfx_uart.o
    0x00029020   0x0000001c   Code   RO         2463    i.nrf_gpio_pin_port_decode  nrfx_uarte.o
    0x0002903c   0x00000016   Code   RO         1903    i.nrf_gpio_pin_read  nrfx_gpiote.o
    0x00029052   0x00000014   Code   RO           20    i.nrf_gpio_pin_set  main.o
    0x00029066   0x00000014   Code   RO         2265    i.nrf_gpio_pin_set  nrfx_uart.o
    0x0002907a   0x00000014   Code   RO         2464    i.nrf_gpio_pin_set  nrfx_uarte.o
    0x0002908e   0x00000026   Code   RO          559    i.nrf_gpio_pin_write  boards.o
    0x000290b4   0x0000002c   Code   RO         1905    i.nrf_gpio_ports_read  nrfx_gpiote.o
    0x000290e0   0x00000014   Code   RO         1906    i.nrf_gpiote_event_clear  nrfx_gpiote.o
    0x000290f4   0x00000010   Code   RO         1907    i.nrf_gpiote_event_is_set  nrfx_gpiote.o
    0x00029104   0x00000028   Code   RO         3887    i.nrf_pwr_mgmt_init  nrf_pwr_mgmt.o
    0x0002912c   0x00000044   Code   RO         3888    i.nrf_pwr_mgmt_run  nrf_pwr_mgmt.o
    0x00029170   0x0000000c   Code   RO         2621    i.nrf_rtc_event_clear  nrfx_rtc.o
    0x0002917c   0x00000014   Code   RO         4738    i.nrf_sdh_ble_app_ram_start_get  nrf_sdh_ble.o
    0x00029190   0x000000a0   Code   RO         4739    i.nrf_sdh_ble_default_cfg_set  nrf_sdh_ble.o
    0x00029230   0x00000014   Code   RO         4740    i.nrf_sdh_ble_enable  nrf_sdh_ble.o
    0x00029244   0x000000a0   Code   RO         4741    i.nrf_sdh_ble_evts_poll  nrf_sdh_ble.o
    0x000292e4   0x00000054   Code   RO         4622    i.nrf_sdh_disable_request  nrf_sdh.o
    0x00029338   0x00000074   Code   RO         4623    i.nrf_sdh_enable_request  nrf_sdh.o
    0x000293ac   0x00000024   Code   RO         4624    i.nrf_sdh_evts_poll  nrf_sdh.o
    0x000293d0   0x0000000c   Code   RO         4625    i.nrf_sdh_is_enabled  nrf_sdh.o
    0x000293dc   0x0000001c   Code   RO         4627    i.nrf_sdh_request_continue  nrf_sdh.o
    0x000293f8   0x00000080   Code   RO         4789    i.nrf_sdh_soc_evts_poll  nrf_sdh_soc.o
    0x00029478   0x0000000a   Code   RO         3956    i.nrf_section_iter_init  nrf_section_iter.o
    0x00029482   0x00000024   Code   RO         3957    i.nrf_section_iter_item_set  nrf_section_iter.o
    0x000294a6   0x00000020   Code   RO         3958    i.nrf_section_iter_next  nrf_section_iter.o
    0x000294c6   0x0000000a   Code   RO         2266    i.nrf_uart_event_check  nrfx_uart.o
    0x000294d0   0x0000000c   Code   RO         2267    i.nrf_uart_event_clear  nrfx_uart.o
    0x000294dc   0x0000000c   Code   RO         2268    i.nrf_uart_int_enable_check  nrfx_uart.o
    0x000294e8   0x0000000a   Code   RO         2465    i.nrf_uarte_event_check  nrfx_uarte.o
    0x000294f2   0x0000000c   Code   RO         2466    i.nrf_uarte_event_clear  nrfx_uarte.o
    0x000294fe   0x00000002   PAD
    0x00029500   0x0000002c   Code   RO         1767    i.nrfx_clock_enable  nrfx_clock.o
    0x0002952c   0x00000020   Code   RO         1770    i.nrfx_clock_init   nrfx_clock.o
    0x0002954c   0x0000001c   Code   RO         1773    i.nrfx_clock_lfclk_stop  nrfx_clock.o
    0x00029568   0x00000010   Code   RO         2967    i.nrfx_coredep_delay_us  app_timer.o
    0x00029578   0x00000048   Code   RO         1911    i.nrfx_gpiote_in_event_disable  nrfx_gpiote.o
    0x000295c0   0x00000098   Code   RO         1912    i.nrfx_gpiote_in_event_enable  nrfx_gpiote.o
    0x00029658   0x000000d4   Code   RO         1913    i.nrfx_gpiote_in_init  nrfx_gpiote.o
    0x0002972c   0x0000000e   Code   RO         1914    i.nrfx_gpiote_in_is_set  nrfx_gpiote.o
    0x0002973a   0x00000002   PAD
    0x0002973c   0x00000074   Code   RO         1916    i.nrfx_gpiote_init  nrfx_gpiote.o
    0x000297b0   0x00000014   Code   RO         1917    i.nrfx_gpiote_is_init  nrfx_gpiote.o
    0x000297c4   0x00000010   Code   RO         2467    i.nrfx_is_in_ram    nrfx_uarte.o
    0x000297d4   0x0000003a   Code   RO         2209    i.nrfx_prs_acquire  nrfx_prs.o
    0x0002980e   0x00000002   PAD
    0x00029810   0x00000018   Code   RO         2625    i.nrfx_rtc_enable   nrfx_rtc.o
    0x00029828   0x0000008c   Code   RO         2626    i.nrfx_rtc_init     nrfx_rtc.o
    0x000298b4   0x00000024   Code   RO         2631    i.nrfx_rtc_tick_enable  nrfx_rtc.o
    0x000298d8   0x00000010   Code   RO         2269    i.nrfx_uart_0_irq_handler  nrfx_uart.o
    0x000298e8   0x000000d4   Code   RO         2271    i.nrfx_uart_init    nrfx_uart.o
    0x000299bc   0x000000ec   Code   RO         2272    i.nrfx_uart_rx      nrfx_uart.o
    0x00029aa8   0x000000a4   Code   RO         2277    i.nrfx_uart_tx      nrfx_uart.o
    0x00029b4c   0x00000020   Code   RO         2279    i.nrfx_uart_tx_in_progress  nrfx_uart.o
    0x00029b6c   0x00000010   Code   RO         2468    i.nrfx_uarte_0_irq_handler  nrfx_uarte.o
    0x00029b7c   0x0000006c   Code   RO         2470    i.nrfx_uarte_init   nrfx_uarte.o
    0x00029be8   0x00000104   Code   RO         2471    i.nrfx_uarte_rx     nrfx_uarte.o
    0x00029cec   0x00000090   Code   RO         2474    i.nrfx_uarte_tx     nrfx_uarte.o
    0x00029d7c   0x0000001c   Code   RO         2476    i.nrfx_uarte_tx_in_progress  nrfx_uarte.o
    0x00029d98   0x000000d4   Code   RO           21    i.on_adv_report     main.o
    0x00029e6c   0x00000114   Code   RO         1219    i.on_characteristic_discovery_rsp  ble_db_discovery.o
    0x00029f80   0x000000f0   Code   RO         1220    i.on_descriptor_discovery_rsp  ble_db_discovery.o
    0x0002a070   0x0000006c   Code   RO         1221    i.on_primary_srv_discovery_rsp  ble_db_discovery.o
    0x0002a0dc   0x0000007c   Code   RO         1222    i.on_srv_disc_completion  ble_db_discovery.o
    0x0002a158   0x00000018   Code   RO         1933    i.pin_in_use_by_port  nrfx_gpiote.o
    0x0002a170   0x00000018   Code   RO         1934    i.pin_in_use_by_te  nrfx_gpiote.o
    0x0002a188   0x00000018   Code   RO         2211    i.prs_box_get       nrfx_prs.o
    0x0002a1a0   0x00000014   Code   RO         3716    i.queue_free        nrf_fstorage_sd.o
    0x0002a1b4   0x000000a0   Code   RO         3717    i.queue_process     nrf_fstorage_sd.o
    0x0002a254   0x00000038   Code   RO         1223    i.registered_handler_get  ble_db_discovery.o
    0x0002a28c   0x0000003c   Code   RO         2968    i.rtc1_stop         app_timer.o
    0x0002a2c8   0x00000018   Code   RO          436    i.rtcCallbackFunc   board_rtc.o
    0x0002a2e0   0x00000032   Code   RO         2281    i.rx_byte           nrfx_uart.o
    0x0002a312   0x00000016   Code   RO         2282    i.rx_done_event     nrfx_uart.o
    0x0002a328   0x00000018   Code   RO         2478    i.rx_done_event     nrfx_uarte.o
    0x0002a340   0x00000020   Code   RO         2283    i.rx_enable         nrfx_uart.o
    0x0002a360   0x00000018   Code   RO           22    i.scan_start        main.o
    0x0002a378   0x00000050   Code   RO         1580    i.sd_state_evt_handler  nrf_drv_clock.o
    0x0002a3c8   0x00000030   Code   RO         4630    i.sdh_request_observer_notify  nrf_sdh.o
    0x0002a3f8   0x0000002c   Code   RO         4631    i.sdh_state_observer_notify  nrf_sdh.o
    0x0002a424   0x00000018   Code   RO         1581    i.soc_evt_handler   nrf_drv_clock.o
    0x0002a43c   0x00000078   Code   RO         4632    i.softdevice_evt_irq_disable  nrf_sdh.o
    0x0002a4b4   0x00000098   Code   RO         4633    i.softdevices_evt_irq_enable  nrf_sdh.o
    0x0002a54c   0x00000080   Code   RO         2969    i.timer_list_handler  app_timer.o
    0x0002a5cc   0x0000003c   Code   RO         2970    i.timer_list_insert  app_timer.o
    0x0002a608   0x00000060   Code   RO         2971    i.timer_list_remove  app_timer.o
    0x0002a668   0x00000048   Code   RO         2972    i.timer_stop_op_schedule  app_timer.o
    0x0002a6b0   0x00000074   Code   RO         2973    i.timer_timeouts_check  app_timer.o
    0x0002a724   0x00000048   Code   RO         1484    i.tx_buffer_process  ble_lbs_c.o
    0x0002a76c   0x00000020   Code   RO         2284    i.tx_byte           nrfx_uart.o
    0x0002a78c   0x0000001a   Code   RO         2285    i.tx_done_event     nrfx_uart.o
    0x0002a7a6   0x00000002   PAD
    0x0002a7a8   0x00000044   Code   RO           23    i.uart_event_handle  main.o
    0x0002a7ec   0x000000a0   Code   RO         4069    i.uart_event_handler  app_uart_fifo.o
    0x0002a88c   0x00000030   Code   RO         1709    i.uart_evt_handler  nrf_drv_uart.o
    0x0002a8bc   0x00000128   Code   RO         2286    i.uart_irq_handler  nrfx_uart.o
    0x0002a9e4   0x00000030   Code   RO         1710    i.uarte_evt_handler  nrf_drv_uart.o
    0x0002aa14   0x000000f4   Code   RO         2479    i.uarte_irq_handler  nrfx_uarte.o
    0x0002ab08   0x00000030   Code   RO         2974    i.user_op_alloc     app_timer.o
    0x0002ab38   0x00000030   Data   RO           26    .constdata          main.o
    0x0002ab68   0x00000010   Data   RO          437    .constdata          board_rtc.o
    0x0002ab78   0x00000008   Data   RO          560    .constdata          boards.o
    0x0002ab80   0x0000007c   Data   RO         1225    .constdata          ble_db_discovery.o
    0x0002abfc   0x00000016   Data   RO         1396    .constdata          nrf_ble_gatt.o
    0x0002ac12   0x00000002   PAD
    0x0002ac14   0x0000001c   Data   RO         1486    .constdata          ble_lbs_c.o
    0x0002ac30   0x00000008   Data   RO         1936    .constdata          nrfx_gpiote.o
    0x0002ac38   0x00000004   Data   RO         2289    .constdata          nrfx_uart.o
    0x0002ac3c   0x00000004   Data   RO         2482    .constdata          nrfx_uarte.o
    0x0002ac40   0x00000008   Data   RO         2741    .constdata          app_button.o
    0x0002ac48   0x00000008   PAD
    0x0002ac50   0x00000006   Data   RO         2976    .constdata          app_timer.o
    0x0002ac56   0x00000002   PAD
    0x0002ac58   0x00000010   Data   RO         3726    .constdata          nrf_fstorage_sd.o
    0x0002ac68   0x00000018   Data   RO         3892    .constdata          nrf_pwr_mgmt.o
    0x0002ac80   0x0000000c   Data   RO         3893    .constdata          nrf_pwr_mgmt.o
    0x0002ac8c   0x00000020   Data   RO         4071    .constdata          app_uart_fifo.o
    0x0002acac   0x00000010   Data   RO         4634    .constdata          nrf_sdh.o
    0x0002acbc   0x00000028   Data   RO         4635    .constdata          nrf_sdh.o
    0x0002ace4   0x00000010   Data   RO         4636    .constdata          nrf_sdh.o
    0x0002acf4   0x00000010   Data   RO         4637    .constdata          nrf_sdh.o
    0x0002ad04   0x00000020   Data   RO         4742    .constdata          nrf_sdh_ble.o
    0x0002ad24   0x00000010   Data   RO         4743    .constdata          nrf_sdh_ble.o
    0x0002ad34   0x00000010   Data   RO         4790    .constdata          nrf_sdh_soc.o
    0x0002ad44   0x0000000c   Data   RO         4791    .constdata          nrf_sdh_soc.o
    0x0002ad50   0x0000002e   Data   RO           27    .conststring        main.o
    0x0002ad7e   0x00000002   PAD
    0x0002ad80   0x00000020   Data   RO         5180    Region$$Table       anon$$obj.o
    0x0002ada0   0x00000008   Data   RO         1066    sdh_ble_observers0  ble_conn_state.o
    0x0002ada8   0x00000028   Data   RO           33    sdh_ble_observers1  main.o
    0x0002add0   0x00000008   Data   RO          782    sdh_ble_observers1  bsp_btn_ble.o
    0x0002add8   0x00000020   Data   RO           34    sdh_ble_observers2  main.o
    0x0002adf8   0x00000008   Data   RO           35    sdh_ble_observers3  main.o
    0x0002ae00   0x00000008   Data   RO         3729    sdh_req_observers0  nrf_fstorage_sd.o
    0x0002ae08   0x00000008   Data   RO         1587    sdh_soc_observers0  nrf_drv_clock.o
    0x0002ae10   0x00000008   Data   RO         3730    sdh_soc_observers0  nrf_fstorage_sd.o
    0x0002ae18   0x00000008   Data   RO         4745    sdh_stack_observers0  nrf_sdh_ble.o
    0x0002ae20   0x00000008   Data   RO         4792    sdh_stack_observers0  nrf_sdh_soc.o
    0x0002ae28   0x00000008   Data   RO         1588    sdh_state_observers0  nrf_drv_clock.o
    0x0002ae30   0x00000008   Data   RO         3731    sdh_state_observers0  nrf_fstorage_sd.o


    Execution Region RW_IRAM1 (Base: 0x200047d8, Size: 0x000036e8, Max: 0x0000bc98, ABSOLUTE, COMPRESSED[0x00000048])

    Base Addr    Size         Type   Attr      Idx    E Section Name        Object

    0x200047d8   0x00000b68   Data   RW           28    .data               main.o
    0x20005340   0x00000004   Data   RW          438    .data               board_rtc.o
    0x20005344   0x00000008   Data   RW          781    .data               bsp_btn_ble.o
    0x2000534c   0x00000010   Data   RW         1226    .data               ble_db_discovery.o
    0x2000535c   0x00000008   Data   RW         1487    .data               ble_lbs_c.o
    0x20005364   0x00000014   Data   RW         1711    .data               nrf_drv_uart.o
    0x20005378   0x00000008   Data   RW         1777    .data               nrfx_clock.o
    0x20005380   0x00000008   Data   RW         2213    .data               nrfx_prs.o
    0x20005388   0x00000008   Data   RW         2636    .data               nrfx_rtc.o
    0x20005390   0x00000020   Data   RW         2742    .data               app_button.o
    0x200053b0   0x00000014   Data   RW         2977    .data               app_timer.o
    0x200053c4   0x00000008   Data   RW         3728    .data               nrf_fstorage_sd.o
    0x200053cc   0x00000008   Data   RW         3894    .data               nrf_pwr_mgmt.o
    0x200053d4   0x00000004   Data   RW         4026    .data               retarget.o
    0x200053d8   0x0000001c   Data   RW         4072    .data               app_uart_fifo.o
    0x200053f4   0x00000003   Data   RW         4638    .data               nrf_sdh.o
    0x200053f7   0x00000001   Data   RW         4744    .data               nrf_sdh_ble.o
    0x200053f8   0x00000004   Data   RW         4830    .data               system_nrf52840.o
    0x200053fc   0x00000360   Zero   RW           24    .bss                main.o
    0x2000575c   0x0000001f   Zero   RW           25    .bss                main.o
    0x2000577b   0x0000000c   Zero   RW          677    .bss                bsp.o
    0x20005787   0x00000001   PAD
    0x20005788   0x00000078   Zero   RW         1065    .bss                ble_conn_state.o
    0x20005800   0x00000318   Zero   RW         1224    .bss                ble_db_discovery.o
    0x20005b18   0x000000a0   Zero   RW         1485    .bss                ble_lbs_c.o
    0x20005bb8   0x00000014   Zero   RW         1582    .bss                nrf_drv_clock.o
    0x20005bcc   0x0000006c   Zero   RW         1935    .bss                nrfx_gpiote.o
    0x20005c38   0x0000002c   Zero   RW         2287    .bss                nrfx_uart.o
    0x20005c64   0x00000024   Zero   RW         2480    .bss                nrfx_uarte.o
    0x20005c88   0x00000020   Zero   RW         2740    .bss                app_button.o
    0x20005ca8   0x00000020   Zero   RW         2801    .bss                app_error.o
    0x20005cc8   0x0000010c   Zero   RW         2975    .bss                app_timer.o
    0x20005dd4   0x0000000c   Zero   RW         3125    .bss                app_util_platform.o
    0x20005de0   0x00000010   Zero   RW         3724    .bss                nrf_fstorage_sd.o
    0x20005df0   0x000000a0   Zero   RW         3725    .bss                nrf_fstorage_sd.o
    0x20005e90   0x0000000c   Zero   RW         3891    .bss                nrf_pwr_mgmt.o
    0x20005e9c   0x00000020   Zero   RW         4070    .bss                app_uart_fifo.o
    0x20005ebc   0x00000004   PAD
    0x20005ec0   0x00002000   Zero   RW         4818    STACK               arm_startup_nrf52840.o


==============================================================================

Image component sizes


      Code (inc. data)   RO Data    RW Data    ZI Data      Debug   Object Name

       488         46          8         32         32      13735   app_button.o
       100          4          0          0         32       3382   app_error.o
        26          0          0          0          0        564   app_error_handler_keil.o
        24          4          0          0          0       4634   app_error_weak.o
       118          0          0          0          0       4422   app_fifo.o
      1506        118          6         20        268      48319   app_timer.o
       588        120         32         28         32      21534   app_uart_fifo.o
       124         14          0          0         12       9426   app_util_platform.o
        36          8        512          0       8192        928   arm_startup_nrf52840.o
       124          0          0          0          0      29039   ble_advdata.o
         0          0          0          0          0       3264   ble_advertising.o
       458         74          8          0        120       7971   ble_conn_state.o
      1658         78        124         16        792      18635   ble_db_discovery.o
       626         30         28          8        160      18286   ble_lbs_c.o
       180         86         16          4          0      49012   board_rtc.o
       250         22          8          0          0       9793   boards.o
        68          4          0          0         12       6752   bsp.o
       182          6          8          8          0       7452   bsp_btn_ble.o
      2194        352        174       2920        895     131015   main.o
       244          0          0          0          0       5617   nrf_atfifo.o
        64          0          0          0          0       2940   nrf_atflags.o
       250          0          0          0          0       3672   nrf_atomic.o
       520          6         22          0          0      34238   nrf_ble_gatt.o
       276         34         16          0         20      37434   nrf_drv_clock.o
       200         26          0         20          0      17624   nrf_drv_uart.o
       484         42         40          8        176       9443   nrf_fstorage_sd.o
       108         16         36          8         12      36217   nrf_pwr_mgmt.o
       680        180         88          3          0      41420   nrf_sdh.o
       360         84         56          1          0       5539   nrf_sdh_ble.o
       128         68         36          0          0       2352   nrf_sdh_soc.o
        78          0          0          0          0       2756   nrf_section_iter.o
       222         28          0          8          0      39556   nrfx_clock.o
      1450         98          8          0        108      60243   nrfx_gpiote.o
        94         16          0          8          0       3641   nrfx_prs.o
       388         20          0          8          0      11203   nrfx_rtc.o
      1406         42          4          0         44      31968   nrfx_uart.o
      1244         44          4          0         36      24561   nrfx_uarte.o
        14          0          0          4          0       2854   retarget.o
       476         60          0          4          0      28938   system_nrf52840.o

    ----------------------------------------------------------------------
     17464       1730       1280       3108      10948     790379   Object Totals
         0          0         32          0          0          0   (incl. Generated)
        28          0         14          0          5          0   (incl. Padding)

    ----------------------------------------------------------------------

      Code (inc. data)   RO Data    RW Data    ZI Data      Debug   Library Member Name

        86          0          0          0          0          0   __dczerorl2.o
         0          0          0          0          0          0   entry.o
         0          0          0          0          0          0   entry10a.o
         0          0          0          0          0          0   entry11a.o
         8          4          0          0          0          0   entry2.o
         4          0          0          0          0          0   entry5.o
         0          0          0          0          0          0   entry7b.o
         0          0          0          0          0          0   entry8b.o
         8          4          0          0          0          0   entry9a.o
        30          0          0          0          0          0   handlers.o
        36          8          0          0          0         68   init.o
        30          0          0          0          0         68   llshl.o
        26          0          0          0          0         80   memcmp.o
        36          0          0          0          0         68   memcpya.o
        36          0          0          0          0        108   memseta.o
       916         20          0          0          0        504   printf6.o
        14          0          0          0          0         68   strlen.o
        44          0          0          0          0         80   uidiv.o

    ----------------------------------------------------------------------
      1280         36          0          0          0       1044   Library Totals
         6          0          0          0          0          0   (incl. Padding)

    ----------------------------------------------------------------------

      Code (inc. data)   RO Data    RW Data    ZI Data      Debug   Library Name

      1274         36          0          0          0       1044   mc_w.l

    ----------------------------------------------------------------------
      1280         36          0          0          0       1044   Library Totals

    ----------------------------------------------------------------------

==============================================================================


      Code (inc. data)   RO Data    RW Data    ZI Data      Debug   

     18744       1766       1280       3108      10948     768839   Grand Totals
     18744       1766       1280         72      10948     768839   ELF Image Totals (compressed)
     18744       1766       1280         72          0          0   ROM Totals

==============================================================================

    Total RO  Size (Code + RO Data)                20024 (  19.55kB)
    Total RW  Size (RW Data + ZI Data)             14056 (  13.73kB)
    Total ROM Size (Code + RO Data + RW Data)      20096 (  19.63kB)

==============================================================================

