Component: ARM Compiler 5.06 update 1 (build 61) Tool: armlink [4d35a8]

==============================================================================

Section Cross References

    main.o(i.assert_nrf_callback) refers to app_error_handler_keil.o(.emb_text) for app_error_handler
    main.o(i.ble_evt_handler) refers to main.o(i.on_adv_report) for on_adv_report
    main.o(i.ble_evt_handler) refers to main.o(i.disable_connect_led) for disable_connect_led
    main.o(i.ble_evt_handler) refers to app_error_handler_keil.o(.emb_text) for app_error_handler
    main.o(i.ble_evt_handler) refers to nrf_log_frontend.o(i.nrf_log_frontend_std_1) for nrf_log_frontend_std_1
    main.o(i.ble_evt_handler) refers to ble_lbs_c.o(i.ble_lbs_c_handles_assign) for ble_lbs_c_handles_assign
    main.o(i.ble_evt_handler) refers to main.o(i.nrf_gpio_pin_clear) for nrf_gpio_pin_clear
    main.o(i.ble_evt_handler) refers to ble_db_discovery.o(i.ble_db_discovery_start) for ble_db_discovery_start
    main.o(i.ble_evt_handler) refers to boards.o(i.bsp_board_led_on) for bsp_board_led_on
    main.o(i.ble_evt_handler) refers to ble_conn_state.o(i.ble_conn_state_central_conn_count) for ble_conn_state_central_conn_count
    main.o(i.ble_evt_handler) refers to main.o(i.scan_start) for scan_start
    main.o(i.ble_evt_handler) refers to boards.o(i.bsp_board_led_off) for bsp_board_led_off
    main.o(i.ble_evt_handler) refers to nrf_log_frontend.o(i.nrf_log_frontend_std_2) for nrf_log_frontend_std_2
    main.o(i.ble_evt_handler) refers to app_button.o(i.app_button_disable) for app_button_disable
    main.o(i.ble_evt_handler) refers to main.o(.data) for .data
    main.o(i.ble_evt_handler) refers to nrf_log_frontend.o(log_dynamic_data) for m_nrf_log_app_logs_data_dynamic
    main.o(i.ble_evt_handler) refers to main.o(.bss) for .bss
    main.o(i.ble_evt_handler) refers to main.o(i.event_of_b) for event_of_b
    main.o(i.ble_evt_handler) refers to main.o(i.event_of_b1) for event_of_b1
    main.o(i.ble_evt_handler) refers to main.o(i.event_of_b2) for event_of_b2
    main.o(i.ble_evt_handler) refers to main.o(i.event_of_b3) for event_of_b3
    main.o(i.ble_stack_init) refers to nrf_sdh.o(i.nrf_sdh_enable_request) for nrf_sdh_enable_request
    main.o(i.ble_stack_init) refers to app_error_handler_keil.o(.emb_text) for app_error_handler
    main.o(i.ble_stack_init) refers to nrf_sdh_ble.o(i.nrf_sdh_ble_default_cfg_set) for nrf_sdh_ble_default_cfg_set
    main.o(i.ble_stack_init) refers to nrf_sdh_ble.o(i.nrf_sdh_ble_enable) for nrf_sdh_ble_enable
    main.o(i.ble_stack_init) refers to main.o(i.main) for i.main
    main.o(i.button_event_handler) refers to app_error_handler_keil.o(.emb_text) for app_error_handler
    main.o(i.button_event_handler) refers to main.o(i.led_status_send_to_two) for led_status_send_to_two
    main.o(i.button_event_handler) refers to nrf_log_frontend.o(i.nrf_log_frontend_std_1) for nrf_log_frontend_std_1
    main.o(i.button_event_handler) refers to nrf_log_frontend.o(log_dynamic_data) for m_nrf_log_app_logs_data_dynamic
    main.o(i.db_disc_handler) refers to ble_lbs_c.o(i.ble_lbs_on_db_disc_evt) for ble_lbs_on_db_disc_evt
    main.o(i.db_disc_handler) refers to main.o(.bss) for .bss
    main.o(i.disable_connect_led) refers to main.o(i.nrf_gpio_pin_set) for nrf_gpio_pin_set
    main.o(i.disable_connect_led) refers to main.o(.data) for .data
    main.o(i.event_of_b) refers to board_rtc.o(i.RTC_GetTime) for RTC_GetTime
    main.o(i.event_of_b) refers to printf6.o(i.__0sprintf$6) for __2sprintf
    main.o(i.event_of_b) refers to app_uart_fifo.o(i.app_uart_put) for app_uart_put
    main.o(i.event_of_b) refers to app_button.o(i.app_button_enable) for app_button_enable
    main.o(i.event_of_b) refers to app_error_handler_keil.o(.emb_text) for app_error_handler
    main.o(i.event_of_b) refers to ble_lbs_c.o(i.ble_lbs_c_button_notif_enable) for ble_lbs_c_button_notif_enable
    main.o(i.event_of_b1) refers to board_rtc.o(i.RTC_GetTime) for RTC_GetTime
    main.o(i.event_of_b1) refers to printf6.o(i.__0sprintf$6) for __2sprintf
    main.o(i.event_of_b1) refers to app_uart_fifo.o(i.app_uart_put) for app_uart_put
    main.o(i.event_of_b1) refers to app_button.o(i.app_button_enable) for app_button_enable
    main.o(i.event_of_b1) refers to app_error_handler_keil.o(.emb_text) for app_error_handler
    main.o(i.event_of_b1) refers to ble_lbs_c.o(i.ble_lbs_c_button_notif_enable) for ble_lbs_c_button_notif_enable
    main.o(i.event_of_b2) refers to board_rtc.o(i.RTC_GetTime) for RTC_GetTime
    main.o(i.event_of_b2) refers to printf6.o(i.__0sprintf$6) for __2sprintf
    main.o(i.event_of_b2) refers to app_uart_fifo.o(i.app_uart_put) for app_uart_put
    main.o(i.event_of_b2) refers to app_button.o(i.app_button_enable) for app_button_enable
    main.o(i.event_of_b2) refers to app_error_handler_keil.o(.emb_text) for app_error_handler
    main.o(i.event_of_b2) refers to ble_lbs_c.o(i.ble_lbs_c_button_notif_enable) for ble_lbs_c_button_notif_enable
[...]
    m_op_queue                               0x2000822c   Data         268  app_timer.o(.bss)
    .bss                                     0x20008338   Section       12  app_util_platform.o(.bss)
    .bss                                     0x20008344   Section      160  nrf_fstorage_sd.o(.bss)
    m_fifo_data                              0x20008344   Data         140  nrf_fstorage_sd.o(.bss)
    m_flags                                  0x200083d0   Data          20  nrf_fstorage_sd.o(.bss)
    .bss                                     0x200083e4   Section       12  nrf_pwr_mgmt.o(.bss)
    m_handlers_iter                          0x200083e4   Data          12  nrf_pwr_mgmt.o(.bss)
    .bss                                     0x200083f0   Section       32  app_uart_fifo.o(.bss)
    m_rx_fifo                                0x200083f0   Data          16  app_uart_fifo.o(.bss)
    m_tx_fifo                                0x20008400   Data          16  app_uart_fifo.o(.bss)
    .bss                                     0x20008410   Section       64  nrf_log_backend_rtt.o(.bss)
    m_string_buff                            0x20008410   Data          64  nrf_log_backend_rtt.o(.bss)
    .bss                                     0x20008450   Section      192  nrf_log_frontend.o(.bss)
    log_mempool_nrf_balloc_pool_mem          0x20008450   Data         192  nrf_log_frontend.o(.bss)
    .bss                                     0x20008510   Section     1060  nrf_log_frontend.o(.bss)
    m_log_data                               0x20008510   Data        1060  nrf_log_frontend.o(.bss)
    .bss                                     0x20008934   Section      648  segger_rtt.o(.bss)
    _acUpBuffer                              0x200089ac   Data         512  segger_rtt.o(.bss)
    _acDownBuffer                            0x20008bac   Data          16  segger_rtt.o(.bss)
    STACK                                    0x20008bc0   Section     8192  arm_startup_nrf52.o(STACK)

    Global Symbols

    Symbol Name                              Value     Ov Type        Size  Object(Section)

    BuildAttributes$$THM_ISAv4$E$P$D$K$B$S$7EM$VFPi3$EXTD16$VFPS$VFMA$PE$A:L22UL41UL21$X:L11$S22US41US21$IEEE1$IW$USESV6$~STKCKD$USESV7$~SHL$OSPACE$ROPI$EBA8$MICROLIB$REQ8$EABIv2 0x00000000   Number         0  anon$$obj.o ABSOLUTE
    __ARM_use_no_argv                        0x00000000   Number         0  main.o ABSOLUTE
    _printf_a                                0x00000000   Number         0  stubs.o ABSOLUTE
    _printf_c                                0x00000000   Number         0  stubs.o ABSOLUTE
    _printf_charcount                        0x00000000   Number         0  stubs.o ABSOLUTE
    _printf_d                                0x00000000   Number         0  stubs.o ABSOLUTE
    _printf_e                                0x00000000   Number         0  stubs.o ABSOLUTE
    _printf_f                                0x00000000   Number         0  stubs.o ABSOLUTE
    _printf_flags                            0x00000000   Number         0  stubs.o ABSOLUTE
    _printf_fp_dec                           0x00000000   Number         0  stubs.o ABSOLUTE
    _printf_fp_hex                           0x00000000   Number         0  stubs.o ABSOLUTE
    _printf_g                                0x00000000   Number         0  stubs.o ABSOLUTE
    _printf_i                                0x00000000   Number         0  stubs.o ABSOLUTE
    _printf_int_dec                          0x00000000   Number         0  stubs.o ABSOLUTE
    _printf_l                                0x00000000   Number         0  stubs.o ABSOLUTE
    _printf_lc                               0x00000000   Number         0  stubs.o ABSOLUTE
    _printf_ll                               0x00000000   Number         0  stubs.o ABSOLUTE
    _printf_lld                              0x00000000   Number         0  stubs.o ABSOLUTE
    _printf_lli                              0x00000000   Number         0  stubs.o ABSOLUTE
    _printf_llo                              0x00000000   Number         0  stubs.o ABSOLUTE
    _printf_llu                              0x00000000   Number         0  stubs.o ABSOLUTE
    _printf_llx                              0x00000000   Number         0  stubs.o ABSOLUTE
    _printf_longlong_dec                     0x00000000   Number         0  stubs.o ABSOLUTE
    _printf_longlong_hex                     0x00000000   Number         0  stubs.o ABSOLUTE
    _printf_longlong_oct                     0x00000000   Number         0  stubs.o ABSOLUTE
    _printf_ls                               0x00000000   Number         0  stubs.o ABSOLUTE
    _printf_mbtowc                           0x00000000   Number         0  stubs.o ABSOLUTE
    _printf_n                                0x00000000   Number         0  stubs.o ABSOLUTE
    _printf_o                                0x00000000   Number         0  stubs.o ABSOLUTE
    _printf_p                                0x00000000   Number         0  stubs.o ABSOLUTE
    _printf_percent                          0x00000000   Number         0  stubs.o ABSOLUTE
    _printf_pre_padding                      0x00000000   Number         0  stubs.o ABSOLUTE
    _printf_return_value                     0x00000000   Number         0  stubs.o ABSOLUTE
    _printf_s                                0x00000000   Number         0  stubs.o ABSOLUTE
    _printf_sizespec                         0x00000000   Number         0  stubs.o ABSOLUTE
    _printf_str                              0x00000000   Number         0  stubs.o ABSOLUTE
    _printf_truncate_signed                  0x00000000   Number         0  stubs.o ABSOLUTE
    _printf_truncate_unsigned                0x00000000   Number         0  stubs.o ABSOLUTE
    _printf_u                                0x00000000   Number         0  stubs.o ABSOLUTE
    _printf_wc                               0x00000000   Number         0  stubs.o ABSOLUTE
    _printf_wctomb                           0x00000000   Number         0  stubs.o ABSOLUTE
    _printf_widthprec                        0x00000000   Number         0  stubs.o ABSOLUTE
    _printf_x                                0x00000000   Number         0  stubs.o ABSOLUTE
    __cpp_initialize__aeabi_                  - Undefined Weak Reference
    __cxa_finalize                            - Undefined Weak Reference
    _clock_init                               - Undefined Weak Reference
    _microlib_exit                            - Undefined Weak Reference
    fs_data$$Base                             - Undefined Reference
    fs_data$$Limit                            - Undefined Reference
    pwr_mgmt_data0$$Base                      - Undefined Reference
    pwr_mgmt_data0$$Limit                     - Undefined Reference
    pwr_mgmt_data1$$Base                      - Undefined Reference
    pwr_mgmt_data1$$Limit                     - Undefined Reference
    pwr_mgmt_data2$$Base                      - Undefined Reference
    pwr_mgmt_data2$$Limit                     - Undefined Reference
    sdh_req_observers1$$Base                  - Undefined Reference
    sdh_req_observers1$$Limit                 - Undefined Reference
    sdh_soc_observers1$$Base                  - Undefined Reference
    sdh_soc_observers1$$Limit                 - Undefined Reference
    sdh_stack_observers1$$Base                - Undefined Reference
    sdh_stack_observers1$$Limit               - Undefined Reference
    sdh_state_observers1$$Base                - Undefined Reference
    sdh_state_observers1$$Limit               - Undefined Reference
    __Vectors_Size                           0x00000200   Number         0  arm_startup_nrf52.o ABSOLUTE
    __Vectors                                0x00026000   Data           4  arm_startup_nrf52.o(RESET)
    __Vectors_End                            0x00026200   Data           0  arm_startup_nrf52.o(RESET)
    __main                                   0x00026201   Thumb Code     0  entry.o(.ARM.Collect$$$$00000000)
    _main_stk                                0x00026201   Thumb Code     0  entry2.o(.ARM.Collect$$$$00000001)
    _main_scatterload                        0x00026205   Thumb Code     0  entry5.o(.ARM.Collect$$$$00000004)
    __main_after_scatterload                 0x00026209   Thumb Code     0  entry5.o(.ARM.Collect$$$$00000004)
    _main_clock                              0x00026209   Thumb Code     0  entry7b.o(.ARM.Collect$$$$00000008)
    _main_cpp_init                           0x00026209   Thumb Code     0  entry8b.o(.ARM.Collect$$$$0000000A)
    _main_init                               0x00026209   Thumb Code     0  entry9a.o(.ARM.Collect$$$$0000000B)
    __rt_final_cpp                           0x00026211   Thumb Code     0  entry10a.o(.ARM.Collect$$$$0000000D)
    __rt_final_exit                          0x00026211   Thumb Code     0  entry11a.o(.ARM.Collect$$$$0000000F)
    app_error_handler                        0x00026215   Thumb Code    26  app_error_handler_keil.o(.emb_text)
    __asm___12_nrf_atfifo_c_51f461e1__nrf_atfifo_wspace_req 0x00026231   Thumb Code    56  nrf_atfifo.o(.emb_text)
    __asm___12_nrf_atfifo_c_51f461e1__nrf_atfifo_wspace_close 0x00026269   Thumb Code    18  nrf_atfifo.o(.emb_text)
    __asm___12_nrf_atfifo_c_51f461e1__nrf_atfifo_rspace_req 0x0002627b   Thumb Code    58  nrf_atfifo.o(.emb_text)
    __asm___12_nrf_atfifo_c_51f461e1__nrf_atfifo_rspace_close 0x000262b5   Thumb Code    18  nrf_atfifo.o(.emb_text)
    __asm___12_nrf_atfifo_c_51f461e1__nrf_atfifo_space_clear 0x000262c7   Thumb Code    50  nrf_atfifo.o(.emb_text)
    __asm___12_nrf_atomic_c_85ca2469__nrf_atomic_internal_mov 0x000262f9   Thumb Code    24  nrf_atomic.o(.emb_text)
    __asm___12_nrf_atomic_c_85ca2469__nrf_atomic_internal_orr 0x00026311   Thumb Code    26  nrf_atomic.o(.emb_text)
    __asm___12_nrf_atomic_c_85ca2469__nrf_atomic_internal_and 0x0002632b   Thumb Code    26  nrf_atomic.o(.emb_text)
    __asm___12_nrf_atomic_c_85ca2469__nrf_atomic_internal_eor 0x00026345   Thumb Code    26  nrf_atomic.o(.emb_text)
    __asm___12_nrf_atomic_c_85ca2469__nrf_atomic_internal_add 0x0002635f   Thumb Code    26  nrf_atomic.o(.emb_text)
    __asm___12_nrf_atomic_c_85ca2469__nrf_atomic_internal_sub 0x00026379   Thumb Code    26  nrf_atomic.o(.emb_text)
    __asm___12_nrf_atomic_c_85ca2469__nrf_atomic_internal_cmp_exch 0x00026393   Thumb Code    42  nrf_atomic.o(.emb_text)
    __asm___12_nrf_atomic_c_85ca2469__nrf_atomic_internal_sub_hs 0x000263bd   Thumb Code    30  nrf_atomic.o(.emb_text)
    Reset_Handler                            0x000263dd   Thumb Code     8  arm_startup_nrf52.o(.text)
    NMI_Handler                              0x000263e5   Thumb Code     2  arm_startup_nrf52.o(.text)
    HardFault_Handler                        0x000263e7   Thumb Code     2  arm_startup_nrf52.o(.text)
    MemoryManagement_Handler                 0x000263e9   Thumb Code     2  arm_startup_nrf52.o(.text)
    BusFault_Handler                         0x000263eb   Thumb Code     2  arm_startup_nrf52.o(.text)
    UsageFault_Handler                       0x000263ed   Thumb Code     2  arm_startup_nrf52.o(.text)
    SVC_Handler                              0x000263ef   Thumb Code     2  arm_startup_nrf52.o(.text)
    DebugMon_Handler                         0x000263f1   Thumb Code     2  arm_startup_nrf52.o(.text)
    PendSV_Handler                           0x000263f3   Thumb Code     2  arm_startup_nrf52.o(.text)
    SysTick_Handler                          0x000263f5   Thumb Code     2  arm_startup_nrf52.o(.text)
    CCM_AAR_IRQHandler                       0x000263f7   Thumb Code     0  arm_startup_nrf52.o(.text)
    COMP_LPCOMP_IRQHandler                   0x000263f7   Thumb Code     0  arm_startup_nrf52.o(.text)
    ECB_IRQHandler                           0x000263f7   Thumb Code     0  arm_startup_nrf52.o(.text)
    FPU_IRQHandler                           0x000263f7   Thumb Code     0  arm_startup_nrf52.o(.text)
    I2S_IRQHandler                           0x000263f7   Thumb Code     0  arm_startup_nrf52.o(.text)
    MWU_IRQHandler                           0x000263f7   Thumb Code     0  arm_startup_nrf52.o(.text)
    NFCT_IRQHandler                          0x000263f7   Thumb Code     0  arm_startup_nrf52.o(.text)
    PDM_IRQHandler                           0x000263f7   Thumb Code     0  arm_startup_nrf52.o(.text)
    PWM0_IRQHandler                          0x000263f7   Thumb Code     0  arm_startup_nrf52.o(.text)
    PWM1_IRQHandler                          0x000263f7   Thumb Code     0  arm_startup_nrf52.o(.text)
    PWM2_IRQHandler                          0x000263f7   Thumb Code     0  arm_startup_nrf52.o(.text)
    QDEC_IRQHandler                          0x000263f7   Thumb Code     0  arm_startup_nrf52.o(.text)
    RADIO_IRQHandler                         0x000263f7   Thumb Code     0  arm_startup_nrf52.o(.text)
    RNG_IRQHandler                           0x000263f7   Thumb Code     0  arm_startup_nrf52.o(.text)
    RTC0_IRQHandler                          0x000263f7   Thumb Code     0  arm_startup_nrf52.o(.text)
    SAADC_IRQHandler                         0x000263f7   Thumb Code     0  arm_startup_nrf52.o(.text)
    SPIM0_SPIS0_TWIM0_TWIS0_SPI0_TWI0_IRQHandler 0x000263f7   Thumb Code     0  arm_startup_nrf52.o(.text)
    SPIM1_SPIS1_TWIM1_TWIS1_SPI1_TWI1_IRQHandler 0x000263f7   Thumb Code     0  arm_startup_nrf52.o(.text)
    SPIM2_SPIS2_SPI2_IRQHandler              0x000263f7   Thumb Code     0  arm_startup_nrf52.o(.text)
    SWI1_EGU1_IRQHandler                     0x000263f7   Thumb Code     0  arm_startup_nrf52.o(.text)
    SWI3_EGU3_IRQHandler                     0x000263f7   Thumb Code     0  arm_startup_nrf52.o(.text)
    SWI4_EGU4_IRQHandler                     0x000263f7   Thumb Code     0  arm_startup_nrf52.o(.text)
    SWI5_EGU5_IRQHandler                     0x000263f7   Thumb Code     0  arm_startup_nrf52.o(.text)
    TEMP_IRQHandler                          0x000263f7   Thumb Code     0  arm_startup_nrf52.o(.text)
    TIMER0_IRQHandler                        0x000263f7   Thumb Code     0  arm_startup_nrf52.o(.text)
    TIMER1_IRQHandler                        0x000263f7   Thumb Code     0  arm_startup_nrf52.o(.text)
    TIMER2_IRQHandler                        0x000263f7   Thumb Code     0  arm_startup_nrf52.o(.text)
    TIMER3_IRQHandler                        0x000263f7   Thumb Code     0  arm_startup_nrf52.o(.text)
    TIMER4_IRQHandler                        0x000263f7   Thumb Code     0  arm_startup_nrf52.o(.text)
    WDT_IRQHandler                           0x000263f7   Thumb Code     0  arm_startup_nrf52.o(.text)
    __aeabi_llsl                             0x00026401   Thumb Code    30  llshl.o(.text)
    _ll_shift_l                              0x00026401   Thumb Code     0  llshl.o(.text)
    __rt_ctype_table                         0x00026421   Thumb Code     4  ctype_o.o(.text)
    __aeabi_memcpy                           0x00026429   Thumb Code    36  memcpya.o(.text)
    __aeabi_memcpy4                          0x00026429   Thumb Code     0  memcpya.o(.text)
    __aeabi_memcpy8                          0x00026429   Thumb Code     0  memcpya.o(.text)
    __aeabi_memset                           0x0002644d   Thumb Code    14  memseta.o(.text)
    __aeabi_memset4                          0x0002644d   Thumb Code     0  memseta.o(.text)
    __aeabi_memset8                          0x0002644d   Thumb Code     0  memseta.o(.text)
    __aeabi_memclr                           0x0002645b   Thumb Code     4  memseta.o(.text)
    __aeabi_memclr4                          0x0002645b   Thumb Code     0  memseta.o(.text)
    __aeabi_memclr8                          0x0002645b   Thumb Code     0  memseta.o(.text)
    _memset$wrapper                          0x0002645f   Thumb Code    18  memseta.o(.text)
    strlen                                   0x00026471   Thumb Code    14  strlen.o(.text)
    memcmp                                   0x0002647f   Thumb Code    26  memcmp.o(.text)
    strcpy                                   0x00026499   Thumb Code    18  strcpy.o(.text)
    __aeabi_uidiv                            0x000264ab   Thumb Code     0  uidiv.o(.text)
    __aeabi_uidivmod                         0x000264ab   Thumb Code    44  uidiv.o(.text)
    __scatterload                            0x000264d9   Thumb Code    28  init.o(.text)
    __scatterload_rt2                        0x000264d9   Thumb Code     0  init.o(.text)
    __decompress                             0x000264fd   Thumb Code     0  __dczerorl2.o(.text)
    __decompress1                            0x000264fd   Thumb Code    86  __dczerorl2.o(.text)
    GPIOTE_IRQHandler                        0x00026555   Thumb Code   346  nrfx_gpiote.o(i.GPIOTE_IRQHandler)
    POWER_CLOCK_IRQHandler                   0x0002671d   Thumb Code    82  nrfx_clock.o(i.POWER_CLOCK_IRQHandler)
    RTC1_IRQHandler                          0x00026775   Thumb Code    32  app_timer.o(i.RTC1_IRQHandler)
    RTC2_IRQHandler                          0x00026799   Thumb Code    10  nrfx_rtc.o(i.RTC2_IRQHandler)
    RTC_Enable                               0x000267a9   Thumb Code    24  board_rtc.o(i.RTC_Enable)
    RTC_GetTime                              0x000267c9   Thumb Code     6  board_rtc.o(i.RTC_GetTime)
    RTC_Init                                 0x000267d5   Thumb Code    46  board_rtc.o(i.RTC_Init)
    SEGGER_RTT_Init                          0x00026845   Thumb Code     4  segger_rtt.o(i.SEGGER_RTT_Init)
    SEGGER_RTT_WriteNoLock                   0x00026849   Thumb Code    86  segger_rtt.o(i.SEGGER_RTT_WriteNoLock)
    SWI0_EGU0_IRQHandler                     0x000268a5   Thumb Code     4  app_timer.o(i.SWI0_EGU0_IRQHandler)
    SWI2_EGU2_IRQHandler                     0x000268a9   Thumb Code     4  nrf_sdh.o(i.SWI2_EGU2_IRQHandler)
    SystemInit                               0x000268ad   Thumb Code   726  system_nrf52.o(i.SystemInit)
    UARTE0_UART0_IRQHandler                  0x00026bc9   Thumb Code     6  nrfx_prs.o(i.UARTE0_UART0_IRQHandler)
    __0printf$6                              0x00026cf1   Thumb Code    22  printf6.o(i.__0printf$6)
    __1printf$6                              0x00026cf1   Thumb Code     0  printf6.o(i.__0printf$6)
    __2printf                                0x00026cf1   Thumb Code     0  printf6.o(i.__0printf$6)
    __0sprintf$6                             0x00026d11   Thumb Code    34  printf6.o(i.__0sprintf$6)
    __1sprintf$6                             0x00026d11   Thumb Code     0  printf6.o(i.__0sprintf$6)
    __2sprintf                               0x00026d11   Thumb Code     0  printf6.o(i.__0sprintf$6)
    __scatterload_copy                       0x00026d39   Thumb Code    14  handlers.o(i.__scatterload_copy)
    __scatterload_null                       0x00026d47   Thumb Code     2  handlers.o(i.__scatterload_null)
    __scatterload_zeroinit                   0x00026d49   Thumb Code    14  handlers.o(i.__scatterload_zeroinit)
    active_flag_count                        0x000270e1   Thumb Code    28  ble_conn_state.o(i.active_flag_count)
    app_button_disable                       0x00027145   Thumb Code    38  app_button.o(i.app_button_disable)
    app_button_enable                        0x00027175   Thumb Code    32  app_button.o(i.app_button_enable)
    app_button_init                          0x00027199   Thumb Code   102  app_button.o(i.app_button_init)
    app_error_fault_handler                  0x00027211   Thumb Code   182  app_error_weak.o(i.app_error_fault_handler)
    app_error_save_and_stop                  0x00027385   Thumb Code    96  app_error.o(i.app_error_save_and_stop)
    app_fifo_get                             0x000273e9   Thumb Code    22  app_fifo.o(i.app_fifo_get)
    app_fifo_init                            0x000273ff   Thumb Code    32  app_fifo.o(i.app_fifo_init)
    app_fifo_put                             0x0002741f   Thumb Code    26  app_fifo.o(i.app_fifo_put)
    app_timer_create                         0x00027439   Thumb Code    32  app_timer.o(i.app_timer_create)
    app_timer_init                           0x0002745d   Thumb Code    70  app_timer.o(i.app_timer_init)
    app_timer_start                          0x000274b1   Thumb Code   128  app_timer.o(i.app_timer_start)
    app_timer_stop                           0x00027539   Thumb Code    26  app_timer.o(i.app_timer_stop)
    app_uart_get                             0x00027559   Thumb Code    46  app_uart_fifo.o(i.app_uart_get)
    app_uart_init                            0x000275cd   Thumb Code   148  app_uart_fifo.o(i.app_uart_init)
    app_uart_put                             0x00027671   Thumb Code    70  app_uart_fifo.o(i.app_uart_put)
    app_util_critical_region_enter           0x000276c5   Thumb Code    64  app_util_platform.o(i.app_util_critical_region_enter)
    app_util_critical_region_exit            0x0002770d   Thumb Code    46  app_util_platform.o(i.app_util_critical_region_exit)
    bcs_internal_state_reset                 0x00027851   Thumb Code     8  ble_conn_state.o(i.bcs_internal_state_reset)
    ble_advdata_name_find                    0x0002785d   Thumb Code    68  ble_advdata.o(i.ble_advdata_name_find)
    ble_advdata_search                       0x000278a1   Thumb Code    56  ble_advdata.o(i.ble_advdata_search)
    ble_conn_state_central_conn_count        0x000278d9   Thumb Code    24  ble_conn_state.o(i.ble_conn_state_central_conn_count)
    ble_conn_state_init                      0x000278f5   Thumb Code     4  ble_conn_state.o(i.ble_conn_state_init)
    ble_db_discovery_evt_register            0x000278f9   Thumb Code    56  ble_db_discovery.o(i.ble_db_discovery_evt_register)
    ble_db_discovery_init                    0x00027939   Thumb Code    24  ble_db_discovery.o(i.ble_db_discovery_init)
    ble_db_discovery_on_ble_evt              0x00027955   Thumb Code   138  ble_db_discovery.o(i.ble_db_discovery_on_ble_evt)
    ble_db_discovery_start                   0x000279e5   Thumb Code    34  ble_db_discovery.o(i.ble_db_discovery_start)
    ble_lbs_c_button_notif_enable            0x00027e61   Thumb Code    80  ble_lbs_c.o(i.ble_lbs_c_button_notif_enable)
    ble_lbs_c_handles_assign                 0x00027eb9   Thumb Code    24  ble_lbs_c.o(i.ble_lbs_c_handles_assign)
    ble_lbs_c_init                           0x00027ed1   Thumb Code    80  ble_lbs_c.o(i.ble_lbs_c_init)
    ble_lbs_c_on_ble_evt                     0x00027f25   Thumb Code   128  ble_lbs_c.o(i.ble_lbs_c_on_ble_evt)
    ble_lbs_led_status_send                  0x00027fa5   Thumb Code    80  ble_lbs_c.o(i.ble_lbs_led_status_send)
    ble_lbs_on_db_disc_evt                   0x00027ffd   Thumb Code   142  ble_lbs_c.o(i.ble_lbs_on_db_disc_evt)
    bsp_board_init                           0x000280d1   Thumb Code    80  boards.o(i.bsp_board_init)
    bsp_board_led_off                        0x00028125   Thumb Code    10  boards.o(i.bsp_board_led_off)
    bsp_board_led_on                         0x00028135   Thumb Code    10  boards.o(i.bsp_board_led_on)
    bsp_board_leds_off                       0x00028145   Thumb Code    18  boards.o(i.bsp_board_leds_off)
    bsp_event_to_button_action_assign        0x00028159   Thumb Code    64  bsp.o(i.bsp_event_to_button_action_assign)
    buffer_is_empty                          0x0002824d   Thumb Code    16  nrf_log_frontend.o(i.buffer_is_empty)
    conn_handle_list_get                     0x00028495   Thumb Code    62  ble_conn_state.o(i.conn_handle_list_get)
    fputc                                    0x00028baf   Thumb Code    14  retarget.o(i.fputc)
    main                                     0x00029071   Thumb Code   310  main.o(i.main)
    nrf_atfifo_item_free                     0x00029299   Thumb Code    22  nrf_atfifo.o(i.nrf_atfifo_item_free)
    nrf_atfifo_item_get                      0x000292af   Thumb Code    22  nrf_atfifo.o(i.nrf_atfifo_item_get)
    nrf_atflags_clear                        0x000292c5   Thumb Code    22  nrf_atflags.o(i.nrf_atflags_clear)
    nrf_atflags_get                          0x000292db   Thumb Code    22  nrf_atflags.o(i.nrf_atflags_get)
    nrf_atflags_set                          0x000292f1   Thumb Code    20  nrf_atflags.o(i.nrf_atflags_set)
    nrf_atomic_flag_clear_fetch              0x00029305   Thumb Code     6  nrf_atomic.o(i.nrf_atomic_flag_clear_fetch)
    nrf_atomic_flag_set                      0x0002930b   Thumb Code     6  nrf_atomic.o(i.nrf_atomic_flag_set)
    nrf_atomic_u32_add                       0x00029311   Thumb Code    12  nrf_atomic.o(i.nrf_atomic_u32_add)
    nrf_atomic_u32_and                       0x0002931d   Thumb Code    12  nrf_atomic.o(i.nrf_atomic_u32_and)
    nrf_atomic_u32_fetch_and                 0x00029329   Thumb Code    10  nrf_atomic.o(i.nrf_atomic_u32_fetch_and)
    nrf_atomic_u32_fetch_store               0x00029333   Thumb Code    10  nrf_atomic.o(i.nrf_atomic_u32_fetch_store)
    nrf_atomic_u32_or                        0x0002933d   Thumb Code    12  nrf_atomic.o(i.nrf_atomic_u32_or)
    nrf_atomic_u32_sub                       0x00029349   Thumb Code    12  nrf_atomic.o(i.nrf_atomic_u32_sub)
    nrf_balloc_alloc                         0x00029355   Thumb Code    68  nrf_balloc.o(i.nrf_balloc_alloc)
    nrf_balloc_free                          0x00029399   Thumb Code    48  nrf_balloc.o(i.nrf_balloc_free)
    nrf_balloc_init                          0x000293c9   Thumb Code    48  nrf_balloc.o(i.nrf_balloc_init)
    nrf_ble_gatt_init                        0x0002941d   Thumb Code    44  nrf_ble_gatt.o(i.nrf_ble_gatt_init)
    nrf_ble_gatt_on_ble_evt                  0x00029449   Thumb Code   298  nrf_ble_gatt.o(i.nrf_ble_gatt_on_ble_evt)
    nrf_drv_clock_init                       0x000295d1   Thumb Code    48  nrf_drv_clock.o(i.nrf_drv_clock_init)
    nrf_drv_clock_lfclk_release              0x00029609   Thumb Code    42  nrf_drv_clock.o(i.nrf_drv_clock_lfclk_release)
    nrf_drv_uart_init                        0x00029639   Thumb Code    90  nrf_drv_uart.o(i.nrf_drv_uart_init)
    nrf_fprintf                              0x000296e1   Thumb Code    26  nrf_fprintf.o(i.nrf_fprintf)
    nrf_fprintf_buffer_flush                 0x000296fb   Thumb Code    24  nrf_fprintf.o(i.nrf_fprintf_buffer_flush)
    nrf_fprintf_fmt                          0x00029713   Thumb Code   474  nrf_fprintf_format.o(i.nrf_fprintf_fmt)
    nrf_fstorage_sdh_req_handler             0x000298ed   Thumb Code    18  nrf_fstorage_sd.o(i.nrf_fstorage_sdh_req_handler)
    nrf_fstorage_sdh_state_handler           0x00029905   Thumb Code    28  nrf_fstorage_sd.o(i.nrf_fstorage_sdh_state_handler)
    nrf_fstorage_sys_evt_handler             0x00029925   Thumb Code   154  nrf_fstorage_sd.o(i.nrf_fstorage_sys_evt_handler)
    nrf_log_backend_add                      0x00029b55   Thumb Code    74  nrf_log_frontend.o(i.nrf_log_backend_add)
    nrf_log_backend_rtt_init                 0x00029ba7   Thumb Code     4  nrf_log_backend_rtt.o(i.nrf_log_backend_rtt_init)
    nrf_log_backend_serial_put               0x00029bc5   Thumb Code   200  nrf_log_backend_serial.o(i.nrf_log_backend_serial_put)
    nrf_log_color_id_get                     0x00029c8d   Thumb Code    42  nrf_log_frontend.o(i.nrf_log_color_id_get)
    nrf_log_default_backends_init            0x00029cbd   Thumb Code    22  nrf_log_default_backends.o(i.nrf_log_default_backends_init)
    nrf_log_frontend_dequeue                 0x00029cd9   Thumb Code   510  nrf_log_frontend.o(i.nrf_log_frontend_dequeue)
    nrf_log_frontend_std_0                   0x00029ef9   Thumb Code     8  nrf_log_frontend.o(i.nrf_log_frontend_std_0)
    nrf_log_frontend_std_1                   0x00029f01   Thumb Code    14  nrf_log_frontend.o(i.nrf_log_frontend_std_1)
    nrf_log_frontend_std_2                   0x00029f0f   Thumb Code    16  nrf_log_frontend.o(i.nrf_log_frontend_std_2)
    nrf_log_frontend_std_3                   0x00029f1f   Thumb Code    18  nrf_log_frontend.o(i.nrf_log_frontend_std_3)
    nrf_log_frontend_std_5                   0x00029f31   Thumb Code    28  nrf_log_frontend.o(i.nrf_log_frontend_std_5)
    nrf_log_hexdump_entry_process            0x00029f4d   Thumb Code   146  nrf_log_str_formatter.o(i.nrf_log_hexdump_entry_process)
    nrf_log_init                             0x00029ff9   Thumb Code    66  nrf_log_frontend.o(i.nrf_log_init)
    nrf_log_module_cnt_get                   0x0002a051   Thumb Code    10  nrf_log_frontend.o(i.nrf_log_module_cnt_get)
    nrf_log_module_name_get                  0x0002a065   Thumb Code    24  nrf_log_frontend.o(i.nrf_log_module_name_get)
    nrf_log_panic                            0x0002a081   Thumb Code    34  nrf_log_frontend.o(i.nrf_log_panic)
    nrf_log_std_entry_process                0x0002a0a9   Thumb Code   182  nrf_log_str_formatter.o(i.nrf_log_std_entry_process)
    nrf_memobj_alloc                         0x0002a15f   Thumb Code    96  nrf_memobj.o(i.nrf_memobj_alloc)
    nrf_memobj_free                          0x0002a1bf   Thumb Code    50  nrf_memobj.o(i.nrf_memobj_free)
    nrf_memobj_get                           0x0002a1f1   Thumb Code     8  nrf_memobj.o(i.nrf_memobj_get)
    nrf_memobj_pool_init                     0x0002a1f9   Thumb Code     4  nrf_memobj.o(i.nrf_memobj_pool_init)
    nrf_memobj_put                           0x0002a1fd   Thumb Code    30  nrf_memobj.o(i.nrf_memobj_put)
    nrf_memobj_read                          0x0002a21b   Thumb Code    12  nrf_memobj.o(i.nrf_memobj_read)
    nrf_memobj_write                         0x0002a227   Thumb Code    12  nrf_memobj.o(i.nrf_memobj_write)
    nrf_pwr_mgmt_init                        0x0002a235   Thumb Code    28  nrf_pwr_mgmt.o(i.nrf_pwr_mgmt_init)
    nrf_pwr_mgmt_run                         0x0002a25d   Thumb Code    64  nrf_pwr_mgmt.o(i.nrf_pwr_mgmt_run)
    nrf_sdh_ble_app_ram_start_get            0x0002a2ad   Thumb Code    16  nrf_sdh_ble.o(i.nrf_sdh_ble_app_ram_start_get)
    nrf_sdh_ble_default_cfg_set              0x0002a2c1   Thumb Code   316  nrf_sdh_ble.o(i.nrf_sdh_ble_default_cfg_set)
    nrf_sdh_ble_enable                       0x0002a419   Thumb Code   116  nrf_sdh_ble.o(i.nrf_sdh_ble_enable)
    nrf_sdh_disable_request                  0x0002a5ed   Thumb Code    80  nrf_sdh.o(i.nrf_sdh_disable_request)
    nrf_sdh_enable_request                   0x0002a641   Thumb Code   106  nrf_sdh.o(i.nrf_sdh_enable_request)
    nrf_sdh_evts_poll                        0x0002a6b9   Thumb Code    32  nrf_sdh.o(i.nrf_sdh_evts_poll)
    nrf_sdh_is_enabled                       0x0002a6dd   Thumb Code     6  nrf_sdh.o(i.nrf_sdh_is_enabled)
    nrf_sdh_request_continue                 0x0002a6e9   Thumb Code    22  nrf_sdh.o(i.nrf_sdh_request_continue)
    nrf_section_iter_init                    0x0002a785   Thumb Code    10  nrf_section_iter.o(i.nrf_section_iter_init)
    nrf_section_iter_next                    0x0002a7b3   Thumb Code    32  nrf_section_iter.o(i.nrf_section_iter_next)
    nrf_strerror_find                        0x0002a7d5   Thumb Code    52  nrf_strerror.o(i.nrf_strerror_find)
    nrf_strerror_get                         0x0002a80d   Thumb Code    14  nrf_strerror.o(i.nrf_strerror_get)
    nrfx_clock_enable                        0x0002a859   Thumb Code    36  nrfx_clock.o(i.nrfx_clock_enable)
    nrfx_clock_init                          0x0002a885   Thumb Code    26  nrfx_clock.o(i.nrfx_clock_init)
    nrfx_clock_lfclk_stop                    0x0002a8a5   Thumb Code    20  nrfx_clock.o(i.nrfx_clock_lfclk_stop)
    nrfx_gpiote_in_event_disable             0x0002a8d1   Thumb Code    66  nrfx_gpiote.o(i.nrfx_gpiote_in_event_disable)
    nrfx_gpiote_in_event_enable              0x0002a919   Thumb Code   156  nrfx_gpiote.o(i.nrfx_gpiote_in_event_enable)
    nrfx_gpiote_in_init                      0x0002a9bd   Thumb Code   194  nrfx_gpiote.o(i.nrfx_gpiote_in_init)
    nrfx_gpiote_in_is_set                    0x0002aa8d   Thumb Code    20  nrfx_gpiote.o(i.nrfx_gpiote_in_is_set)
    nrfx_gpiote_init                         0x0002aaa1   Thumb Code    98  nrfx_gpiote.o(i.nrfx_gpiote_init)
    nrfx_gpiote_is_init                      0x0002ab11   Thumb Code    14  nrfx_gpiote.o(i.nrfx_gpiote_is_init)
    nrfx_prs_acquire                         0x0002ab35   Thumb Code    58  nrfx_prs.o(i.nrfx_prs_acquire)
    nrfx_rtc_enable                          0x0002ab71   Thumb Code    20  nrfx_rtc.o(i.nrfx_rtc_enable)
    nrfx_rtc_init                            0x0002ab89   Thumb Code   136  nrfx_rtc.o(i.nrfx_rtc_init)
    nrfx_rtc_tick_enable                     0x0002ac15   Thumb Code    36  nrfx_rtc.o(i.nrfx_rtc_tick_enable)
    nrfx_uart_0_irq_handler                  0x0002ac39   Thumb Code     8  nrfx_uart.o(i.nrfx_uart_0_irq_handler)
    nrfx_uart_init                           0x0002ac49   Thumb Code   200  nrfx_uart.o(i.nrfx_uart_init)
    nrfx_uart_rx                             0x0002ad1d   Thumb Code   230  nrfx_uart.o(i.nrfx_uart_rx)
    nrfx_uart_tx                             0x0002ae09   Thumb Code   160  nrfx_uart.o(i.nrfx_uart_tx)
    nrfx_uart_tx_in_progress                 0x0002aead   Thumb Code    26  nrfx_uart.o(i.nrfx_uart_tx_in_progress)
    nrfx_uarte_0_irq_handler                 0x0002aecd   Thumb Code     8  nrfx_uarte.o(i.nrfx_uarte_0_irq_handler)
    nrfx_uarte_init                          0x0002aedd   Thumb Code   100  nrfx_uarte.o(i.nrfx_uarte_init)
    nrfx_uarte_rx                            0x0002af49   Thumb Code   256  nrfx_uarte.o(i.nrfx_uarte_rx)
    nrfx_uarte_tx                            0x0002b04d   Thumb Code   138  nrfx_uarte.o(i.nrfx_uarte_tx)
    nrfx_uarte_tx_in_progress                0x0002b0dd   Thumb Code    22  nrfx_uarte.o(i.nrfx_uarte_tx_in_progress)
    uart_event_handle                        0x0002c009   Thumb Code   108  main.o(i.uart_event_handle)
    nrf_log_backend_rtt_api                  0x0002c7b8   Data          12  nrf_log_backend_rtt.o(.constdata)
    m_ram_start                              0x0002c850   Data           4  nrf_sdh_ble.o(.constdata)
    __ctype_table                            0x0002c87c   Data         129  ctype_o.o(.constdata)
    Region$$Table$$Base                      0x0002d0b8   Number         0  anon$$obj.o(Region$$Table)
    Region$$Table$$Limit                     0x0002d0d8   Number         0  anon$$obj.o(Region$$Table)
    log_const_data$$Base                     0x0002d0d8   Number         0  ble_db_discovery.o(log_const_data)
    m_nrf_log_ble_db_disc_logs_data_const    0x0002d0d8   Data           8  ble_db_discovery.o(log_const_data)
    m_nrf_log_nrf_ble_gatt_logs_data_const   0x0002d0e0   Data           8  nrf_ble_gatt.o(log_const_data)
    m_nrf_log_ble_lbs_c_logs_data_const      0x0002d0e8   Data           8  ble_lbs_c.o(log_const_data)
    m_nrf_log_clock_logs_data_const          0x0002d0f0   Data           8  nrf_drv_clock.o(log_const_data)
    m_nrf_log_CLOCK_logs_data_const          0x0002d0f8   Data           8  nrfx_clock.o(log_const_data)
    m_nrf_log_GPIOTE_logs_data_const         0x0002d100   Data           8  nrfx_gpiote.o(log_const_data)
    m_nrf_log_PRS_logs_data_const            0x0002d108   Data           8  nrfx_prs.o(log_const_data)
    m_nrf_log_UART_logs_data_const           0x0002d110   Data           8  nrfx_uart.o(log_const_data)
    m_nrf_log_UARTE_logs_data_const          0x0002d118   Data           8  nrfx_uarte.o(log_const_data)
    m_nrf_log_RTC_logs_data_const            0x0002d120   Data           8  nrfx_rtc.o(log_const_data)
    m_nrf_log_nrf_fstorage_logs_data_const   0x0002d128   Data           8  nrf_fstorage.o(log_const_data)
    m_nrf_log_atfifo_m_fifo_logs_data_const  0x0002d130   Data           8  nrf_fstorage_sd.o(log_const_data)
    m_nrf_log_pwr_mgmt_logs_data_const       0x0002d138   Data           8  nrf_pwr_mgmt.o(log_const_data)
    m_nrf_log_balloc_log_mempool_logs_data_const 0x0002d140   Data           8  nrf_log_frontend.o(log_const_data)
    m_nrf_log_app_logs_data_const            0x0002d148   Data           8  nrf_log_frontend.o(log_const_data)
    m_nrf_log_nrf_sdh_logs_data_const        0x0002d150   Data           8  nrf_sdh.o(log_const_data)
    m_nrf_log_nrf_sdh_ble_logs_data_const    0x0002d158   Data           8  nrf_sdh_ble.o(log_const_data)
    m_nrf_log_nrf_sdh_soc_logs_data_const    0x0002d160   Data           8  nrf_sdh_soc.o(log_const_data)
    log_const_data$$Limit                    0x0002d168   Number         0  nrf_sdh_soc.o(log_const_data)
    log_mempool                              0x0002d168   Data          24  nrf_log_frontend.o(nrf_balloc)
    sdh_ble_observers0$$Base                 0x0002d180   Number         0  ble_conn_state.o(sdh_ble_observers0)
    sdh_ble_observers0$$Limit                0x0002d188   Number         0  ble_conn_state.o(sdh_ble_observers0)
    sdh_ble_observers1$$Base                 0x0002d188   Number         0  main.o(sdh_ble_observers1)
    sdh_ble_observers1$$Limit                0x0002d1b8   Number         0  bsp_btn_ble.o(sdh_ble_observers1)
    sdh_ble_observers2$$Base                 0x0002d1b8   Number         0  main.o(sdh_ble_observers2)
    sdh_ble_observers2$$Limit                0x0002d1d8   Number         0  main.o(sdh_ble_observers2)
    sdh_ble_observers3$$Base                 0x0002d1d8   Number         0  main.o(sdh_ble_observers3)
    m_req_obs                                0x0002d1e0   Data           8  nrf_fstorage_sd.o(sdh_req_observers0)
    sdh_ble_observers3$$Limit                0x0002d1e0   Number         0  main.o(sdh_ble_observers3)
    sdh_req_observers0$$Base                 0x0002d1e0   Number         0  nrf_fstorage_sd.o(sdh_req_observers0)
    sdh_req_observers0$$Limit                0x0002d1e8   Number         0  nrf_fstorage_sd.o(sdh_req_observers0)
    sdh_soc_observers0$$Base                 0x0002d1e8   Number         0  nrf_drv_clock.o(sdh_soc_observers0)
    sdh_soc_observers0$$Limit                0x0002d1f8   Number         0  nrf_fstorage_sd.o(sdh_soc_observers0)
    sdh_stack_observers0$$Base               0x0002d1f8   Number         0  nrf_sdh_ble.o(sdh_stack_observers0)
    sdh_stack_observers0$$Limit              0x0002d208   Number         0  nrf_sdh_soc.o(sdh_stack_observers0)
    sdh_state_observers0$$Base               0x0002d208   Number         0  nrf_drv_clock.o(sdh_state_observers0)
    sdh_state_observers0$$Limit              0x0002d218   Number         0  nrf_fstorage_sd.o(sdh_state_observers0)
    Image$$RW_IRAM1$$Base                    0x20006c98   Number         0  anon$$obj.o ABSOLUTE
    valid_acupoint_handle                    0x20006c98   Data           1  main.o(.data)
    adv_count                                0x20006cac   Data           4  main.o(.data)
    connected_state                          0x20006cb0   Data           4  main.o(.data)
    con_handle                               0x20006cb4   Data           4  main.o(.data)
    g_timestamp                              0x20007800   Data           4  board_rtc.o(.data)
    nrf_drv_uart_use_easy_dma                0x20007824   Data           1  nrf_drv_uart.o(.data)
    __stdout                                 0x200078a0   Data           4  retarget.o(.data)
    SystemCoreClock                          0x20007924   Data           4  system_nrf52.o(.data)
    log_dynamic_data$$Base                   0x20007928   Number         0  ble_db_discovery.o(log_dynamic_data)
    m_nrf_log_ble_db_disc_logs_data_dynamic  0x20007928   Data           4  ble_db_discovery.o(log_dynamic_data)
    m_nrf_log_nrf_ble_gatt_logs_data_dynamic 0x2000792c   Data           4  nrf_ble_gatt.o(log_dynamic_data)
    m_nrf_log_ble_lbs_c_logs_data_dynamic    0x20007930   Data           4  ble_lbs_c.o(log_dynamic_data)
    m_nrf_log_clock_logs_data_dynamic        0x20007934   Data           4  nrf_drv_clock.o(log_dynamic_data)
    m_nrf_log_CLOCK_logs_data_dynamic        0x20007938   Data           4  nrfx_clock.o(log_dynamic_data)
    m_nrf_log_GPIOTE_logs_data_dynamic       0x2000793c   Data           4  nrfx_gpiote.o(log_dynamic_data)
    m_nrf_log_PRS_logs_data_dynamic          0x20007940   Data           4  nrfx_prs.o(log_dynamic_data)
    m_nrf_log_UART_logs_data_dynamic         0x20007944   Data           4  nrfx_uart.o(log_dynamic_data)
    m_nrf_log_UARTE_logs_data_dynamic        0x20007948   Data           4  nrfx_uarte.o(log_dynamic_data)
    m_nrf_log_RTC_logs_data_dynamic          0x2000794c   Data           4  nrfx_rtc.o(log_dynamic_data)
    m_nrf_log_nrf_fstorage_logs_data_dynamic 0x20007950   Data           4  nrf_fstorage.o(log_dynamic_data)
    m_nrf_log_atfifo_m_fifo_logs_data_dynamic 0x20007954   Data           4  nrf_fstorage_sd.o(log_dynamic_data)
    m_nrf_log_pwr_mgmt_logs_data_dynamic     0x20007958   Data           4  nrf_pwr_mgmt.o(log_dynamic_data)
    m_nrf_log_balloc_log_mempool_logs_data_dynamic 0x2000795c   Data           4  nrf_log_frontend.o(log_dynamic_data)
    m_nrf_log_app_logs_data_dynamic          0x20007960   Data           4  nrf_log_frontend.o(log_dynamic_data)
    m_nrf_log_nrf_sdh_logs_data_dynamic      0x20007964   Data           4  nrf_sdh.o(log_dynamic_data)
    m_nrf_log_nrf_sdh_ble_logs_data_dynamic  0x20007968   Data           4  nrf_sdh_ble.o(log_dynamic_data)
    m_nrf_log_nrf_sdh_soc_logs_data_dynamic  0x2000796c   Data           4  nrf_sdh_soc.o(log_dynamic_data)
    nrf_nvic_state                           0x20008338   Data          12  app_util_platform.o(.bss)
    _SEGGER_RTT                              0x20008934   Data         120  segger_rtt.o(.bss)
    __initial_sp                             0x2000abc0   Data           0  arm_startup_nrf52.o(STACK)



==============================================================================

Memory Map of the image

  Image Entry point : 0x00026201

  Load Region LR_IROM1 (Base: 0x00026000, Size: 0x00007ef0, Max: 0x0005a000, ABSOLUTE, COMPRESSED[0x00007294])

    Execution Region ER_IROM1 (Base: 0x00026000, Size: 0x00007218, Max: 0x0005a000, ABSOLUTE)

    Base Addr    Size         Type   Attr      Idx    E Section Name        Object

    0x00026000   0x00000200   Data   RO         5262    RESET               arm_startup_nrf52.o
    0x00026200   0x00000000   Code   RO         5307  * .ARM.Collect$$$$00000000  mc_w.l(entry.o)
    0x00026200   0x00000004   Code   RO         5615    .ARM.Collect$$$$00000001  mc_w.l(entry2.o)
    0x00026204   0x00000004   Code   RO         5618    .ARM.Collect$$$$00000004  mc_w.l(entry5.o)
    0x00026208   0x00000000   Code   RO         5620    .ARM.Collect$$$$00000008  mc_w.l(entry7b.o)
    0x00026208   0x00000000   Code   RO         5622    .ARM.Collect$$$$0000000A  mc_w.l(entry8b.o)
    0x00026208   0x00000008   Code   RO         5623    .ARM.Collect$$$$0000000B  mc_w.l(entry9a.o)
    0x00026210   0x00000000   Code   RO         5625    .ARM.Collect$$$$0000000D  mc_w.l(entry10a.o)
    0x00026210   0x00000000   Code   RO         5627    .ARM.Collect$$$$0000000F  mc_w.l(entry11a.o)
    0x00026210   0x00000004   Code   RO         5616    .ARM.Collect$$$$00002712  mc_w.l(entry2.o)
    0x00026214   0x0000001a   Code   RO         2982    .emb_text           app_error_handler_keil.o
    0x0002622e   0x00000002   PAD
    0x00026230   0x000000c8   Code   RO         3377    .emb_text           nrf_atfifo.o
    0x000262f8   0x000000e2   Code   RO         3516    .emb_text           nrf_atomic.o
    0x000263da   0x00000002   PAD
    0x000263dc   0x00000024   Code   RO         5263    .text               arm_startup_nrf52.o
    0x00026400   0x0000001e   Code   RO         5312    .text               mc_w.l(llshl.o)
    0x0002641e   0x00000002   PAD
    0x00026420   0x00000008   Code   RO         5314    .text               mc_w.l(ctype_o.o)
    0x00026428   0x00000024   Code   RO         5342    .text               mc_w.l(memcpya.o)
    0x0002644c   0x00000024   Code   RO         5344    .text               mc_w.l(memseta.o)
    0x00026470   0x0000000e   Code   RO         5346    .text               mc_w.l(strlen.o)
    0x0002647e   0x0000001a   Code   RO         5348    .text               mc_w.l(memcmp.o)
    0x00026498   0x00000012   Code   RO         5350    .text               mc_w.l(strcpy.o)
    0x000264aa   0x0000002c   Code   RO         5629    .text               mc_w.l(uidiv.o)
    0x000264d6   0x00000002   PAD
    0x000264d8   0x00000024   Code   RO         5644    .text               mc_w.l(init.o)
    0x000264fc   0x00000056   Code   RO         5658    .text               mc_w.l(__dczerorl2.o)
    0x00026552   0x00000002   PAD
    0x00026554   0x00000164   Code   RO         2077    i.GPIOTE_IRQHandler  nrfx_gpiote.o
    0x000266b8   0x00000016   Code   RO         3094    i.NVIC_ClearPendingIRQ  app_timer.o
    0x000266ce   0x00000016   Code   RO         3095    i.NVIC_EnableIRQ    app_timer.o
    0x000266e4   0x00000016   Code   RO         3096    i.NVIC_SetPendingIRQ  app_timer.o
    0x000266fa   0x00000020   Code   RO         3097    i.NVIC_SetPriority  app_timer.o
    0x0002671a   0x00000002   PAD
    0x0002671c   0x00000058   Code   RO         1945    i.POWER_CLOCK_IRQHandler  nrfx_clock.o
    0x00026774   0x00000024   Code   RO         3098    i.RTC1_IRQHandler   app_timer.o
    0x00026798   0x00000010   Code   RO         2764    i.RTC2_IRQHandler   nrfx_rtc.o
    0x000267a8   0x00000020   Code   RO          430    i.RTC_Enable        board_rtc.o
    0x000267c8   0x0000000c   Code   RO          431    i.RTC_GetTime       board_rtc.o
    0x000267d4   0x00000070   Code   RO          432    i.RTC_Init          board_rtc.o
    0x00026844   0x00000004   Code   RO         4793    i.SEGGER_RTT_Init   segger_rtt.o
    0x00026848   0x0000005c   Code   RO         4807    i.SEGGER_RTT_WriteNoLock  segger_rtt.o
    0x000268a4   0x00000004   Code   RO         3099    i.SWI0_EGU0_IRQHandler  app_timer.o
    0x000268a8   0x00000004   Code   RO         5044    i.SWI2_EGU2_IRQHandler  nrf_sdh.o
    0x000268ac   0x0000031c   Code   RO         5271    i.SystemInit        system_nrf52.o
    0x00026bc8   0x0000000c   Code   RO         2373    i.UARTE0_UART0_IRQHandler  nrfx_prs.o
    0x00026bd4   0x00000068   Code   RO         4811    i._DoInit           segger_rtt.o
    0x00026c3c   0x00000016   Code   RO         4812    i._GetAvailWriteSpace  segger_rtt.o
    0x00026c52   0x0000005a   Code   RO         4814    i._WriteBlocking    segger_rtt.o
    0x00026cac   0x00000042   Code   RO         4815    i._WriteNoCheck     segger_rtt.o
    0x00026cee   0x00000002   PAD
    0x00026cf0   0x00000020   Code   RO         5509    i.__0printf$6       mc_w.l(printf6.o)
    0x00026d10   0x00000028   Code   RO         5511    i.__0sprintf$6      mc_w.l(printf6.o)
    0x00026d38   0x0000000e   Code   RO         5652    i.__scatterload_copy  mc_w.l(handlers.o)
    0x00026d46   0x00000002   Code   RO         5653    i.__scatterload_null  mc_w.l(handlers.o)
    0x00026d48   0x0000000e   Code   RO         5654    i.__scatterload_zeroinit  mc_w.l(handlers.o)
    0x00026d56   0x00000002   PAD
    0x00026d58   0x00000024   Code   RO         5045    i.__sd_nvic_app_accessible_irq  nrf_sdh.o
    0x00026d7c   0x00000016   Code   RO         5046    i.__sd_nvic_is_app_accessible_priority  nrf_sdh.o
    0x00026d92   0x00000002   PAD
    0x00026d94   0x000002f0   Code   RO         5516    i._printf_core      mc_w.l(printf6.o)
    0x00027084   0x00000024   Code   RO         5517    i._printf_post_padding  mc_w.l(printf6.o)
    0x000270a8   0x0000002e   Code   RO         5518    i._printf_pre_padding  mc_w.l(printf6.o)
    0x000270d6   0x0000000a   Code   RO         5520    i._sputc            mc_w.l(printf6.o)
    0x000270e0   0x0000001c   Code   RO         1034    i.active_flag_count  ble_conn_state.o
    0x000270fc   0x00000046   Code   RO          770    i.advertising_buttons_configure  bsp_btn_ble.o
    0x00027142   0x00000002   PAD
    0x00027144   0x00000030   Code   RO         2879    i.app_button_disable  app_button.o
    0x00027174   0x00000024   Code   RO         2880    i.app_button_enable  app_button.o
    0x00027198   0x00000078   Code   RO         2881    i.app_button_init   app_button.o
    0x00027210   0x00000174   Code   RO         3004    i.app_error_fault_handler  app_error_weak.o
    0x00027384   0x00000064   Code   RO         2945    i.app_error_save_and_stop  app_error.o
    0x000273e8   0x00000016   Code   RO         4295    i.app_fifo_get      app_fifo.o
    0x000273fe   0x00000020   Code   RO         4296    i.app_fifo_init     app_fifo.o
    0x0002741e   0x0000001a   Code   RO         4298    i.app_fifo_put      app_fifo.o
    0x00027438   0x00000024   Code   RO         3102    i.app_timer_create  app_timer.o
    0x0002745c   0x00000054   Code   RO         3103    i.app_timer_init    app_timer.o
    0x000274b0   0x00000088   Code   RO         3106    i.app_timer_start   app_timer.o
    0x00027538   0x00000020   Code   RO         3107    i.app_timer_stop    app_timer.o
    0x00027558   0x00000074   Code   RO         4210    i.app_uart_get      app_uart_fifo.o
    0x000275cc   0x000000a4   Code   RO         4211    i.app_uart_init     app_uart_fifo.o
    0x00027670   0x00000054   Code   RO         4212    i.app_uart_put      app_uart_fifo.o
    0x000276c4   0x00000048   Code   RO         3264    i.app_util_critical_region_enter  app_util_platform.o
    0x0002770c   0x00000034   Code   RO         3265    i.app_util_critical_region_exit  app_util_platform.o
    0x00027740   0x00000088   Code   RO         2424    i.apply_config      nrfx_uart.o
    0x000277c8   0x00000088   Code   RO         2612    i.apply_config      nrfx_uarte.o
    0x00027850   0x0000000c   Code   RO         1035    i.bcs_internal_state_reset  ble_conn_state.o
    0x0002785c   0x00000044   Code   RO          824    i.ble_advdata_name_find  ble_advdata.o
    0x000278a0   0x00000038   Code   RO          826    i.ble_advdata_search  ble_advdata.o
    0x000278d8   0x0000001c   Code   RO         1036    i.ble_conn_state_central_conn_count  ble_conn_state.o
    0x000278f4   0x00000004   Code   RO         1044    i.ble_conn_state_init  ble_conn_state.o
    0x000278f8   0x00000040   Code   RO         1202    i.ble_db_discovery_evt_register  ble_db_discovery.o
    0x00027938   0x0000001c   Code   RO         1203    i.ble_db_discovery_init  ble_db_discovery.o
    0x00027954   0x00000090   Code   RO         1204    i.ble_db_discovery_on_ble_evt  ble_db_discovery.o
    0x000279e4   0x00000028   Code   RO         1205    i.ble_db_discovery_start  ble_db_discovery.o
    0x00027a0c   0x000002a0   Code   RO            5    i.ble_evt_handler   main.o
    0x00027cac   0x00000070   Code   RO          771    i.ble_evt_handler   bsp_btn_ble.o
    0x00027d1c   0x00000144   Code   RO         1054    i.ble_evt_handler   ble_conn_state.o
    0x00027e60   0x00000058   Code   RO         1662    i.ble_lbs_c_button_notif_enable  ble_lbs_c.o
    0x00027eb8   0x00000018   Code   RO         1663    i.ble_lbs_c_handles_assign  ble_lbs_c.o
    0x00027ed0   0x00000054   Code   RO         1664    i.ble_lbs_c_init    ble_lbs_c.o
    0x00027f24   0x00000080   Code   RO         1665    i.ble_lbs_c_on_ble_evt  ble_lbs_c.o
    0x00027fa4   0x00000058   Code   RO         1667    i.ble_lbs_led_status_send  ble_lbs_c.o
    0x00027ffc   0x0000008e   Code   RO         1668    i.ble_lbs_on_db_disc_evt  ble_lbs_c.o
    0x0002808a   0x00000002   PAD
    0x0002808c   0x00000044   Code   RO            6    i.ble_stack_init    main.o
    0x000280d0   0x00000054   Code   RO          545    i.bsp_board_init    boards.o
    0x00028124   0x00000010   Code   RO          548    i.bsp_board_led_off  boards.o
    0x00028134   0x00000010   Code   RO          549    i.bsp_board_led_on  boards.o
    0x00028144   0x00000012   Code   RO          551    i.bsp_board_leds_off  boards.o
    0x00028156   0x00000002   PAD
    0x00028158   0x00000044   Code   RO          658    i.bsp_event_to_button_action_assign  bsp.o
    0x0002819c   0x00000090   Code   RO         4547    i.buf_prealloc      nrf_log_frontend.o
    0x0002822c   0x0000001e   Code   RO         3728    i.buffer_add        nrf_fprintf_format.o
    0x0002824a   0x00000002   PAD
    0x0002824c   0x00000014   Code   RO         4548    i.buffer_is_empty   nrf_log_frontend.o
    0x00028260   0x0000008c   Code   RO            7    i.button_event_handler  main.o
    0x000282ec   0x0000001c   Code   RO         2078    i.channel_free      nrfx_gpiote.o
    0x00028308   0x00000048   Code   RO         2079    i.channel_port_alloc  nrfx_gpiote.o
    0x00028350   0x00000010   Code   RO         2080    i.channel_port_get  nrfx_gpiote.o
    0x00028360   0x00000042   Code   RO         1206    i.characteristics_discover  ble_db_discovery.o
    0x000283a2   0x00000002   PAD
    0x000283a4   0x00000028   Code   RO         1750    i.clock_clk_started_notify  nrf_drv_clock.o
    0x000283cc   0x0000001c   Code   RO         1751    i.clock_irq_handler  nrf_drv_clock.o
    0x000283e8   0x000000ac   Code   RO         3109    i.compare_reg_update  app_timer.o
    0x00028494   0x0000003e   Code   RO         1055    i.conn_handle_list_get  ble_conn_state.o
    0x000284d2   0x00000002   PAD
    0x000284d4   0x000000bc   Code   RO         1383    i.data_length_update  nrf_ble_gatt.o
    0x00028590   0x00000014   Code   RO            8    i.db_disc_handler   main.o
    0x000285a4   0x0000008c   Code   RO         1207    i.descriptors_discover  ble_db_discovery.o
    0x00028630   0x00000098   Code   RO         2883    i.detection_delay_timeout_handler  app_button.o
    0x000286c8   0x00000048   Code   RO            9    i.disable_connect_led  main.o
    0x00028710   0x00000090   Code   RO         1208    i.discovery_complete_evt_trigger  ble_db_discovery.o
    0x000287a0   0x0000003c   Code   RO         1209    i.discovery_error_evt_trigger  ble_db_discovery.o
    0x000287dc   0x0000005c   Code   RO         1210    i.discovery_start   ble_db_discovery.o
    0x00028838   0x00000014   Code   RO         4550    i.dropped_sat16_get  nrf_log_frontend.o
    0x0002884c   0x00000040   Code   RO         3110    i.elapsed_ticks_acquire  app_timer.o
    0x0002888c   0x000000a8   Code   RO           10    i.event_of_b        main.o
    0x00028934   0x000000a8   Code   RO           11    i.event_of_b1       main.o
    0x000289dc   0x000000ac   Code   RO           12    i.event_of_b2       main.o
    0x00028a88   0x000000ac   Code   RO           13    i.event_of_b3       main.o
    0x00028b34   0x00000054   Code   RO         3853    i.event_send        nrf_fstorage_sd.o
    0x00028b88   0x00000014   Code   RO         4301    i.fifo_get          app_fifo.o
    0x00028b9c   0x00000012   Code   RO         4302    i.fifo_put          app_fifo.o
    0x00028bae   0x0000000e   Code   RO         4171    i.fputc             retarget.o
    0x00028bbc   0x00000084   Code   RO         2884    i.gpiote_event_handler  app_button.o
    0x00028c40   0x000000a6   Code   RO         3729    i.int_print         nrf_fprintf_format.o
    0x00028ce6   0x00000002   PAD
    0x00028ce8   0x00000080   Code   RO         2613    i.interrupts_enable  nrfx_uarte.o
    0x00028d68   0x0000004c   Code   RO         4551    i.invalid_packets_pushed_str_omit  nrf_log_frontend.o
    0x00028db4   0x000000a0   Code   RO         2765    i.irq_handler       nrfx_rtc.o
    0x00028e54   0x0000004c   Code   RO         1211    i.is_desc_discovery_reqd  ble_db_discovery.o
    0x00028ea0   0x00000002   Code   RO           14    i.lbs_c_evt_handler  main.o
    0x00028ea2   0x00000002   PAD
    0x00028ea4   0x00000020   Code   RO           15    i.led_status_send_to_two  main.o
    0x00028ec4   0x00000016   Code   RO         1384    i.link_init         nrf_ble_gatt.o
    0x00028eda   0x00000002   PAD
    0x00028edc   0x000000f8   Code   RO         3111    i.list_insertions_handler  app_timer.o
    0x00028fd4   0x0000009c   Code   RO         4552    i.log_skip          nrf_log_frontend.o
    0x00029070   0x00000180   Code   RO           16    i.main              main.o
    0x000291f0   0x00000076   Code   RO         3967    i.memobj_op         nrf_memobj.o
    0x00029266   0x00000002   PAD
    0x00029268   0x00000030   Code   RO         4553    i.module_idx_get    nrf_log_frontend.o
    0x00029298   0x00000016   Code   RO         3383    i.nrf_atfifo_item_free  nrf_atfifo.o
    0x000292ae   0x00000016   Code   RO         3384    i.nrf_atfifo_item_get  nrf_atfifo.o
    0x000292c4   0x00000016   Code   RO         3450    i.nrf_atflags_clear  nrf_atflags.o
    0x000292da   0x00000016   Code   RO         3455    i.nrf_atflags_get   nrf_atflags.o
    0x000292f0   0x00000014   Code   RO         3457    i.nrf_atflags_set   nrf_atflags.o
    0x00029304   0x00000006   Code   RO         3518    i.nrf_atomic_flag_clear_fetch  nrf_atomic.o
    0x0002930a   0x00000006   Code   RO         3519    i.nrf_atomic_flag_set  nrf_atomic.o
    0x00029310   0x0000000c   Code   RO         3521    i.nrf_atomic_u32_add  nrf_atomic.o
    0x0002931c   0x0000000c   Code   RO         3522    i.nrf_atomic_u32_and  nrf_atomic.o
    0x00029328   0x0000000a   Code   RO         3525    i.nrf_atomic_u32_fetch_and  nrf_atomic.o
    0x00029332   0x0000000a   Code   RO         3527    i.nrf_atomic_u32_fetch_store  nrf_atomic.o
    0x0002933c   0x0000000c   Code   RO         3531    i.nrf_atomic_u32_or  nrf_atomic.o
    0x00029348   0x0000000c   Code   RO         3533    i.nrf_atomic_u32_sub  nrf_atomic.o
    0x00029354   0x00000044   Code   RO         3652    i.nrf_balloc_alloc  nrf_balloc.o
    0x00029398   0x00000030   Code   RO         3653    i.nrf_balloc_free   nrf_balloc.o
    0x000293c8   0x00000030   Code   RO         3654    i.nrf_balloc_init   nrf_balloc.o
    0x000293f8   0x00000010   Code   RO         2081    i.nrf_bitmask_bit_is_set  nrfx_gpiote.o
    0x00029408   0x00000014   Code   RO         2082    i.nrf_bitmask_bit_set  nrfx_gpiote.o
    0x0002941c   0x0000002c   Code   RO         1390    i.nrf_ble_gatt_init  nrf_ble_gatt.o
    0x00029448   0x00000168   Code   RO         1391    i.nrf_ble_gatt_on_ble_evt  nrf_ble_gatt.o
    0x000295b0   0x0000000e   Code   RO         1946    i.nrf_clock_event_check  nrfx_clock.o
    0x000295be   0x00000010   Code   RO         1947    i.nrf_clock_event_clear  nrfx_clock.o
    0x000295ce   0x00000002   PAD
    0x000295d0   0x00000038   Code   RO         1758    i.nrf_drv_clock_init  nrf_drv_clock.o
    0x00029608   0x00000030   Code   RO         1762    i.nrf_drv_clock_lfclk_release  nrf_drv_clock.o
    0x00029638   0x00000068   Code   RO         1893    i.nrf_drv_uart_init  nrf_drv_uart.o
    0x000296a0   0x00000020   Code   RO         4213    i.nrf_drv_uart_rx   app_uart_fifo.o
    0x000296c0   0x00000020   Code   RO         4214    i.nrf_drv_uart_tx   app_uart_fifo.o
    0x000296e0   0x0000001a   Code   RO         3689    i.nrf_fprintf       nrf_fprintf.o
    0x000296fa   0x00000018   Code   RO         3690    i.nrf_fprintf_buffer_flush  nrf_fprintf.o
    0x00029712   0x000001da   Code   RO         3730    i.nrf_fprintf_fmt   nrf_fprintf_format.o
    0x000298ec   0x00000018   Code   RO         3856    i.nrf_fstorage_sdh_req_handler  nrf_fstorage_sd.o
    0x00029904   0x00000020   Code   RO         3857    i.nrf_fstorage_sdh_state_handler  nrf_fstorage_sd.o
    0x00029924   0x000000a4   Code   RO         3858    i.nrf_fstorage_sys_evt_handler  nrf_fstorage_sd.o
    0x000299c8   0x00000024   Code   RO          555    i.nrf_gpio_cfg      boards.o
    0x000299ec   0x00000024   Code   RO         2083    i.nrf_gpio_cfg      nrfx_gpiote.o
    0x00029a10   0x00000024   Code   RO         2425    i.nrf_gpio_cfg      nrfx_uart.o
    0x00029a34   0x00000024   Code   RO         2614    i.nrf_gpio_cfg      nrfx_uarte.o
    0x00029a58   0x00000012   Code   RO         2427    i.nrf_gpio_cfg_input  nrfx_uart.o
    0x00029a6a   0x00000012   Code   RO         2616    i.nrf_gpio_cfg_input  nrfx_uarte.o
    0x00029a7c   0x00000010   Code   RO           17    i.nrf_gpio_cfg_output  main.o
    0x00029a8c   0x00000014   Code   RO         2428    i.nrf_gpio_cfg_output  nrfx_uart.o
    0x00029aa0   0x00000014   Code   RO         2617    i.nrf_gpio_cfg_output  nrfx_uarte.o
    0x00029ab4   0x00000022   Code   RO         2085    i.nrf_gpio_cfg_sense_set  nrfx_gpiote.o
    0x00029ad6   0x0000000e   Code   RO           18    i.nrf_gpio_pin_clear  main.o
    0x00029ae4   0x0000000e   Code   RO           19    i.nrf_gpio_pin_set  main.o
    0x00029af2   0x00000016   Code   RO          556    i.nrf_gpio_pin_write  boards.o
    0x00029b08   0x00000028   Code   RO         2086    i.nrf_gpio_ports_read  nrfx_gpiote.o
    0x00029b30   0x00000014   Code   RO         2087    i.nrf_gpiote_event_clear  nrfx_gpiote.o
    0x00029b44   0x00000010   Code   RO         2088    i.nrf_gpiote_event_is_set  nrfx_gpiote.o
    0x00029b54   0x00000050   Code   RO         4554    i.nrf_log_backend_add  nrf_log_frontend.o
    0x00029ba4   0x00000002   Code   RO         4400    i.nrf_log_backend_rtt_flush  nrf_log_backend_rtt.o
    0x00029ba6   0x00000004   Code   RO         4401    i.nrf_log_backend_rtt_init  nrf_log_backend_rtt.o
    0x00029baa   0x00000002   Code   RO         4402    i.nrf_log_backend_rtt_panic_set  nrf_log_backend_rtt.o
    0x00029bac   0x00000018   Code   RO         4403    i.nrf_log_backend_rtt_put  nrf_log_backend_rtt.o
    0x00029bc4   0x000000c8   Code   RO         4462    i.nrf_log_backend_serial_put  nrf_log_backend_serial.o
    0x00029c8c   0x00000030   Code   RO         4556    i.nrf_log_color_id_get  nrf_log_frontend.o
    0x00029cbc   0x0000001c   Code   RO         4514    i.nrf_log_default_backends_init  nrf_log_default_backends.o
    0x00029cd8   0x00000220   Code   RO         4557    i.nrf_log_frontend_dequeue  nrf_log_frontend.o
    0x00029ef8   0x00000008   Code   RO         4559    i.nrf_log_frontend_std_0  nrf_log_frontend.o
    0x00029f00   0x0000000e   Code   RO         4560    i.nrf_log_frontend_std_1  nrf_log_frontend.o
    0x00029f0e   0x00000010   Code   RO         4561    i.nrf_log_frontend_std_2  nrf_log_frontend.o
    0x00029f1e   0x00000012   Code   RO         4562    i.nrf_log_frontend_std_3  nrf_log_frontend.o
    0x00029f30   0x0000001c   Code   RO         4564    i.nrf_log_frontend_std_5  nrf_log_frontend.o
    0x00029f4c   0x000000ac   Code   RO         4734    i.nrf_log_hexdump_entry_process  nrf_log_str_formatter.o
    0x00029ff8   0x00000058   Code   RO         4566    i.nrf_log_init      nrf_log_frontend.o
    0x0002a050   0x00000014   Code   RO         4567    i.nrf_log_module_cnt_get  nrf_log_frontend.o
    0x0002a064   0x0000001c   Code   RO         4570    i.nrf_log_module_name_get  nrf_log_frontend.o
    0x0002a080   0x00000028   Code   RO         4571    i.nrf_log_panic     nrf_log_frontend.o
    0x0002a0a8   0x000000b6   Code   RO         4735    i.nrf_log_std_entry_process  nrf_log_str_formatter.o
    0x0002a15e   0x00000060   Code   RO         3968    i.nrf_memobj_alloc  nrf_memobj.o
    0x0002a1be   0x00000032   Code   RO         3969    i.nrf_memobj_free   nrf_memobj.o
    0x0002a1f0   0x00000008   Code   RO         3970    i.nrf_memobj_get    nrf_memobj.o
    0x0002a1f8   0x00000004   Code   RO         3971    i.nrf_memobj_pool_init  nrf_memobj.o
    0x0002a1fc   0x0000001e   Code   RO         3972    i.nrf_memobj_put    nrf_memobj.o
    0x0002a21a   0x0000000c   Code   RO         3973    i.nrf_memobj_read   nrf_memobj.o
    0x0002a226   0x0000000c   Code   RO         3974    i.nrf_memobj_write  nrf_memobj.o
    0x0002a232   0x00000002   PAD
    0x0002a234   0x00000028   Code   RO         4033    i.nrf_pwr_mgmt_init  nrf_pwr_mgmt.o
    0x0002a25c   0x00000044   Code   RO         4034    i.nrf_pwr_mgmt_run  nrf_pwr_mgmt.o
    0x0002a2a0   0x0000000c   Code   RO         2766    i.nrf_rtc_event_clear  nrfx_rtc.o
    0x0002a2ac   0x00000014   Code   RO         5180    i.nrf_sdh_ble_app_ram_start_get  nrf_sdh_ble.o
    0x0002a2c0   0x00000158   Code   RO         5181    i.nrf_sdh_ble_default_cfg_set  nrf_sdh_ble.o
    0x0002a418   0x0000012c   Code   RO         5182    i.nrf_sdh_ble_enable  nrf_sdh_ble.o
    0x0002a544   0x000000a8   Code   RO         5183    i.nrf_sdh_ble_evts_poll  nrf_sdh_ble.o
    0x0002a5ec   0x00000054   Code   RO         5047    i.nrf_sdh_disable_request  nrf_sdh.o
    0x0002a640   0x00000078   Code   RO         5048    i.nrf_sdh_enable_request  nrf_sdh.o
    0x0002a6b8   0x00000024   Code   RO         5049    i.nrf_sdh_evts_poll  nrf_sdh.o
    0x0002a6dc   0x0000000c   Code   RO         5050    i.nrf_sdh_is_enabled  nrf_sdh.o
    0x0002a6e8   0x0000001c   Code   RO         5052    i.nrf_sdh_request_continue  nrf_sdh.o
    0x0002a704   0x00000080   Code   RO         5231    i.nrf_sdh_soc_evts_poll  nrf_sdh_soc.o
    0x0002a784   0x0000000a   Code   RO         4102    i.nrf_section_iter_init  nrf_section_iter.o
    0x0002a78e   0x00000024   Code   RO         4103    i.nrf_section_iter_item_set  nrf_section_iter.o
    0x0002a7b2   0x00000020   Code   RO         4104    i.nrf_section_iter_next  nrf_section_iter.o
    0x0002a7d2   0x00000002   PAD
    0x0002a7d4   0x00000038   Code   RO         4137    i.nrf_strerror_find  nrf_strerror.o
    0x0002a80c   0x00000014   Code   RO         4138    i.nrf_strerror_get  nrf_strerror.o
    0x0002a820   0x0000000a   Code   RO         2429    i.nrf_uart_event_check  nrfx_uart.o
    0x0002a82a   0x0000000c   Code   RO         2430    i.nrf_uart_event_clear  nrfx_uart.o
    0x0002a836   0x0000000c   Code   RO         2431    i.nrf_uart_int_enable_check  nrfx_uart.o
    0x0002a842   0x0000000a   Code   RO         2618    i.nrf_uarte_event_check  nrfx_uarte.o
    0x0002a84c   0x0000000c   Code   RO         2619    i.nrf_uarte_event_clear  nrfx_uarte.o
    0x0002a858   0x0000002c   Code   RO         1952    i.nrfx_clock_enable  nrfx_clock.o
    0x0002a884   0x00000020   Code   RO         1955    i.nrfx_clock_init   nrfx_clock.o
    0x0002a8a4   0x0000001c   Code   RO         1958    i.nrfx_clock_lfclk_stop  nrfx_clock.o
    0x0002a8c0   0x00000010   Code   RO         3112    i.nrfx_coredep_delay_us  app_timer.o
    0x0002a8d0   0x00000048   Code   RO         2092    i.nrfx_gpiote_in_event_disable  nrfx_gpiote.o
    0x0002a918   0x000000a4   Code   RO         2093    i.nrfx_gpiote_in_event_enable  nrfx_gpiote.o
    0x0002a9bc   0x000000d0   Code   RO         2094    i.nrfx_gpiote_in_init  nrfx_gpiote.o
    0x0002aa8c   0x00000014   Code   RO         2095    i.nrfx_gpiote_in_is_set  nrfx_gpiote.o
    0x0002aaa0   0x00000070   Code   RO         2097    i.nrfx_gpiote_init  nrfx_gpiote.o
    0x0002ab10   0x00000014   Code   RO         2098    i.nrfx_gpiote_is_init  nrfx_gpiote.o
    0x0002ab24   0x00000010   Code   RO         2620    i.nrfx_is_in_ram    nrfx_uarte.o
    0x0002ab34   0x0000003a   Code   RO         2374    i.nrfx_prs_acquire  nrfx_prs.o
    0x0002ab6e   0x00000002   PAD
    0x0002ab70   0x00000018   Code   RO         2770    i.nrfx_rtc_enable   nrfx_rtc.o
    0x0002ab88   0x0000008c   Code   RO         2771    i.nrfx_rtc_init     nrfx_rtc.o
    0x0002ac14   0x00000024   Code   RO         2776    i.nrfx_rtc_tick_enable  nrfx_rtc.o
    0x0002ac38   0x00000010   Code   RO         2432    i.nrfx_uart_0_irq_handler  nrfx_uart.o
    0x0002ac48   0x000000d4   Code   RO         2434    i.nrfx_uart_init    nrfx_uart.o
    0x0002ad1c   0x000000ec   Code   RO         2435    i.nrfx_uart_rx      nrfx_uart.o
    0x0002ae08   0x000000a4   Code   RO         2440    i.nrfx_uart_tx      nrfx_uart.o
    0x0002aeac   0x00000020   Code   RO         2442    i.nrfx_uart_tx_in_progress  nrfx_uart.o
    0x0002aecc   0x00000010   Code   RO         2621    i.nrfx_uarte_0_irq_handler  nrfx_uarte.o
    0x0002aedc   0x0000006c   Code   RO         2623    i.nrfx_uarte_init   nrfx_uarte.o
    0x0002af48   0x00000104   Code   RO         2624    i.nrfx_uarte_rx     nrfx_uarte.o
    0x0002b04c   0x00000090   Code   RO         2627    i.nrfx_uarte_tx     nrfx_uarte.o
    0x0002b0dc   0x0000001c   Code   RO         2629    i.nrfx_uarte_tx_in_progress  nrfx_uarte.o
    0x0002b0f8   0x000001f4   Code   RO           20    i.on_adv_report     main.o
    0x0002b2ec   0x00000114   Code   RO         1212    i.on_characteristic_discovery_rsp  ble_db_discovery.o
    0x0002b400   0x000000a0   Code   RO         1392    i.on_connected_evt  nrf_ble_gatt.o
    0x0002b4a0   0x000000f0   Code   RO         1213    i.on_descriptor_discovery_rsp  ble_db_discovery.o
    0x0002b590   0x000000a4   Code   RO         1393    i.on_exchange_mtu_request_evt  nrf_ble_gatt.o
    0x0002b634   0x0000006c   Code   RO         1214    i.on_primary_srv_discovery_rsp  ble_db_discovery.o
    0x0002b6a0   0x0000007c   Code   RO         1215    i.on_srv_disc_completion  ble_db_discovery.o
    0x0002b71c   0x00000018   Code   RO         2114    i.pin_in_use_by_port  nrfx_gpiote.o
    0x0002b734   0x00000018   Code   RO         2115    i.pin_in_use_by_te  nrfx_gpiote.o
    0x0002b74c   0x0000003c   Code   RO         4737    i.postfix_process   nrf_log_str_formatter.o
    0x0002b788   0x00000098   Code   RO         4738    i.prefix_process    nrf_log_str_formatter.o
    0x0002b820   0x00000018   Code   RO         2376    i.prs_box_get       nrfx_prs.o
    0x0002b838   0x00000014   Code   RO         3859    i.queue_free        nrf_fstorage_sd.o
    0x0002b84c   0x000000a0   Code   RO         3860    i.queue_process     nrf_fstorage_sd.o
    0x0002b8ec   0x00000038   Code   RO         1216    i.registered_handler_get  ble_db_discovery.o
    0x0002b924   0x0000003c   Code   RO         3113    i.rtc1_stop         app_timer.o
    0x0002b960   0x00000018   Code   RO          434    i.rtcCallbackFunc   board_rtc.o
    0x0002b978   0x00000032   Code   RO         2444    i.rx_byte           nrfx_uart.o
    0x0002b9aa   0x00000016   Code   RO         2445    i.rx_done_event     nrfx_uart.o
    0x0002b9c0   0x00000018   Code   RO         2631    i.rx_done_event     nrfx_uarte.o
    0x0002b9d8   0x00000020   Code   RO         2446    i.rx_enable         nrfx_uart.o
    0x0002b9f8   0x0000005c   Code   RO           21    i.scan_start        main.o
    0x0002ba54   0x00000042   Code   RO         5055    i.sd_nvic_SetPriority  nrf_sdh.o
    0x0002ba96   0x00000002   PAD
    0x0002ba98   0x00000050   Code   RO         1765    i.sd_state_evt_handler  nrf_drv_clock.o
    0x0002bae8   0x00000030   Code   RO         5056    i.sdh_request_observer_notify  nrf_sdh.o
    0x0002bb18   0x0000002c   Code   RO         5057    i.sdh_state_observer_notify  nrf_sdh.o
    0x0002bb44   0x00000050   Code   RO         4404    i.serial_tx         nrf_log_backend_rtt.o
    0x0002bb94   0x00000018   Code   RO         1766    i.soc_evt_handler   nrf_drv_clock.o
    0x0002bbac   0x00000078   Code   RO         5058    i.softdevice_evt_irq_disable  nrf_sdh.o
    0x0002bc24   0x00000090   Code   RO         5059    i.softdevices_evt_irq_enable  nrf_sdh.o
    0x0002bcb4   0x0000008c   Code   RO         4573    i.std_n             nrf_log_frontend.o
    0x0002bd40   0x0000006c   Code   RO         5060    i.swi_interrupt_priority_workaround  nrf_sdh.o
    0x0002bdac   0x00000080   Code   RO         3114    i.timer_list_handler  app_timer.o
    0x0002be2c   0x0000003c   Code   RO         3115    i.timer_list_insert  app_timer.o
    0x0002be68   0x00000060   Code   RO         3116    i.timer_list_remove  app_timer.o
    0x0002bec8   0x00000048   Code   RO         3117    i.timer_stop_op_schedule  app_timer.o
    0x0002bf10   0x00000074   Code   RO         3118    i.timer_timeouts_check  app_timer.o
    0x0002bf84   0x00000048   Code   RO         1669    i.tx_buffer_process  ble_lbs_c.o
    0x0002bfcc   0x00000020   Code   RO         2447    i.tx_byte           nrfx_uart.o
    0x0002bfec   0x0000001a   Code   RO         2448    i.tx_done_event     nrfx_uart.o
    0x0002c006   0x00000002   PAD
    0x0002c008   0x000000fc   Code   RO           22    i.uart_event_handle  main.o
    0x0002c104   0x000000a0   Code   RO         4215    i.uart_event_handler  app_uart_fifo.o
    0x0002c1a4   0x00000030   Code   RO         1894    i.uart_evt_handler  nrf_drv_uart.o
    0x0002c1d4   0x00000128   Code   RO         2449    i.uart_irq_handler  nrfx_uart.o
    0x0002c2fc   0x00000030   Code   RO         1895    i.uarte_evt_handler  nrf_drv_uart.o
    0x0002c32c   0x000000f4   Code   RO         2632    i.uarte_irq_handler  nrfx_uarte.o
    0x0002c420   0x000000b4   Code   RO         3731    i.unsigned_print    nrf_fprintf_format.o
    0x0002c4d4   0x00000030   Code   RO         3119    i.user_op_alloc     app_timer.o
    0x0002c504   0x00000030   Data   RO           25    .constdata          main.o
    0x0002c534   0x00000010   Data   RO          435    .constdata          board_rtc.o
    0x0002c544   0x00000008   Data   RO          557    .constdata          boards.o
    0x0002c54c   0x0000007c   Data   RO         1218    .constdata          ble_db_discovery.o
    0x0002c5c8   0x00000016   Data   RO         1394    .constdata          nrf_ble_gatt.o
    0x0002c5de   0x00000002   PAD
    0x0002c5e0   0x0000001c   Data   RO         1671    .constdata          ble_lbs_c.o
    0x0002c5fc   0x00000004   Data   RO         2117    .constdata          nrfx_gpiote.o
    0x0002c600   0x00000004   Data   RO         2452    .constdata          nrfx_uart.o
    0x0002c604   0x00000004   Data   RO         2635    .constdata          nrfx_uarte.o
    0x0002c608   0x00000008   Data   RO         2886    .constdata          app_button.o
    0x0002c610   0x00000006   Data   RO         3121    .constdata          app_timer.o
    0x0002c616   0x00000010   Data   RO         3732    .constdata          nrf_fprintf_format.o
    0x0002c626   0x00000002   PAD
    0x0002c628   0x00000010   Data   RO         3868    .constdata          nrf_fstorage_sd.o
    0x0002c638   0x00000018   Data   RO         4038    .constdata          nrf_pwr_mgmt.o
    0x0002c650   0x0000000c   Data   RO         4039    .constdata          nrf_pwr_mgmt.o
    0x0002c65c   0x0000013c   Data   RO         4139    .constdata          nrf_strerror.o
    0x0002c798   0x00000020   Data   RO         4217    .constdata          app_uart_fifo.o
    0x0002c7b8   0x0000000c   Data   RO         4406    .constdata          nrf_log_backend_rtt.o
    0x0002c7c4   0x0000000c   PAD
    0x0002c7d0   0x00000006   Data   RO         4407    .constdata          nrf_log_backend_rtt.o
    0x0002c7d6   0x00000002   PAD
    0x0002c7d8   0x00000010   Data   RO         5061    .constdata          nrf_sdh.o
    0x0002c7e8   0x00000028   Data   RO         5062    .constdata          nrf_sdh.o
    0x0002c810   0x00000010   Data   RO         5063    .constdata          nrf_sdh.o
    0x0002c820   0x00000010   Data   RO         5064    .constdata          nrf_sdh.o
    0x0002c830   0x00000020   Data   RO         5184    .constdata          nrf_sdh_ble.o
    0x0002c850   0x00000010   Data   RO         5185    .constdata          nrf_sdh_ble.o
    0x0002c860   0x00000010   Data   RO         5232    .constdata          nrf_sdh_soc.o
    0x0002c870   0x0000000c   Data   RO         5233    .constdata          nrf_sdh_soc.o
    0x0002c87c   0x00000081   Data   RO         5315    .constdata          mc_w.l(ctype_o.o)
    0x0002c8fd   0x00000003   PAD
    0x0002c900   0x00000004   Data   RO         5316    .constdata          mc_w.l(ctype_o.o)
    0x0002c904   0x0000002e   Data   RO           26    .conststring        main.o
    0x0002c932   0x00000002   PAD
    0x0002c934   0x000000a2   Data   RO         1395    .conststring        nrf_ble_gatt.o
    0x0002c9d6   0x00000002   PAD
    0x0002c9d8   0x000003eb   Data   RO         4140    .conststring        nrf_strerror.o
    0x0002cdc3   0x00000001   PAD
    0x0002cdc4   0x00000066   Data   RO         4739    .conststring        nrf_log_str_formatter.o
    0x0002ce2a   0x00000002   PAD
    0x0002ce2c   0x000001cf   Data   RO         5186    .conststring        nrf_sdh_ble.o
    0x0002cffb   0x00000001   PAD
    0x0002cffc   0x0000000c   Data   RO         1219    .conststrlit        ble_db_discovery.o
    0x0002d008   0x0000000d   Data   RO         1396    .conststrlit        nrf_ble_gatt.o
    0x0002d015   0x00000003   PAD
    0x0002d018   0x0000000a   Data   RO         1672    .conststrlit        ble_lbs_c.o
    0x0002d022   0x00000002   PAD
    0x0002d024   0x00000006   Data   RO         1772    .conststrlit        nrf_drv_clock.o
    0x0002d02a   0x00000002   PAD
    0x0002d02c   0x00000006   Data   RO         1962    .conststrlit        nrfx_clock.o
    0x0002d032   0x00000002   PAD
    0x0002d034   0x00000007   Data   RO         2121    .conststrlit        nrfx_gpiote.o
    0x0002d03b   0x00000001   PAD
    0x0002d03c   0x00000004   Data   RO         2378    .conststrlit        nrfx_prs.o
    0x0002d040   0x00000005   Data   RO         2455    .conststrlit        nrfx_uart.o
    0x0002d045   0x00000003   PAD
    0x0002d048   0x00000006   Data   RO         2638    .conststrlit        nrfx_uarte.o
    0x0002d04e   0x00000002   PAD
    0x0002d050   0x00000004   Data   RO         2781    .conststrlit        nrfx_rtc.o
    0x0002d054   0x0000000d   Data   RO         3780    .conststrlit        nrf_fstorage.o
    0x0002d061   0x00000003   PAD
    0x0002d064   0x0000000e   Data   RO         3870    .conststrlit        nrf_fstorage_sd.o
    0x0002d072   0x00000002   PAD
    0x0002d074   0x00000009   Data   RO         4040    .conststrlit        nrf_pwr_mgmt.o
    0x0002d07d   0x00000003   PAD
    0x0002d080   0x00000018   Data   RO         4576    .conststrlit        nrf_log_frontend.o
    0x0002d098   0x00000008   Data   RO         5065    .conststrlit        nrf_sdh.o
    0x0002d0a0   0x0000000c   Data   RO         5187    .conststrlit        nrf_sdh_ble.o
    0x0002d0ac   0x0000000c   Data   RO         5234    .conststrlit        nrf_sdh_soc.o
    0x0002d0b8   0x00000020   Data   RO         5650    Region$$Table       anon$$obj.o
    0x0002d0d8   0x00000008   Data   RO         1221    log_const_data      ble_db_discovery.o
    0x0002d0e0   0x00000008   Data   RO         1397    log_const_data      nrf_ble_gatt.o
    0x0002d0e8   0x00000008   Data   RO         1674    log_const_data      ble_lbs_c.o
    0x0002d0f0   0x00000008   Data   RO         1773    log_const_data      nrf_drv_clock.o
    0x0002d0f8   0x00000008   Data   RO         1964    log_const_data      nrfx_clock.o
    0x0002d100   0x00000008   Data   RO         2122    log_const_data      nrfx_gpiote.o
    0x0002d108   0x00000008   Data   RO         2380    log_const_data      nrfx_prs.o
    0x0002d110   0x00000008   Data   RO         2456    log_const_data      nrfx_uart.o
    0x0002d118   0x00000008   Data   RO         2639    log_const_data      nrfx_uarte.o
    0x0002d120   0x00000008   Data   RO         2783    log_const_data      nrfx_rtc.o
    0x0002d128   0x00000008   Data   RO         3781    log_const_data      nrf_fstorage.o
    0x0002d130   0x00000008   Data   RO         3873    log_const_data      nrf_fstorage_sd.o
    0x0002d138   0x00000008   Data   RO         4042    log_const_data      nrf_pwr_mgmt.o
    0x0002d140   0x00000010   Data   RO         4579    log_const_data      nrf_log_frontend.o
    0x0002d150   0x00000008   Data   RO         5067    log_const_data      nrf_sdh.o
    0x0002d158   0x00000008   Data   RO         5189    log_const_data      nrf_sdh_ble.o
    0x0002d160   0x00000008   Data   RO         5235    log_const_data      nrf_sdh_soc.o
    0x0002d168   0x00000018   Data   RO         4581    nrf_balloc          nrf_log_frontend.o
    0x0002d180   0x00000008   Data   RO         1059    sdh_ble_observers0  ble_conn_state.o
    0x0002d188   0x00000028   Data   RO           32    sdh_ble_observers1  main.o
    0x0002d1b0   0x00000008   Data   RO          775    sdh_ble_observers1  bsp_btn_ble.o
    0x0002d1b8   0x00000020   Data   RO           33    sdh_ble_observers2  main.o
    0x0002d1d8   0x00000008   Data   RO           34    sdh_ble_observers3  main.o
    0x0002d1e0   0x00000008   Data   RO         3875    sdh_req_observers0  nrf_fstorage_sd.o
    0x0002d1e8   0x00000008   Data   RO         1775    sdh_soc_observers0  nrf_drv_clock.o
    0x0002d1f0   0x00000008   Data   RO         3876    sdh_soc_observers0  nrf_fstorage_sd.o
    0x0002d1f8   0x00000008   Data   RO         5191    sdh_stack_observers0  nrf_sdh_ble.o
    0x0002d200   0x00000008   Data   RO         5237    sdh_stack_observers0  nrf_sdh_soc.o
    0x0002d208   0x00000008   Data   RO         1776    sdh_state_observers0  nrf_drv_clock.o
    0x0002d210   0x00000008   Data   RO         3877    sdh_state_observers0  nrf_fstorage_sd.o


    Execution Region RW_IRAM1 (Base: 0x20006c98, Size: 0x00003f28, Max: 0x0000bc98, ABSOLUTE, COMPRESSED[0x0000007c])

    Base Addr    Size         Type   Attr      Idx    E Section Name        Object

    0x20006c98   0x00000b68   Data   RW           27    .data               main.o
    0x20007800   0x00000004   Data   RW          436    .data               board_rtc.o
    0x20007804   0x00000008   Data   RW          774    .data               bsp_btn_ble.o
    0x2000780c   0x00000010   Data   RW         1220    .data               ble_db_discovery.o
    0x2000781c   0x00000008   Data   RW         1673    .data               ble_lbs_c.o
    0x20007824   0x0000000c   Data   RW         1896    .data               nrf_drv_uart.o
    0x20007830   0x00000008   Data   RW         1963    .data               nrfx_clock.o
    0x20007838   0x00000008   Data   RW         2379    .data               nrfx_prs.o
    0x20007840   0x00000008   Data   RW         2782    .data               nrfx_rtc.o
    0x20007848   0x00000020   Data   RW         2887    .data               app_button.o
    0x20007868   0x00000014   Data   RW         3122    .data               app_timer.o
    0x2000787c   0x00000014   Data   RW         3871    .data               nrf_fstorage_sd.o
    0x20007890   0x00000008   Data   RW         3872    .data               nrf_fstorage_sd.o
    0x20007898   0x00000008   Data   RW         4041    .data               nrf_pwr_mgmt.o
    0x200078a0   0x00000004   Data   RW         4172    .data               retarget.o
    0x200078a4   0x0000001c   Data   RW         4218    .data               app_uart_fifo.o
    0x200078c0   0x00000001   Data   RW         4408    .data               nrf_log_backend_rtt.o
    0x200078c1   0x00000003   PAD
    0x200078c4   0x0000000c   Data   RW         4515    .data               nrf_log_default_backends.o
    0x200078d0   0x00000008   Data   RW         4577    .data               nrf_log_frontend.o
    0x200078d8   0x00000008   Data   RW         4578    .data               nrf_log_frontend.o
    0x200078e0   0x00000040   Data   RW         4740    .data               nrf_log_str_formatter.o
    0x20007920   0x00000003   Data   RW         5066    .data               nrf_sdh.o
    0x20007923   0x00000001   Data   RW         5188    .data               nrf_sdh_ble.o
    0x20007924   0x00000004   Data   RW         5272    .data               system_nrf52.o
    0x20007928   0x00000004   Data   RW         1222    log_dynamic_data    ble_db_discovery.o
    0x2000792c   0x00000004   Data   RW         1398    log_dynamic_data    nrf_ble_gatt.o
    0x20007930   0x00000004   Data   RW         1675    log_dynamic_data    ble_lbs_c.o
    0x20007934   0x00000004   Data   RW         1774    log_dynamic_data    nrf_drv_clock.o
    0x20007938   0x00000004   Data   RW         1965    log_dynamic_data    nrfx_clock.o
    0x2000793c   0x00000004   Data   RW         2123    log_dynamic_data    nrfx_gpiote.o
    0x20007940   0x00000004   Data   RW         2381    log_dynamic_data    nrfx_prs.o
    0x20007944   0x00000004   Data   RW         2457    log_dynamic_data    nrfx_uart.o
    0x20007948   0x00000004   Data   RW         2640    log_dynamic_data    nrfx_uarte.o
    0x2000794c   0x00000004   Data   RW         2784    log_dynamic_data    nrfx_rtc.o
    0x20007950   0x00000004   Data   RW         3782    log_dynamic_data    nrf_fstorage.o
    0x20007954   0x00000004   Data   RW         3874    log_dynamic_data    nrf_fstorage_sd.o
    0x20007958   0x00000004   Data   RW         4043    log_dynamic_data    nrf_pwr_mgmt.o
    0x2000795c   0x00000008   Data   RW         4580    log_dynamic_data    nrf_log_frontend.o
    0x20007964   0x00000004   Data   RW         5068    log_dynamic_data    nrf_sdh.o
    0x20007968   0x00000004   Data   RW         5190    log_dynamic_data    nrf_sdh_ble.o
    0x2000796c   0x00000004   Data   RW         5236    log_dynamic_data    nrf_sdh_soc.o
    0x20007970   0x00000360   Zero   RW           23    .bss                main.o
    0x20007cd0   0x0000001f   Zero   RW           24    .bss                main.o
    0x20007cef   0x0000000c   Zero   RW          670    .bss                bsp.o
    0x20007cfb   0x00000001   PAD
    0x20007cfc   0x00000078   Zero   RW         1058    .bss                ble_conn_state.o
    0x20007d74   0x00000318   Zero   RW         1217    .bss                ble_db_discovery.o
    0x2000808c   0x000000a0   Zero   RW         1670    .bss                ble_lbs_c.o
    0x2000812c   0x00000014   Zero   RW         1767    .bss                nrf_drv_clock.o
    0x20008140   0x0000005c   Zero   RW         2116    .bss                nrfx_gpiote.o
    0x2000819c   0x0000002c   Zero   RW         2450    .bss                nrfx_uart.o
    0x200081c8   0x00000024   Zero   RW         2633    .bss                nrfx_uarte.o
    0x200081ec   0x00000020   Zero   RW         2885    .bss                app_button.o
    0x2000820c   0x00000020   Zero   RW         2946    .bss                app_error.o
    0x2000822c   0x0000010c   Zero   RW         3120    .bss                app_timer.o
    0x20008338   0x0000000c   Zero   RW         3270    .bss                app_util_platform.o
    0x20008344   0x000000a0   Zero   RW         3867    .bss                nrf_fstorage_sd.o
    0x200083e4   0x0000000c   Zero   RW         4037    .bss                nrf_pwr_mgmt.o
    0x200083f0   0x00000020   Zero   RW         4216    .bss                app_uart_fifo.o
    0x20008410   0x00000040   Zero   RW         4405    .bss                nrf_log_backend_rtt.o
    0x20008450   0x000000c0   Zero   RW         4574    .bss                nrf_log_frontend.o
    0x20008510   0x00000424   Zero   RW         4575    .bss                nrf_log_frontend.o
    0x20008934   0x00000288   Zero   RW         4816    .bss                segger_rtt.o
    0x20008bbc   0x00000004   PAD
    0x20008bc0   0x00002000   Zero   RW         5260    STACK               arm_startup_nrf52.o


==============================================================================

Image component sizes


      Code (inc. data)   RO Data    RW Data    ZI Data      Debug   Object Name

       488         46          8         32         32      13711   app_button.o
       100          4          0          0         32       3382   app_error.o
        26          0          0          0          0        564   app_error_handler_keil.o
       372        190          0          0          0       4818   app_error_weak.o
       118          0          0          0          0       4422   app_fifo.o
      1506        118          6         20        268      48319   app_timer.o
       588        120         32         28         32      21534   app_uart_fifo.o
       124         14          0          0         12       9426   app_util_platform.o
        36          8        512          0       8192        920   arm_startup_nrf52.o
       124          0          0          0          0      29039   ble_advdata.o
         0          0          0          0          0       5048   ble_advertising.o
       458         74          8          0        120       7971   ble_conn_state.o
      1658         78        144         20        792      18847   ble_db_discovery.o
       626         30         46         12        160      18490   ble_lbs_c.o
       180         86         16          4          0      43484   board_rtc.o
       192         16          8          0          0       9153   boards.o
        68          4          0          0         12       6732   bsp.o
       182          6          8          8          0       7432   bsp_btn_ble.o
      2958        770        174       2920        895     135363   main.o
       244          0          0          0          0       5637   nrf_atfifo.o
        64          0          0          0          0       2940   nrf_atflags.o
       306          0          0          0          0       7959   nrf_atomic.o
       164          0          0          0          0       3620   nrf_balloc.o
       938        254        205          4          0      36168   nrf_ble_gatt.o
       276         34         30          4         20      37622   nrf_drv_clock.o
       200         26          0         12          0      17624   nrf_drv_uart.o
        50          0          0          0          0       3509   nrf_fprintf.o
       850          4         16          0          0       5450   nrf_fprintf_format.o
         0          0         21          4          0       1789   nrf_fstorage.o
       484         42         62         32        160       9649   nrf_fstorage_sd.o
       112         18         18          1         64       6289   nrf_log_backend_rtt.o
       200          0          0          0          0      10771   nrf_log_backend_serial.o
        28          6          0         12          0       3170   nrf_log_default_backends.o
      1536        118         64         24       1252      31571   nrf_log_frontend.o
       566        108        102         64          0       5760   nrf_log_str_formatter.o
       330          0          0          0          0       8099   nrf_memobj.o
       108         16         53         12         12      36419   nrf_pwr_mgmt.o
       872        242        104          7          0      43860   nrf_sdh.o
       832        288        539          5          0       5985   nrf_sdh_ble.o
       128         68         56          4          0       2564   nrf_sdh_soc.o
        78          0          0          0          0       2756   nrf_section_iter.o
        76         10       1319          0          0       2719   nrf_strerror.o
       222         28         14         12          0      41244   nrfx_clock.o
      1298         98         19          4         92      59405   nrfx_gpiote.o
        94         16         12         12          0       3817   nrfx_prs.o
       388         20         12         12          0      11379   nrfx_rtc.o
      1362         36         17          4         44      31146   nrfx_uart.o
      1200         38         18          4         36      23761   nrfx_uarte.o
        14          0          0          4          0       2854   retarget.o
       378         34          0          0        648       8945   segger_rtt.o
       796         70          0          4          0      29534   system_nrf52.o

    ----------------------------------------------------------------------
     24040       3138       3724       3288      12880     892670   Object Totals
         0          0         32          0          0          0   (incl. Generated)
        42          0         49          3          5          0   (incl. Padding)

    ----------------------------------------------------------------------

      Code (inc. data)   RO Data    RW Data    ZI Data      Debug   Library Member Name

        86          0          0          0          0          0   __dczerorl2.o
         8          4        133          0          0         68   ctype_o.o
         0          0          0          0          0          0   entry.o
         0          0          0          0          0          0   entry10a.o
         0          0          0          0          0          0   entry11a.o
         8          4          0          0          0          0   entry2.o
         4          0          0          0          0          0   entry5.o
         0          0          0          0          0          0   entry7b.o
         0          0          0          0          0          0   entry8b.o
         8          4          0          0          0          0   entry9a.o
        30          0          0          0          0          0   handlers.o
        36          8          0          0          0         68   init.o
        30          0          0          0          0         68   llshl.o
        26          0          0          0          0         80   memcmp.o
        36          0          0          0          0         68   memcpya.o
        36          0          0          0          0        108   memseta.o
       916         20          0          0          0        504   printf6.o
        18          0          0          0          0         68   strcpy.o
        14          0          0          0          0         68   strlen.o
        44          0          0          0          0         80   uidiv.o

    ----------------------------------------------------------------------
      1308         40        136          0          0       1180   Library Totals
         8          0          3          0          0          0   (incl. Padding)

    ----------------------------------------------------------------------

      Code (inc. data)   RO Data    RW Data    ZI Data      Debug   Library Name

      1300         40        133          0          0       1180   mc_w.l

    ----------------------------------------------------------------------
      1308         40        136          0          0       1180   Library Totals

    ----------------------------------------------------------------------

==============================================================================


      Code (inc. data)   RO Data    RW Data    ZI Data      Debug   

     25348       3178       3860       3288      12880     865514   Grand Totals
     25348       3178       3860        124      12880     865514   ELF Image Totals (compressed)
     25348       3178       3860        124          0          0   ROM Totals

==============================================================================

    Total RO  Size (Code + RO Data)                29208 (  28.52kB)
    Total RW  Size (RW Data + ZI Data)             16168 (  15.79kB)
    Total ROM Size (Code + RO Data + RW Data)      29332 (  28.64kB)

==============================================================================

